2025-12-24 12:20:15.313	INFO    	logger.py:setup_session_logger():150 - Log Path: logs/FLAIRS39/875d727956d6487f8dc3ebbe748c341d/9d449df634e14e1c9d36a7c1c0958052
2025-12-24 12:20:15.316	WARNING 	core.py:init_session():158 - Session initialized: 9d449df6-34e1-4e1c-9d36-a7c1c0958052, 875d7279-56d6-487f-8dc3-ebbe748c341d, graph
2025-12-24 12:20:18.487	INFO    	emergency_main_graph.py:resume_from_persistence():143 - Initializing new graph run...
2025-12-24 12:20:18.511	DEBUG   	emergency_main_graph.py:run_graph():191 - [Node] Greeting
2025-12-24 12:20:18.514	DEBUG   	app.py:stream_policy_messages():135 - Streaming message: Hello! You're speaking with the emergency call services.
2025-12-24 12:20:19.162	INFO    	emergency_main_graph.py:resume_from_persistence():131 - Resuming from persisted graph state...
2025-12-24 12:20:19.164	INFO    	emergency_main_graph.py:resume_from_persistence():132 - [Node] Greeting
2025-12-24 12:20:19.165	DEBUG   	emergency_main_graph.py:resume_from_persistence():135 - Resumed State:	{}
2025-12-24 12:20:19.201	INFO    	settings.py:async_print():96 - Hello! You're speaking with the emergency call services.
2025-12-24 12:20:19.225	DEBUG   	emergency_main_graph.py:run_graph():191 - [Node] ChooseQuestion
2025-12-24 12:20:19.267	DEBUG   	emergency_main_graph.py:run_graph():191 - [Node] AskCaller
2025-12-24 12:20:19.269	DEBUG   	emergency_main_graph.py:run_graph():194 - AskCaller(question='With whom am I speaking, please?')
2025-12-24 12:20:19.271	DEBUG   	app.py:stream_policy_messages():135 - Streaming message: With whom am I speaking, please?
2025-12-24 12:20:37.057	INFO    	app.py:stream_policy_messages():113 - User message: hi my name i till schweiger
2025-12-24 12:20:37.088	INFO    	emergency_main_graph.py:resume_from_persistence():131 - Resuming from persisted graph state...
2025-12-24 12:20:37.090	INFO    	emergency_main_graph.py:resume_from_persistence():132 - [Node] AskCaller
2025-12-24 12:20:37.092	DEBUG   	emergency_main_graph.py:resume_from_persistence():135 - Resumed State:	{'emergency_type': <EmergencyType.INTRO: 'intro'>}
2025-12-24 12:20:38.708	DEBUG   	emergency_main_graph.py:run_graph():191 - [Node] EvaluateAgentOutput
2025-12-24 12:20:38.744	INFO    	nodes.py:run():221 - Model returned new data
2025-12-24 12:20:38.746	DEBUG   	nodes.py:run():222 - New extracted state: {'caller_name': 'till schweiger'}
2025-12-24 12:20:38.790	DEBUG   	emergency_main_graph.py:run_graph():191 - [Node] MergeState
2025-12-24 12:20:38.818	DEBUG   	nodes.py:run():254 - Old State:	{'emergency_type': <EmergencyType.INTRO: 'intro'>}
2025-12-24 12:20:38.820	DEBUG   	nodes.py:run():257 - New State:	{'caller_name': 'till schweiger'}
2025-12-24 12:20:38.821	DEBUG   	nodes.py:run():264 - Merged State:	{'caller_name': 'till schweiger', 'emergency_type': <EmergencyType.INTRO: 'intro'>}
2025-12-24 12:20:38.907	DEBUG   	emergency_main_graph.py:run_graph():191 - [Node] EvaluateState
2025-12-24 12:20:38.937	DEBUG   	nodes.py:run():286 - Evaluate State:	{'caller_name': 'till schweiger', 'emergency_type': <EmergencyType.INTRO: 'intro'>}
2025-12-24 12:20:38.995	DEBUG   	emergency_main_graph.py:run_graph():191 - [Node] ChooseQuestion
2025-12-24 12:20:39.087	DEBUG   	emergency_main_graph.py:run_graph():191 - [Node] AskCaller
2025-12-24 12:20:39.088	DEBUG   	emergency_main_graph.py:run_graph():194 - AskCaller(question='Where exactly is the emergency location?')
2025-12-24 12:20:39.090	DEBUG   	app.py:stream_policy_messages():135 - Streaming message: Where exactly is the emergency location?
2025-12-24 12:20:59.662	INFO    	app.py:stream_policy_messages():113 - User message: its at the first floor of our care unit, wernerstreet 1 in munich
2025-12-24 12:20:59.719	INFO    	emergency_main_graph.py:resume_from_persistence():131 - Resuming from persisted graph state...
2025-12-24 12:20:59.721	INFO    	emergency_main_graph.py:resume_from_persistence():132 - [Node] AskCaller
2025-12-24 12:20:59.722	DEBUG   	emergency_main_graph.py:resume_from_persistence():135 - Resumed State:	{'caller_name': 'till schweiger', 'emergency_type': <EmergencyType.INTRO: 'intro'>}
2025-12-24 12:21:01.503	DEBUG   	emergency_main_graph.py:run_graph():191 - [Node] EvaluateAgentOutput
2025-12-24 12:21:01.546	INFO    	nodes.py:run():221 - Model returned new data
2025-12-24 12:21:01.547	DEBUG   	nodes.py:run():222 - New extracted state: {'emergency_location': 'first floor of our care unit, wernerstreet 1 in munich'}
2025-12-24 12:21:01.632	DEBUG   	emergency_main_graph.py:run_graph():191 - [Node] MergeState
2025-12-24 12:21:01.679	DEBUG   	nodes.py:run():254 - Old State:	{'caller_name': 'till schweiger', 'emergency_type': <EmergencyType.INTRO: 'intro'>}
2025-12-24 12:21:01.681	DEBUG   	nodes.py:run():257 - New State:	{'emergency_location': 'first floor of our care unit, wernerstreet 1 in munich'}
2025-12-24 12:21:01.682	DEBUG   	nodes.py:run():264 - Merged State:	{'caller_name': 'till schweiger', 'emergency_location': 'first floor of our care unit, wernerstreet 1 in munich', 'emergency_type': <EmergencyType.INTRO: 'intro'>}
2025-12-24 12:21:01.776	DEBUG   	emergency_main_graph.py:run_graph():191 - [Node] EvaluateState
2025-12-24 12:21:01.826	DEBUG   	nodes.py:run():286 - Evaluate State:	{'caller_name': 'till schweiger', 'emergency_location': 'first floor of our care unit, wernerstreet 1 in munich', 'emergency_type': <EmergencyType.INTRO: 'intro'>}
2025-12-24 12:21:01.936	DEBUG   	emergency_main_graph.py:run_graph():191 - [Node] ChooseQuestion
2025-12-24 12:21:02.089	DEBUG   	emergency_main_graph.py:run_graph():191 - [Node] AskCaller
2025-12-24 12:21:02.090	DEBUG   	emergency_main_graph.py:run_graph():194 - AskCaller(question='What has just happened acutely?')
2025-12-24 12:21:02.092	DEBUG   	app.py:stream_policy_messages():135 - Streaming message: What has just happened acutely?
2025-12-24 12:21:17.172	INFO    	app.py:stream_policy_messages():113 - User message: a person just suffers cardiac arrest i dont know what to do
2025-12-24 12:21:17.257	INFO    	emergency_main_graph.py:resume_from_persistence():131 - Resuming from persisted graph state...
2025-12-24 12:21:17.259	INFO    	emergency_main_graph.py:resume_from_persistence():132 - [Node] AskCaller
2025-12-24 12:21:17.260	DEBUG   	emergency_main_graph.py:resume_from_persistence():135 - Resumed State:	{'caller_name': 'till schweiger', 'emergency_location': 'first floor of our care unit, wernerstreet 1 in munich', 'emergency_type': <EmergencyType.INTRO: 'intro'>}
2025-12-24 12:21:20.122	DEBUG   	emergency_main_graph.py:run_graph():191 - [Node] EvaluateAgentOutput
2025-12-24 12:21:20.186	INFO    	nodes.py:run():221 - Model returned new data
2025-12-24 12:21:20.187	DEBUG   	nodes.py:run():222 - New extracted state: {'cardiac_arrest': True, 'cpr_needed': True, 'rd1': True, 'rd2': True}
2025-12-24 12:21:20.314	DEBUG   	emergency_main_graph.py:run_graph():191 - [Node] MergeState
2025-12-24 12:21:20.382	DEBUG   	nodes.py:run():254 - Old State:	{'caller_name': 'till schweiger', 'emergency_location': 'first floor of our care unit, wernerstreet 1 in munich', 'emergency_type': <EmergencyType.INTRO: 'intro'>}
2025-12-24 12:21:20.384	DEBUG   	nodes.py:run():257 - New State:	{'cardiac_arrest': True, 'cpr_needed': True, 'rd1': True, 'rd2': True}
2025-12-24 12:21:20.386	DEBUG   	nodes.py:run():264 - Merged State:	{'cardiac_arrest': True, 'caller_name': 'till schweiger', 'emergency_location': 'first floor of our care unit, wernerstreet 1 in munich', 'emergency_type': <EmergencyType.INTRO: 'intro'>, 'cpr_needed': True, 'rd1': True, 'rd2': True}
2025-12-24 12:21:20.523	DEBUG   	emergency_main_graph.py:run_graph():191 - [Node] EvaluateState
2025-12-24 12:21:20.594	DEBUG   	nodes.py:run():286 - Evaluate State:	{'cardiac_arrest': True, 'caller_name': 'till schweiger', 'emergency_location': 'first floor of our care unit, wernerstreet 1 in munich', 'emergency_type': <EmergencyType.INTRO: 'intro'>, 'cpr_needed': True, 'rd1': True, 'rd2': True}
2025-12-24 12:21:20.736	DEBUG   	emergency_main_graph.py:run_graph():191 - [Node] TCPR
2025-12-24 12:21:20.955	DEBUG   	emergency_main_graph.py:run_graph():191 - [Node] Disposition
2025-12-24 12:21:20.957	DEBUG   	app.py:stream_policy_messages():135 - Streaming message: A Vehicle is on it's way to you. Please stand by.
2025-12-24 12:21:21.571	INFO    	emergency_main_graph.py:resume_from_persistence():131 - Resuming from persisted graph state...
2025-12-24 12:21:21.572	INFO    	emergency_main_graph.py:resume_from_persistence():132 - [Node] Disposition
2025-12-24 12:21:21.574	DEBUG   	emergency_main_graph.py:resume_from_persistence():135 - Resumed State:	{'cardiac_arrest': True, 'caller_name': 'till schweiger', 'emergency_location': 'first floor of our care unit, wernerstreet 1 in munich', 'emergency_type': <EmergencyType.MEDICAL: 'medical'>, 'cpr_needed': True, 'rd1': True, 'rd2': True}
2025-12-24 12:21:21.806	INFO    	nodes.py:run():478 - final state: {'cardiac_arrest': True, 'caller_name': 'till schweiger', 'emergency_location': 'first floor of our care unit, wernerstreet 1 in munich', 'emergency_type': <EmergencyType.MEDICAL: 'medical'>, 'cpr_needed': True, 'rd1': True, 'rd2': True}
2025-12-24 12:21:21.808	INFO    	settings.py:async_print():96 - A Vehicle is on it's way to you. Please stand by.
2025-12-24 12:21:21.964	INFO    	settings.py:async_print():96 - The emergency call has been processed.
2025-12-24 12:21:49.846	INFO    	app.py:handle_survey_submit():735 - Survey saved for session 9d449df6-34e1-4e1c-9d36-a7c1c0958052
