2025-12-14 17:37:26.851 | WARNING  | ems_prepared.adapters.gradio.core:init_session:159 - Session initialized: d5b702c8-096e-46df-9c64-dde2de504a5f, 9912d825-b23f-46db-9a3a-eb454953a66e, graph
2025-12-14 17:37:29.200 | INFO     | ems_prepared.policies.pydantic_graph.emergency_main_graph:resume_from_persistence:153 - Initializing new graph run...
2025-12-14 17:37:29.264 | DEBUG    | ems_prepared.policies.pydantic_graph.emergency_main_graph:run_graph:201 - [Node] Greeting
2025-12-14 17:37:29.265 | DEBUG    | __main__:stream_policy_messages:112 - Streaming item: Hello! You're speaking with the emergency call services.
2025-12-14 17:37:30.154 | INFO     | ems_prepared.policies.pydantic_graph.emergency_main_graph:resume_from_persistence:141 - Resuming from persisted graph state...
2025-12-14 17:37:30.154 | INFO     | ems_prepared.policies.pydantic_graph.emergency_main_graph:resume_from_persistence:142 - [Node] Greeting
2025-12-14 17:37:30.154 | DEBUG    | ems_prepared.policies.pydantic_graph.emergency_main_graph:resume_from_persistence:145 - Resumed State:	{}
2025-12-14 17:37:30.239 | DEBUG    | ems_prepared.policies.pydantic_graph.emergency_main_graph:run_graph:201 - [Node] ChooseQuestion
2025-12-14 17:37:30.291 | DEBUG    | ems_prepared.policies.pydantic_graph.emergency_main_graph:run_graph:201 - [Node] AskCaller
2025-12-14 17:37:30.291 | DEBUG    | ems_prepared.policies.pydantic_graph.emergency_main_graph:run_graph:204 - AskCaller(question='With whom am I speaking, please?')
2025-12-14 17:37:30.292 | DEBUG    | __main__:stream_policy_messages:112 - Streaming item: With whom am I speaking, please?
2025-12-14 17:38:09.930 | INFO     | ems_prepared.policies.pydantic_graph.emergency_main_graph:resume_from_persistence:141 - Resuming from persisted graph state...
2025-12-14 17:38:09.931 | INFO     | ems_prepared.policies.pydantic_graph.emergency_main_graph:resume_from_persistence:142 - [Node] AskCaller
2025-12-14 17:38:09.931 | DEBUG    | ems_prepared.policies.pydantic_graph.emergency_main_graph:resume_from_persistence:145 - Resumed State:	{'emergency_type': <EmergencyType.INTRO: 'intro'>}
2025-12-14 17:38:18.247 | DEBUG    | ems_prepared.policies.pydantic_graph.emergency_main_graph:run_graph:201 - [Node] EvaluateAgentOutput
2025-12-14 17:38:18.271 | INFO     | ems_prepared.policies.pydantic_graph.nodes:run:225 - Model returned new data
2025-12-14 17:38:18.318 | DEBUG    | ems_prepared.policies.pydantic_graph.emergency_main_graph:run_graph:201 - [Node] MergeState
2025-12-14 17:38:18.344 | DEBUG    | ems_prepared.policies.pydantic_graph.nodes:run:255 - Old State:	{'emergency_type': <EmergencyType.INTRO: 'intro'>}
2025-12-14 17:38:18.344 | DEBUG    | ems_prepared.policies.pydantic_graph.nodes:run:258 - New State:	{'caller_name': 'Christian', 'emergency_type': <EmergencyType.INTRO: 'intro'>, 'situation_description': 'accident at work'}
2025-12-14 17:38:18.345 | DEBUG    | ems_prepared.policies.pydantic_graph.nodes:run:262 - Merged State:	{'caller_name': 'Christian', 'emergency_type': <EmergencyType.INTRO: 'intro'>, 'situation_description': 'accident at work'}
2025-12-14 17:38:18.400 | DEBUG    | ems_prepared.policies.pydantic_graph.emergency_main_graph:run_graph:201 - [Node] EvaluateState
2025-12-14 17:38:18.430 | DEBUG    | ems_prepared.policies.pydantic_graph.nodes:run:292 - Evaluate State:	{'caller_name': 'Christian', 'emergency_type': <EmergencyType.INTRO: 'intro'>, 'situation_description': 'accident at work'}
2025-12-14 17:38:18.484 | DEBUG    | ems_prepared.policies.pydantic_graph.emergency_main_graph:run_graph:201 - [Node] ChooseQuestion
2025-12-14 17:38:18.575 | DEBUG    | ems_prepared.policies.pydantic_graph.emergency_main_graph:run_graph:201 - [Node] AskCaller
2025-12-14 17:38:18.575 | DEBUG    | ems_prepared.policies.pydantic_graph.emergency_main_graph:run_graph:204 - AskCaller(question='Where exactly is the emergency location?')
2025-12-14 17:38:18.576 | DEBUG    | __main__:stream_policy_messages:112 - Streaming item: Where exactly is the emergency location?
2025-12-14 17:40:07.474 | INFO     | ems_prepared.policies.pydantic_graph.emergency_main_graph:resume_from_persistence:141 - Resuming from persisted graph state...
2025-12-14 17:40:07.475 | INFO     | ems_prepared.policies.pydantic_graph.emergency_main_graph:resume_from_persistence:142 - [Node] AskCaller
2025-12-14 17:40:07.476 | DEBUG    | ems_prepared.policies.pydantic_graph.emergency_main_graph:resume_from_persistence:145 - Resumed State:	{'caller_name': 'Christian', 'emergency_type': <EmergencyType.INTRO: 'intro'>, 'situation_description': 'accident at work'}
2025-12-14 17:40:17.326 | DEBUG    | ems_prepared.policies.pydantic_graph.emergency_main_graph:run_graph:201 - [Node] EvaluateAgentOutput
2025-12-14 17:40:17.363 | INFO     | ems_prepared.policies.pydantic_graph.nodes:run:225 - Model returned new data
2025-12-14 17:40:17.435 | DEBUG    | ems_prepared.policies.pydantic_graph.emergency_main_graph:run_graph:201 - [Node] MergeState
2025-12-14 17:40:17.472 | DEBUG    | ems_prepared.policies.pydantic_graph.nodes:run:255 - Old State:	{'caller_name': 'Christian', 'emergency_type': <EmergencyType.INTRO: 'intro'>, 'situation_description': 'accident at work'}
2025-12-14 17:40:17.473 | DEBUG    | ems_prepared.policies.pydantic_graph.nodes:run:258 - New State:	{'emergency_location': 'BMW Welt, Am Olympiapark 1, Munich (construction site)'}
2025-12-14 17:40:17.473 | DEBUG    | ems_prepared.policies.pydantic_graph.nodes:run:262 - Merged State:	{'caller_name': 'Christian', 'emergency_location': 'BMW Welt, Am Olympiapark 1, Munich (construction site)', 'emergency_type': <EmergencyType.INTRO: 'intro'>, 'situation_description': 'accident at work'}
2025-12-14 17:40:17.552 | DEBUG    | ems_prepared.policies.pydantic_graph.emergency_main_graph:run_graph:201 - [Node] EvaluateState
2025-12-14 17:40:17.595 | DEBUG    | ems_prepared.policies.pydantic_graph.nodes:run:292 - Evaluate State:	{'caller_name': 'Christian', 'emergency_location': 'BMW Welt, Am Olympiapark 1, Munich (construction site)', 'emergency_type': <EmergencyType.INTRO: 'intro'>, 'situation_description': 'accident at work'}
2025-12-14 17:40:17.678 | DEBUG    | ems_prepared.policies.pydantic_graph.emergency_main_graph:run_graph:201 - [Node] ChooseQuestion
2025-12-14 17:40:17.796 | DEBUG    | ems_prepared.policies.pydantic_graph.emergency_main_graph:run_graph:201 - [Node] AskCaller
2025-12-14 17:40:17.797 | DEBUG    | ems_prepared.policies.pydantic_graph.emergency_main_graph:run_graph:204 - AskCaller(question='What has just happened acutely?')
2025-12-14 17:40:17.797 | DEBUG    | __main__:stream_policy_messages:112 - Streaming item: What has just happened acutely?
2025-12-14 17:41:34.287 | INFO     | ems_prepared.policies.pydantic_graph.emergency_main_graph:resume_from_persistence:141 - Resuming from persisted graph state...
2025-12-14 17:41:34.288 | INFO     | ems_prepared.policies.pydantic_graph.emergency_main_graph:resume_from_persistence:142 - [Node] AskCaller
2025-12-14 17:41:34.288 | DEBUG    | ems_prepared.policies.pydantic_graph.emergency_main_graph:resume_from_persistence:145 - Resumed State:	{'caller_name': 'Christian', 'emergency_location': 'BMW Welt, Am Olympiapark 1, Munich (construction site)', 'emergency_type': <EmergencyType.INTRO: 'intro'>, 'situation_description': 'accident at work'}
2025-12-14 17:41:49.159 | DEBUG    | ems_prepared.policies.pydantic_graph.emergency_main_graph:run_graph:201 - [Node] EvaluateAgentOutput
2025-12-14 17:41:49.208 | INFO     | ems_prepared.policies.pydantic_graph.nodes:run:225 - Model returned new data
2025-12-14 17:41:49.300 | DEBUG    | ems_prepared.policies.pydantic_graph.emergency_main_graph:run_graph:201 - [Node] MergeState
2025-12-14 17:41:49.351 | DEBUG    | ems_prepared.policies.pydantic_graph.nodes:run:255 - Old State:	{'caller_name': 'Christian', 'emergency_location': 'BMW Welt, Am Olympiapark 1, Munich (construction site)', 'emergency_type': <EmergencyType.INTRO: 'intro'>, 'situation_description': 'accident at work'}
2025-12-14 17:41:49.352 | DEBUG    | ems_prepared.policies.pydantic_graph.nodes:run:258 - New State:	{'caller_name': 'Christian', 'emergency_location': 'BMW Welt, Am Olympiapark 1, Munich (construction site)', 'emergency_type': <EmergencyType.MEDICAL: 'medical'>, 'situation_description': 'One worker fell from a ladder from a height of 1 m; now lying on the ground, reports pain in both right and left feet and is not able to move.', 'enough_information_gathered': False}
2025-12-14 17:41:49.353 | DEBUG    | ems_prepared.policies.pydantic_graph.nodes:run:262 - Merged State:	{'caller_name': 'Christian', 'emergency_location': 'BMW Welt, Am Olympiapark 1, Munich (construction site)', 'emergency_type': <EmergencyType.MEDICAL: 'medical'>, 'situation_description': 'One worker fell from a ladder from a height of 1 m; now lying on the ground, reports pain in both right and left feet and is not able to move.', 'enough_information_gathered': False}
2025-12-14 17:41:49.449 | DEBUG    | ems_prepared.policies.pydantic_graph.emergency_main_graph:run_graph:201 - [Node] EvaluateState
2025-12-14 17:41:49.500 | DEBUG    | ems_prepared.policies.pydantic_graph.nodes:run:292 - Evaluate State:	{'caller_name': 'Christian', 'emergency_location': 'BMW Welt, Am Olympiapark 1, Munich (construction site)', 'emergency_type': <EmergencyType.MEDICAL: 'medical'>, 'situation_description': 'One worker fell from a ladder from a height of 1 m; now lying on the ground, reports pain in both right and left feet and is not able to move.', 'enough_information_gathered': False}
2025-12-14 17:41:49.601 | DEBUG    | ems_prepared.policies.pydantic_graph.emergency_main_graph:run_graph:201 - [Node] ChooseQuestion
2025-12-14 17:41:49.756 | DEBUG    | ems_prepared.policies.pydantic_graph.emergency_main_graph:run_graph:201 - [Node] AskCaller
2025-12-14 17:41:49.757 | DEBUG    | ems_prepared.policies.pydantic_graph.emergency_main_graph:run_graph:204 - AskCaller(question='Is the patient getting enough air now?')
2025-12-14 17:41:49.758 | DEBUG    | __main__:stream_policy_messages:112 - Streaming item: Is the patient getting enough air now?
2025-12-14 17:42:28.873 | INFO     | ems_prepared.policies.pydantic_graph.emergency_main_graph:resume_from_persistence:141 - Resuming from persisted graph state...
2025-12-14 17:42:28.874 | INFO     | ems_prepared.policies.pydantic_graph.emergency_main_graph:resume_from_persistence:142 - [Node] AskCaller
2025-12-14 17:42:28.875 | DEBUG    | ems_prepared.policies.pydantic_graph.emergency_main_graph:resume_from_persistence:145 - Resumed State:	{'caller_name': 'Christian', 'emergency_location': 'BMW Welt, Am Olympiapark 1, Munich (construction site)', 'emergency_type': <EmergencyType.MEDICAL: 'medical'>, 'situation_description': 'One worker fell from a ladder from a height of 1 m; now lying on the ground, reports pain in both right and left feet and is not able to move.', 'enough_information_gathered': False}
2025-12-14 17:42:39.450 | DEBUG    | ems_prepared.policies.pydantic_graph.emergency_main_graph:run_graph:201 - [Node] EvaluateAgentOutput
2025-12-14 17:42:39.507 | INFO     | ems_prepared.policies.pydantic_graph.nodes:run:225 - Model returned new data
2025-12-14 17:42:39.620 | DEBUG    | ems_prepared.policies.pydantic_graph.emergency_main_graph:run_graph:201 - [Node] MergeState
2025-12-14 17:42:39.682 | DEBUG    | ems_prepared.policies.pydantic_graph.nodes:run:255 - Old State:	{'caller_name': 'Christian', 'emergency_location': 'BMW Welt, Am Olympiapark 1, Munich (construction site)', 'emergency_type': <EmergencyType.MEDICAL: 'medical'>, 'situation_description': 'One worker fell from a ladder from a height of 1 m; now lying on the ground, reports pain in both right and left feet and is not able to move.', 'enough_information_gathered': False}
2025-12-14 17:42:39.683 | DEBUG    | ems_prepared.policies.pydantic_graph.nodes:run:258 - New State:	{'severe_pain': True, 'now_insufficient_air': False, 'rd1': True}
2025-12-14 17:42:39.683 | DEBUG    | ems_prepared.policies.pydantic_graph.nodes:run:262 - Merged State:	{'severe_pain': True, 'now_insufficient_air': False, 'caller_name': 'Christian', 'emergency_location': 'BMW Welt, Am Olympiapark 1, Munich (construction site)', 'emergency_type': <EmergencyType.MEDICAL: 'medical'>, 'situation_description': 'One worker fell from a ladder from a height of 1 m; now lying on the ground, reports pain in both right and left feet and is not able to move.', 'enough_information_gathered': False, 'rd1': True}
2025-12-14 17:42:39.810 | DEBUG    | ems_prepared.policies.pydantic_graph.emergency_main_graph:run_graph:201 - [Node] EvaluateState
2025-12-14 17:42:39.872 | DEBUG    | ems_prepared.policies.pydantic_graph.nodes:run:292 - Evaluate State:	{'severe_pain': True, 'now_insufficient_air': False, 'caller_name': 'Christian', 'emergency_location': 'BMW Welt, Am Olympiapark 1, Munich (construction site)', 'emergency_type': <EmergencyType.MEDICAL: 'medical'>, 'situation_description': 'One worker fell from a ladder from a height of 1 m; now lying on the ground, reports pain in both right and left feet and is not able to move.', 'enough_information_gathered': False, 'rd1': True}
2025-12-14 17:42:39.999 | DEBUG    | ems_prepared.policies.pydantic_graph.emergency_main_graph:run_graph:201 - [Node] RD1
2025-12-14 17:42:40.059 | INFO     | ems_prepared.policies.pydantic_graph.nodes:run:360 - Reached RD1
2025-12-14 17:42:40.060 | INFO     | ems_prepared.policies.pydantic_graph.nodes:run:375 - Forcing Agent to decide if enough information gathered...
2025-12-14 17:42:51.425 | DEBUG    | ems_prepared.policies.pydantic_graph.nodes:run:385 - Enough info result: False
2025-12-14 17:42:51.561 | DEBUG    | ems_prepared.policies.pydantic_graph.emergency_main_graph:run_graph:201 - [Node] EvaluateAgentOutput
2025-12-14 17:42:51.643 | INFO     | ems_prepared.policies.pydantic_graph.nodes:run:225 - Model returned new data
2025-12-14 17:42:51.780 | DEBUG    | ems_prepared.policies.pydantic_graph.emergency_main_graph:run_graph:201 - [Node] MergeState
2025-12-14 17:42:51.849 | DEBUG    | ems_prepared.policies.pydantic_graph.nodes:run:255 - Old State:	{'severe_pain': True, 'now_insufficient_air': False, 'caller_name': 'Christian', 'emergency_location': 'BMW Welt, Am Olympiapark 1, Munich (construction site)', 'emergency_type': <EmergencyType.MEDICAL: 'medical'>, 'situation_description': 'One worker fell from a ladder from a height of 1 m; now lying on the ground, reports pain in both right and left feet and is not able to move.', 'enough_information_gathered': False, 'rd1': True}
2025-12-14 17:42:51.849 | DEBUG    | ems_prepared.policies.pydantic_graph.nodes:run:258 - New State:	{'enough_information_gathered': False}
2025-12-14 17:42:51.850 | DEBUG    | ems_prepared.policies.pydantic_graph.nodes:run:262 - Merged State:	{'severe_pain': True, 'now_insufficient_air': False, 'caller_name': 'Christian', 'emergency_location': 'BMW Welt, Am Olympiapark 1, Munich (construction site)', 'emergency_type': <EmergencyType.MEDICAL: 'medical'>, 'situation_description': 'One worker fell from a ladder from a height of 1 m; now lying on the ground, reports pain in both right and left feet and is not able to move.', 'enough_information_gathered': False, 'rd1': True}
2025-12-14 17:42:51.986 | DEBUG    | ems_prepared.policies.pydantic_graph.emergency_main_graph:run_graph:201 - [Node] EvaluateState
2025-12-14 17:42:52.055 | DEBUG    | ems_prepared.policies.pydantic_graph.nodes:run:292 - Evaluate State:	{'severe_pain': True, 'now_insufficient_air': False, 'caller_name': 'Christian', 'emergency_location': 'BMW Welt, Am Olympiapark 1, Munich (construction site)', 'emergency_type': <EmergencyType.MEDICAL: 'medical'>, 'situation_description': 'One worker fell from a ladder from a height of 1 m; now lying on the ground, reports pain in both right and left feet and is not able to move.', 'enough_information_gathered': False, 'rd1': True}
2025-12-14 17:42:52.197 | DEBUG    | ems_prepared.policies.pydantic_graph.emergency_main_graph:run_graph:201 - [Node] RD1
2025-12-14 17:42:52.264 | INFO     | ems_prepared.policies.pydantic_graph.nodes:run:360 - Reached RD1
2025-12-14 17:42:52.265 | INFO     | ems_prepared.policies.pydantic_graph.nodes:run:375 - Forcing Agent to decide if enough information gathered...
2025-12-14 17:43:09.159 | DEBUG    | ems_prepared.policies.pydantic_graph.nodes:run:385 - Enough info result: False
2025-12-14 17:43:09.307 | DEBUG    | ems_prepared.policies.pydantic_graph.emergency_main_graph:run_graph:201 - [Node] EvaluateAgentOutput
2025-12-14 17:43:09.382 | INFO     | ems_prepared.policies.pydantic_graph.nodes:run:225 - Model returned new data
2025-12-14 17:43:09.529 | DEBUG    | ems_prepared.policies.pydantic_graph.emergency_main_graph:run_graph:201 - [Node] MergeState
2025-12-14 17:43:09.601 | DEBUG    | ems_prepared.policies.pydantic_graph.nodes:run:255 - Old State:	{'severe_pain': True, 'now_insufficient_air': False, 'caller_name': 'Christian', 'emergency_location': 'BMW Welt, Am Olympiapark 1, Munich (construction site)', 'emergency_type': <EmergencyType.MEDICAL: 'medical'>, 'situation_description': 'One worker fell from a ladder from a height of 1 m; now lying on the ground, reports pain in both right and left feet and is not able to move.', 'enough_information_gathered': False, 'rd1': True}
2025-12-14 17:43:09.602 | DEBUG    | ems_prepared.policies.pydantic_graph.nodes:run:258 - New State:	{'enough_information_gathered': False}
2025-12-14 17:43:09.602 | DEBUG    | ems_prepared.policies.pydantic_graph.nodes:run:262 - Merged State:	{'severe_pain': True, 'now_insufficient_air': False, 'caller_name': 'Christian', 'emergency_location': 'BMW Welt, Am Olympiapark 1, Munich (construction site)', 'emergency_type': <EmergencyType.MEDICAL: 'medical'>, 'situation_description': 'One worker fell from a ladder from a height of 1 m; now lying on the ground, reports pain in both right and left feet and is not able to move.', 'enough_information_gathered': False, 'rd1': True}
2025-12-14 17:43:09.754 | DEBUG    | ems_prepared.policies.pydantic_graph.emergency_main_graph:run_graph:201 - [Node] EvaluateState
2025-12-14 17:43:09.829 | DEBUG    | ems_prepared.policies.pydantic_graph.nodes:run:292 - Evaluate State:	{'severe_pain': True, 'now_insufficient_air': False, 'caller_name': 'Christian', 'emergency_location': 'BMW Welt, Am Olympiapark 1, Munich (construction site)', 'emergency_type': <EmergencyType.MEDICAL: 'medical'>, 'situation_description': 'One worker fell from a ladder from a height of 1 m; now lying on the ground, reports pain in both right and left feet and is not able to move.', 'enough_information_gathered': False, 'rd1': True}
2025-12-14 17:43:09.982 | DEBUG    | ems_prepared.policies.pydantic_graph.emergency_main_graph:run_graph:201 - [Node] RD1
2025-12-14 17:43:10.057 | INFO     | ems_prepared.policies.pydantic_graph.nodes:run:360 - Reached RD1
2025-12-14 17:43:10.058 | INFO     | ems_prepared.policies.pydantic_graph.nodes:run:375 - Forcing Agent to decide if enough information gathered...
2025-12-14 17:43:21.740 | DEBUG    | ems_prepared.policies.pydantic_graph.nodes:run:385 - Enough info result: True
2025-12-14 17:43:21.893 | DEBUG    | ems_prepared.policies.pydantic_graph.emergency_main_graph:run_graph:201 - [Node] EvaluateAgentOutput
2025-12-14 17:43:21.975 | INFO     | ems_prepared.policies.pydantic_graph.nodes:run:225 - Model returned new data
2025-12-14 17:43:22.136 | DEBUG    | ems_prepared.policies.pydantic_graph.emergency_main_graph:run_graph:201 - [Node] MergeState
2025-12-14 17:43:22.218 | DEBUG    | ems_prepared.policies.pydantic_graph.nodes:run:255 - Old State:	{'severe_pain': True, 'now_insufficient_air': False, 'caller_name': 'Christian', 'emergency_location': 'BMW Welt, Am Olympiapark 1, Munich (construction site)', 'emergency_type': <EmergencyType.MEDICAL: 'medical'>, 'situation_description': 'One worker fell from a ladder from a height of 1 m; now lying on the ground, reports pain in both right and left feet and is not able to move.', 'enough_information_gathered': False, 'rd1': True}
2025-12-14 17:43:22.218 | DEBUG    | ems_prepared.policies.pydantic_graph.nodes:run:258 - New State:	{'enough_information_gathered': True}
2025-12-14 17:43:22.219 | DEBUG    | ems_prepared.policies.pydantic_graph.nodes:run:262 - Merged State:	{'severe_pain': True, 'now_insufficient_air': False, 'caller_name': 'Christian', 'emergency_location': 'BMW Welt, Am Olympiapark 1, Munich (construction site)', 'emergency_type': <EmergencyType.MEDICAL: 'medical'>, 'situation_description': 'One worker fell from a ladder from a height of 1 m; now lying on the ground, reports pain in both right and left feet and is not able to move.', 'enough_information_gathered': True, 'rd1': True}
2025-12-14 17:43:22.381 | DEBUG    | ems_prepared.policies.pydantic_graph.emergency_main_graph:run_graph:201 - [Node] EvaluateState
2025-12-14 17:43:22.465 | DEBUG    | ems_prepared.policies.pydantic_graph.nodes:run:292 - Evaluate State:	{'severe_pain': True, 'now_insufficient_air': False, 'caller_name': 'Christian', 'emergency_location': 'BMW Welt, Am Olympiapark 1, Munich (construction site)', 'emergency_type': <EmergencyType.MEDICAL: 'medical'>, 'situation_description': 'One worker fell from a ladder from a height of 1 m; now lying on the ground, reports pain in both right and left feet and is not able to move.', 'enough_information_gathered': True, 'rd1': True}
2025-12-14 17:43:22.626 | DEBUG    | ems_prepared.policies.pydantic_graph.emergency_main_graph:run_graph:201 - [Node] RD1
2025-12-14 17:43:22.713 | INFO     | ems_prepared.policies.pydantic_graph.nodes:run:360 - Reached RD1
2025-12-14 17:43:22.713 | INFO     | ems_prepared.policies.pydantic_graph.nodes:run:371 - No more questions needed, accepting RD1
2025-12-14 17:43:22.879 | DEBUG    | ems_prepared.policies.pydantic_graph.emergency_main_graph:run_graph:201 - [Node] Disposition
2025-12-14 17:43:22.879 | DEBUG    | __main__:stream_policy_messages:112 - Streaming item: A Vehicle is on it's way to you. Please stand by.
2025-12-14 17:43:23.729 | INFO     | ems_prepared.policies.pydantic_graph.emergency_main_graph:resume_from_persistence:141 - Resuming from persisted graph state...
2025-12-14 17:43:23.730 | INFO     | ems_prepared.policies.pydantic_graph.emergency_main_graph:resume_from_persistence:142 - [Node] Disposition
2025-12-14 17:43:23.731 | DEBUG    | ems_prepared.policies.pydantic_graph.emergency_main_graph:resume_from_persistence:145 - Resumed State:	{'severe_pain': True, 'now_insufficient_air': False, 'caller_name': 'Christian', 'emergency_location': 'BMW Welt, Am Olympiapark 1, Munich (construction site)', 'emergency_type': <EmergencyType.MEDICAL: 'medical'>, 'situation_description': 'One worker fell from a ladder from a height of 1 m; now lying on the ground, reports pain in both right and left feet and is not able to move.', 'enough_information_gathered': True, 'rd1': True}
2025-12-14 17:43:23.986 | INFO     | ems_prepared.policies.pydantic_graph.nodes:run:466 - final state: {'severe_pain': True, 'now_insufficient_air': False, 'caller_name': 'Christian', 'emergency_location': 'BMW Welt, Am Olympiapark 1, Munich (construction site)', 'emergency_type': <EmergencyType.MEDICAL: 'medical'>, 'situation_description': 'One worker fell from a ladder from a height of 1 m; now lying on the ground, reports pain in both right and left feet and is not able to move.', 'enough_information_gathered': True, 'rd1': True}
2025-12-14 17:43:24.393 | DEBUG    | __main__:stream_policy_messages:112 - Streaming item: End(data=EmergencyCall(heavy_injury=None, vital_threat_injury=None, heavy_non_traumatic_bleeding=None, gastrointestinal_bleeding=None, gynecological_bleeding=None, epistaxis=None, intoxication=None, life_threatening_intoxication=None, imminent_childbirth=None, frequent_pregnancy_contraction=None, ongoing_delivery=None, finisehd_delivery=None, vaginal_bleeding=None, severe_pain=True, unbearable_pain=None, thunderclap_headache=None, colicky_pain=None, psychiatric_behaviour=None, acute_self_harm_risk=None, acute_violence_risk=None, suicidal_tendency=None, known_metabolic_disorder=None, diabetic=None, noticable_coldness=None, noticable_heat=None, metabolic_decompensation=None, hyperthermia=None, hypothermia=None, acute_paralysis=None, acute_speech_disorder=None, acute_speech_comprehension_disorder=None, acute_visual_disturbance=None, acute_severe_headache=None, acute_hemisensory_loss=None, acute_vertigo_with_falling_risk=None, seizure=None, neurological_deficits=None, prolonged_deadly_seizure=None, status_epilepticus=None, acute_chest_discomfort=None, acute_circulatory_problems=None, acute_chest_pain=None, cold_sweat=None, pallor=None, hypertensive_crisis=None, hypotensive_collapse=None, tachycardia=None, bradycardia=None, arrhythmia=None, pacemaker_malfunction=None, allergic_reaction=None, known_anaphylaxis=None, now_unresponsive=None, unconscious=None, rapidly_progressing_unconsciousness=None, now_insufficient_air=False, rapidly_progressive_respiratory_distress=None, severe_dyspnoea=None, cyanosis=None, stridor=None, abnormal_breathing_sounds=None, aspiration=None, abnormal_chest_movement=None, bradypnea=None, tachypnea=None, apnea=None, agonal_respiration=None, cardiac_arrest=None, suffocation=None, severe_accident=None, severe_injury=None, caller_name='Christian', emergency_location='BMW Welt, Am Olympiapark 1, Munich (construction site)', emergency_type=<EmergencyType.MEDICAL: 'medical'>, situation_description='One worker fell from a ladder from a height of 1 m; now lying on the ground, reports pain in both right and left feet and is not able to move.', enough_information_gathered=True, cpr_needed=None, time_critical=None, rd1=True, rd2=None))
2025-12-14 17:44:02.608 | INFO     | __main__:handle_survey_submit:693 - Survey saved for session d5b702c8-096e-46df-9c64-dde2de504a5f
