2025-12-19 14:35:10.879	INFO    	logger.py:setup_session_logger():150 - Log Path: logs/FLAIRS39/5b18a5e0acf546149e424d566101afca/65c77e1e768b4819956e057bc16206c7
2025-12-19 14:35:10.881	WARNING 	core.py:init_session():158 - Session initialized: 65c77e1e-768b-4819-956e-057bc16206c7, 5b18a5e0-acf5-4614-9e42-4d566101afca, graph
2025-12-19 14:35:14.264	INFO    	emergency_main_graph.py:resume_from_persistence():143 - Initializing new graph run...
2025-12-19 14:35:14.290	DEBUG   	emergency_main_graph.py:run_graph():191 - [Node] Greeting
2025-12-19 14:35:14.293	DEBUG   	app.py:stream_policy_messages():128 - Streaming message: Hello! You're speaking with the emergency call services.
2025-12-19 14:35:14.937	INFO    	emergency_main_graph.py:resume_from_persistence():131 - Resuming from persisted graph state...
2025-12-19 14:35:14.939	INFO    	emergency_main_graph.py:resume_from_persistence():132 - [Node] Greeting
2025-12-19 14:35:14.941	DEBUG   	emergency_main_graph.py:resume_from_persistence():135 - Resumed State:	{}
2025-12-19 14:35:14.974	INFO    	settings.py:async_print():96 - Hello! You're speaking with the emergency call services.
2025-12-19 14:35:14.999	DEBUG   	emergency_main_graph.py:run_graph():191 - [Node] ChooseQuestion
2025-12-19 14:35:15.043	DEBUG   	emergency_main_graph.py:run_graph():191 - [Node] AskCaller
2025-12-19 14:35:15.044	DEBUG   	emergency_main_graph.py:run_graph():194 - AskCaller(question='With whom am I speaking, please?')
2025-12-19 14:35:15.046	DEBUG   	app.py:stream_policy_messages():128 - Streaming message: With whom am I speaking, please?
2025-12-19 14:35:30.377	INFO    	app.py:stream_policy_messages():113 - User message: I am nico. I have cut myself!
2025-12-19 14:35:30.408	INFO    	emergency_main_graph.py:resume_from_persistence():131 - Resuming from persisted graph state...
2025-12-19 14:35:30.410	INFO    	emergency_main_graph.py:resume_from_persistence():132 - [Node] AskCaller
2025-12-19 14:35:30.412	DEBUG   	emergency_main_graph.py:resume_from_persistence():135 - Resumed State:	{'emergency_type': <EmergencyType.INTRO: 'intro'>}
2025-12-19 14:35:32.415	DEBUG   	emergency_main_graph.py:run_graph():191 - [Node] EvaluateAgentOutput
2025-12-19 14:35:32.439	INFO    	nodes.py:run():221 - Model returned new data
2025-12-19 14:35:32.440	DEBUG   	nodes.py:run():222 - New extracted state: {'caller_name': 'nico'}
2025-12-19 14:35:32.484	DEBUG   	emergency_main_graph.py:run_graph():191 - [Node] MergeState
2025-12-19 14:35:32.512	DEBUG   	nodes.py:run():254 - Old State:	{'emergency_type': <EmergencyType.INTRO: 'intro'>}
2025-12-19 14:35:32.513	DEBUG   	nodes.py:run():257 - New State:	{'caller_name': 'nico'}
2025-12-19 14:35:32.515	DEBUG   	nodes.py:run():264 - Merged State:	{'caller_name': 'nico', 'emergency_type': <EmergencyType.INTRO: 'intro'>}
2025-12-19 14:35:32.568	DEBUG   	emergency_main_graph.py:run_graph():191 - [Node] EvaluateState
2025-12-19 14:35:32.597	DEBUG   	nodes.py:run():286 - Evaluate State:	{'caller_name': 'nico', 'emergency_type': <EmergencyType.INTRO: 'intro'>}
2025-12-19 14:35:32.685	DEBUG   	emergency_main_graph.py:run_graph():191 - [Node] ChooseQuestion
2025-12-19 14:35:32.777	DEBUG   	emergency_main_graph.py:run_graph():191 - [Node] AskCaller
2025-12-19 14:35:32.778	DEBUG   	emergency_main_graph.py:run_graph():194 - AskCaller(question='Where exactly is the emergency location?')
2025-12-19 14:35:32.780	DEBUG   	app.py:stream_policy_messages():128 - Streaming message: Where exactly is the emergency location?
2025-12-19 14:35:46.437	INFO    	app.py:stream_policy_messages():113 - User message: at home in the kitchen. I am in panic, 
2025-12-19 14:35:46.498	INFO    	emergency_main_graph.py:resume_from_persistence():131 - Resuming from persisted graph state...
2025-12-19 14:35:46.500	INFO    	emergency_main_graph.py:resume_from_persistence():132 - [Node] AskCaller
2025-12-19 14:35:46.501	DEBUG   	emergency_main_graph.py:resume_from_persistence():135 - Resumed State:	{'caller_name': 'nico', 'emergency_type': <EmergencyType.INTRO: 'intro'>}
2025-12-19 14:35:48.556	DEBUG   	emergency_main_graph.py:run_graph():191 - [Node] EvaluateAgentOutput
2025-12-19 14:35:48.600	INFO    	nodes.py:run():221 - Model returned new data
2025-12-19 14:35:48.601	DEBUG   	nodes.py:run():222 - New extracted state: {'emergency_location': 'at home in the kitchen'}
2025-12-19 14:35:48.685	DEBUG   	emergency_main_graph.py:run_graph():191 - [Node] MergeState
2025-12-19 14:35:48.732	DEBUG   	nodes.py:run():254 - Old State:	{'caller_name': 'nico', 'emergency_type': <EmergencyType.INTRO: 'intro'>}
2025-12-19 14:35:48.734	DEBUG   	nodes.py:run():257 - New State:	{'emergency_location': 'at home in the kitchen'}
2025-12-19 14:35:48.735	DEBUG   	nodes.py:run():264 - Merged State:	{'caller_name': 'nico', 'emergency_location': 'at home in the kitchen', 'emergency_type': <EmergencyType.INTRO: 'intro'>}
2025-12-19 14:35:48.828	DEBUG   	emergency_main_graph.py:run_graph():191 - [Node] EvaluateState
2025-12-19 14:35:48.878	DEBUG   	nodes.py:run():286 - Evaluate State:	{'caller_name': 'nico', 'emergency_location': 'at home in the kitchen', 'emergency_type': <EmergencyType.INTRO: 'intro'>}
2025-12-19 14:35:48.989	DEBUG   	emergency_main_graph.py:run_graph():191 - [Node] ChooseQuestion
2025-12-19 14:35:49.142	DEBUG   	emergency_main_graph.py:run_graph():191 - [Node] AskCaller
2025-12-19 14:35:49.143	DEBUG   	emergency_main_graph.py:run_graph():194 - AskCaller(question='What has just happened acutely?')
2025-12-19 14:35:49.145	DEBUG   	app.py:stream_policy_messages():128 - Streaming message: What has just happened acutely?
2025-12-19 14:36:33.387	INFO    	app.py:stream_policy_messages():113 - User message: I was cutting onions, but accidentally, I have hit my finger instead of the onion and now it is blooding. But
2025-12-19 14:36:33.481	INFO    	emergency_main_graph.py:resume_from_persistence():131 - Resuming from persisted graph state...
2025-12-19 14:36:33.483	INFO    	emergency_main_graph.py:resume_from_persistence():132 - [Node] AskCaller
2025-12-19 14:36:33.485	DEBUG   	emergency_main_graph.py:resume_from_persistence():135 - Resumed State:	{'caller_name': 'nico', 'emergency_location': 'at home in the kitchen', 'emergency_type': <EmergencyType.INTRO: 'intro'>}
2025-12-19 14:36:35.588	DEBUG   	emergency_main_graph.py:run_graph():191 - [Node] EvaluateAgentOutput
2025-12-19 14:36:35.651	INFO    	nodes.py:run():221 - Model returned new data
2025-12-19 14:36:35.653	DEBUG   	nodes.py:run():222 - New extracted state: {'heavy_non_traumatic_bleeding': True, 'severe_injury': True, 'situation_description': 'Caller cut finger with a knife while cutting onions, and it is bleeding.', 'time_critical': True, 'rd1': True}
2025-12-19 14:36:35.793	DEBUG   	emergency_main_graph.py:run_graph():191 - [Node] MergeState
2025-12-19 14:36:35.861	DEBUG   	nodes.py:run():254 - Old State:	{'caller_name': 'nico', 'emergency_location': 'at home in the kitchen', 'emergency_type': <EmergencyType.INTRO: 'intro'>}
2025-12-19 14:36:35.863	DEBUG   	nodes.py:run():257 - New State:	{'heavy_non_traumatic_bleeding': True, 'severe_injury': True, 'situation_description': 'Caller cut finger with a knife while cutting onions, and it is bleeding.', 'time_critical': True, 'rd1': True}
2025-12-19 14:36:35.865	DEBUG   	nodes.py:run():264 - Merged State:	{'heavy_non_traumatic_bleeding': True, 'severe_injury': True, 'caller_name': 'nico', 'emergency_location': 'at home in the kitchen', 'emergency_type': <EmergencyType.INTRO: 'intro'>, 'situation_description': 'Caller cut finger with a knife while cutting onions, and it is bleeding.', 'time_critical': True, 'rd1': True}
2025-12-19 14:36:36.002	DEBUG   	emergency_main_graph.py:run_graph():191 - [Node] EvaluateState
2025-12-19 14:36:36.072	DEBUG   	nodes.py:run():286 - Evaluate State:	{'heavy_non_traumatic_bleeding': True, 'severe_injury': True, 'caller_name': 'nico', 'emergency_location': 'at home in the kitchen', 'emergency_type': <EmergencyType.INTRO: 'intro'>, 'situation_description': 'Caller cut finger with a knife while cutting onions, and it is bleeding.', 'time_critical': True, 'rd1': True}
2025-12-19 14:36:36.213	DEBUG   	emergency_main_graph.py:run_graph():191 - [Node] RD1
2025-12-19 14:36:36.286	INFO    	nodes.py:run():355 - Reached RD1
2025-12-19 14:36:36.287	INFO    	nodes.py:run():360 - Asking static question for RD2
2025-12-19 14:36:36.432	DEBUG   	emergency_main_graph.py:run_graph():191 - [Node] AskCaller
2025-12-19 14:36:36.433	DEBUG   	emergency_main_graph.py:run_graph():194 - AskCaller(question='Can you describe the situation with more detail?')
2025-12-19 14:36:36.435	DEBUG   	app.py:stream_policy_messages():128 - Streaming message: Can you describe the situation with more detail?
2025-12-19 14:38:11.918	INFO    	app.py:stream_policy_messages():113 - User message: my left pointing finger, at the middle about the finger, there is a 0.5cm deep cut. But I am in panic now. I used some kitchen towel to stop bleeding, but it is going on.
2025-12-19 14:38:12.031	INFO    	emergency_main_graph.py:resume_from_persistence():131 - Resuming from persisted graph state...
2025-12-19 14:38:12.033	INFO    	emergency_main_graph.py:resume_from_persistence():132 - [Node] AskCaller
2025-12-19 14:38:12.034	DEBUG   	emergency_main_graph.py:resume_from_persistence():135 - Resumed State:	{'heavy_non_traumatic_bleeding': True, 'severe_injury': True, 'caller_name': 'nico', 'emergency_location': 'at home in the kitchen', 'emergency_type': <EmergencyType.INTRO: 'intro'>, 'situation_description': 'Caller cut finger with a knife while cutting onions, and it is bleeding.', 'time_critical': True, 'rd1': True}
2025-12-19 14:38:15.778	DEBUG   	emergency_main_graph.py:run_graph():191 - [Node] EvaluateAgentOutput
2025-12-19 14:38:15.863	INFO    	nodes.py:run():221 - Model returned new data
2025-12-19 14:38:15.865	DEBUG   	nodes.py:run():222 - New extracted state: {'heavy_non_traumatic_bleeding': True, 'severe_injury': True, 'situation_description': 'my left pointing finger, at the middle about the finger, there is a 0.5cm deep cut. But I am in panic now. I used some kitchen towel to stop bleeding, but it is going on..', 'time_critical': True, 'rd1': True}
2025-12-19 14:38:16.035	DEBUG   	emergency_main_graph.py:run_graph():191 - [Node] MergeState
2025-12-19 14:38:16.125	DEBUG   	nodes.py:run():254 - Old State:	{'heavy_non_traumatic_bleeding': True, 'severe_injury': True, 'caller_name': 'nico', 'emergency_location': 'at home in the kitchen', 'emergency_type': <EmergencyType.INTRO: 'intro'>, 'situation_description': 'Caller cut finger with a knife while cutting onions, and it is bleeding.', 'time_critical': True, 'rd1': True}
2025-12-19 14:38:16.128	DEBUG   	nodes.py:run():257 - New State:	{'heavy_non_traumatic_bleeding': True, 'severe_injury': True, 'situation_description': 'my left pointing finger, at the middle about the finger, there is a 0.5cm deep cut. But I am in panic now. I used some kitchen towel to stop bleeding, but it is going on..', 'time_critical': True, 'rd1': True}
2025-12-19 14:38:16.130	DEBUG   	nodes.py:run():264 - Merged State:	{'heavy_non_traumatic_bleeding': True, 'severe_injury': True, 'caller_name': 'nico', 'emergency_location': 'at home in the kitchen', 'emergency_type': <EmergencyType.INTRO: 'intro'>, 'situation_description': 'my left pointing finger, at the middle about the finger, there is a 0.5cm deep cut. But I am in panic now. I used some kitchen towel to stop bleeding, but it is going on..', 'time_critical': True, 'rd1': True}
2025-12-19 14:38:16.309	DEBUG   	emergency_main_graph.py:run_graph():191 - [Node] EvaluateState
2025-12-19 14:38:16.400	DEBUG   	nodes.py:run():286 - Evaluate State:	{'heavy_non_traumatic_bleeding': True, 'severe_injury': True, 'caller_name': 'nico', 'emergency_location': 'at home in the kitchen', 'emergency_type': <EmergencyType.INTRO: 'intro'>, 'situation_description': 'my left pointing finger, at the middle about the finger, there is a 0.5cm deep cut. But I am in panic now. I used some kitchen towel to stop bleeding, but it is going on..', 'time_critical': True, 'rd1': True}
2025-12-19 14:38:16.585	DEBUG   	emergency_main_graph.py:run_graph():191 - [Node] RD1
2025-12-19 14:38:16.679	INFO    	nodes.py:run():355 - Reached RD1
2025-12-19 14:38:16.680	INFO    	nodes.py:run():370 - Forcing Agent to decide if enough information gathered...
2025-12-19 14:38:18.639	DEBUG   	nodes.py:run():386 - Enough info result (raw): EnoughInfoOutput(enough_information_gathered=True, next_question=None)
2025-12-19 14:38:18.641	INFO    	nodes.py:run():389 - Enough information gathered, accepting RD1
2025-12-19 14:38:18.871	DEBUG   	emergency_main_graph.py:run_graph():191 - [Node] EvaluateState
2025-12-19 14:38:18.969	DEBUG   	nodes.py:run():286 - Evaluate State:	{'heavy_non_traumatic_bleeding': True, 'severe_injury': True, 'caller_name': 'nico', 'emergency_location': 'at home in the kitchen', 'emergency_type': <EmergencyType.INTRO: 'intro'>, 'situation_description': 'my left pointing finger, at the middle about the finger, there is a 0.5cm deep cut. But I am in panic now. I used some kitchen towel to stop bleeding, but it is going on..', 'time_critical': True, 'rd1': True}
2025-12-19 14:38:19.164	DEBUG   	emergency_main_graph.py:run_graph():191 - [Node] RD1
2025-12-19 14:38:19.265	INFO    	nodes.py:run():355 - Reached RD1
2025-12-19 14:38:19.266	INFO    	nodes.py:run():366 - No more questions needed, accepting RD1
2025-12-19 14:38:19.801	DEBUG   	emergency_main_graph.py:run_graph():191 - [Node] Disposition
2025-12-19 14:38:19.803	DEBUG   	app.py:stream_policy_messages():128 - Streaming message: A Vehicle is on it's way to you. Please stand by.
2025-12-19 14:38:20.450	INFO    	emergency_main_graph.py:resume_from_persistence():131 - Resuming from persisted graph state...
2025-12-19 14:38:20.451	INFO    	emergency_main_graph.py:resume_from_persistence():132 - [Node] Disposition
2025-12-19 14:38:20.452	DEBUG   	emergency_main_graph.py:resume_from_persistence():135 - Resumed State:	{'heavy_non_traumatic_bleeding': True, 'severe_injury': True, 'caller_name': 'nico', 'emergency_location': 'at home in the kitchen', 'emergency_type': <EmergencyType.INTRO: 'intro'>, 'situation_description': 'my left pointing finger, at the middle about the finger, there is a 0.5cm deep cut. But I am in panic now. I used some kitchen towel to stop bleeding, but it is going on..', 'time_critical': True, 'rd1': True}
2025-12-19 14:38:20.768	INFO    	nodes.py:run():478 - final state: {'heavy_non_traumatic_bleeding': True, 'severe_injury': True, 'caller_name': 'nico', 'emergency_location': 'at home in the kitchen', 'emergency_type': <EmergencyType.INTRO: 'intro'>, 'situation_description': 'my left pointing finger, at the middle about the finger, there is a 0.5cm deep cut. But I am in panic now. I used some kitchen towel to stop bleeding, but it is going on..', 'time_critical': True, 'rd1': True}
2025-12-19 14:38:20.770	INFO    	settings.py:async_print():96 - A Vehicle is on it's way to you. Please stand by.
2025-12-19 14:38:20.983	INFO    	settings.py:async_print():96 - The emergency call has been processed.
2025-12-19 14:40:21.356	INFO    	app.py:handle_survey_submit():713 - Survey saved for session 65c77e1e-768b-4819-956e-057bc16206c7
