2025-12-19 15:16:18.241	INFO    	logger.py:setup_session_logger():150 - Log Path: logs/FLAIRS39/5b18a5e0acf546149e424d566101afca/94e365cfeada4b7facaeea477ad94a89
2025-12-19 15:16:18.244	WARNING 	core.py:init_session():158 - Session initialized: 94e365cf-eada-4b7f-acae-ea477ad94a89, 5b18a5e0-acf5-4614-9e42-4d566101afca, graph
2025-12-19 15:16:21.394	INFO    	emergency_main_graph.py:resume_from_persistence():143 - Initializing new graph run...
2025-12-19 15:16:21.420	DEBUG   	emergency_main_graph.py:run_graph():191 - [Node] Greeting
2025-12-19 15:16:21.423	DEBUG   	app.py:stream_policy_messages():128 - Streaming message: Hello! You're speaking with the emergency call services.
2025-12-19 15:16:22.068	INFO    	emergency_main_graph.py:resume_from_persistence():131 - Resuming from persisted graph state...
2025-12-19 15:16:22.070	INFO    	emergency_main_graph.py:resume_from_persistence():132 - [Node] Greeting
2025-12-19 15:16:22.071	DEBUG   	emergency_main_graph.py:resume_from_persistence():135 - Resumed State:	{}
2025-12-19 15:16:22.105	INFO    	settings.py:async_print():96 - Hello! You're speaking with the emergency call services.
2025-12-19 15:16:22.130	DEBUG   	emergency_main_graph.py:run_graph():191 - [Node] ChooseQuestion
2025-12-19 15:16:22.174	DEBUG   	emergency_main_graph.py:run_graph():191 - [Node] AskCaller
2025-12-19 15:16:22.175	DEBUG   	emergency_main_graph.py:run_graph():194 - AskCaller(question='With whom am I speaking, please?')
2025-12-19 15:16:22.177	DEBUG   	app.py:stream_policy_messages():128 - Streaming message: With whom am I speaking, please?
2025-12-19 15:16:36.500	INFO    	app.py:stream_policy_messages():113 - User message: Hi, this is Nico calling. thanks for answering
2025-12-19 15:16:36.530	INFO    	emergency_main_graph.py:resume_from_persistence():131 - Resuming from persisted graph state...
2025-12-19 15:16:36.532	INFO    	emergency_main_graph.py:resume_from_persistence():132 - [Node] AskCaller
2025-12-19 15:16:36.534	DEBUG   	emergency_main_graph.py:resume_from_persistence():135 - Resumed State:	{'emergency_type': <EmergencyType.INTRO: 'intro'>}
2025-12-19 15:16:37.880	DEBUG   	emergency_main_graph.py:run_graph():191 - [Node] EvaluateAgentOutput
2025-12-19 15:16:37.903	INFO    	nodes.py:run():221 - Model returned new data
2025-12-19 15:16:37.904	DEBUG   	nodes.py:run():222 - New extracted state: {'caller_name': 'Nico'}
2025-12-19 15:16:37.948	DEBUG   	emergency_main_graph.py:run_graph():191 - [Node] MergeState
2025-12-19 15:16:37.976	DEBUG   	nodes.py:run():254 - Old State:	{'emergency_type': <EmergencyType.INTRO: 'intro'>}
2025-12-19 15:16:37.977	DEBUG   	nodes.py:run():257 - New State:	{'caller_name': 'Nico'}
2025-12-19 15:16:37.978	DEBUG   	nodes.py:run():264 - Merged State:	{'caller_name': 'Nico', 'emergency_type': <EmergencyType.INTRO: 'intro'>}
2025-12-19 15:16:38.031	DEBUG   	emergency_main_graph.py:run_graph():191 - [Node] EvaluateState
2025-12-19 15:16:38.061	DEBUG   	nodes.py:run():286 - Evaluate State:	{'caller_name': 'Nico', 'emergency_type': <EmergencyType.INTRO: 'intro'>}
2025-12-19 15:16:38.118	DEBUG   	emergency_main_graph.py:run_graph():191 - [Node] ChooseQuestion
2025-12-19 15:16:38.209	DEBUG   	emergency_main_graph.py:run_graph():191 - [Node] AskCaller
2025-12-19 15:16:38.210	DEBUG   	emergency_main_graph.py:run_graph():194 - AskCaller(question='Where exactly is the emergency location?')
2025-12-19 15:16:38.212	DEBUG   	app.py:stream_policy_messages():128 - Streaming message: Where exactly is the emergency location?
2025-12-19 15:17:03.305	INFO    	app.py:stream_policy_messages():113 - User message: it is at the Sparkasse in München-Freimann. Right besides the juvelery store there.
2025-12-19 15:17:03.367	INFO    	emergency_main_graph.py:resume_from_persistence():131 - Resuming from persisted graph state...
2025-12-19 15:17:03.369	INFO    	emergency_main_graph.py:resume_from_persistence():132 - [Node] AskCaller
2025-12-19 15:17:03.371	DEBUG   	emergency_main_graph.py:resume_from_persistence():135 - Resumed State:	{'caller_name': 'Nico', 'emergency_type': <EmergencyType.INTRO: 'intro'>}
2025-12-19 15:17:05.259	DEBUG   	emergency_main_graph.py:run_graph():191 - [Node] EvaluateAgentOutput
2025-12-19 15:17:05.303	INFO    	nodes.py:run():221 - Model returned new data
2025-12-19 15:17:05.304	DEBUG   	nodes.py:run():222 - New extracted state: {'emergency_location': 'Sparkasse in München-Freimann, right besides the jewelry store'}
2025-12-19 15:17:05.389	DEBUG   	emergency_main_graph.py:run_graph():191 - [Node] MergeState
2025-12-19 15:17:05.437	DEBUG   	nodes.py:run():254 - Old State:	{'caller_name': 'Nico', 'emergency_type': <EmergencyType.INTRO: 'intro'>}
2025-12-19 15:17:05.438	DEBUG   	nodes.py:run():257 - New State:	{'emergency_location': 'Sparkasse in München-Freimann, right besides the jewelry store'}
2025-12-19 15:17:05.440	DEBUG   	nodes.py:run():264 - Merged State:	{'caller_name': 'Nico', 'emergency_location': 'Sparkasse in München-Freimann, right besides the jewelry store', 'emergency_type': <EmergencyType.INTRO: 'intro'>}
2025-12-19 15:17:05.534	DEBUG   	emergency_main_graph.py:run_graph():191 - [Node] EvaluateState
2025-12-19 15:17:05.584	DEBUG   	nodes.py:run():286 - Evaluate State:	{'caller_name': 'Nico', 'emergency_location': 'Sparkasse in München-Freimann, right besides the jewelry store', 'emergency_type': <EmergencyType.INTRO: 'intro'>}
2025-12-19 15:17:05.683	DEBUG   	emergency_main_graph.py:run_graph():191 - [Node] ChooseQuestion
2025-12-19 15:17:05.836	DEBUG   	emergency_main_graph.py:run_graph():191 - [Node] AskCaller
2025-12-19 15:17:05.838	DEBUG   	emergency_main_graph.py:run_graph():194 - AskCaller(question='What has just happened acutely?')
2025-12-19 15:17:05.839	DEBUG   	app.py:stream_policy_messages():128 - Streaming message: What has just happened acutely?
2025-12-19 15:18:57.734	INFO    	app.py:stream_policy_messages():113 - User message: I was waiting at the ATM to withdraw some cash, so the person right infant of me using the ATM collapsed without any movement of holding himself somewhere. I tried to catch him but was too slow and he is too heavy, but I could manage to stop his head from crashing in the floor. I tested his pulse, but there is none. No movement or response at all right now.
2025-12-19 15:18:57.829	INFO    	emergency_main_graph.py:resume_from_persistence():131 - Resuming from persisted graph state...
2025-12-19 15:18:57.831	INFO    	emergency_main_graph.py:resume_from_persistence():132 - [Node] AskCaller
2025-12-19 15:18:57.832	DEBUG   	emergency_main_graph.py:resume_from_persistence():135 - Resumed State:	{'caller_name': 'Nico', 'emergency_location': 'Sparkasse in München-Freimann, right besides the jewelry store', 'emergency_type': <EmergencyType.INTRO: 'intro'>}
2025-12-19 15:19:00.883	DEBUG   	emergency_main_graph.py:run_graph():191 - [Node] EvaluateAgentOutput
2025-12-19 15:19:00.948	INFO    	nodes.py:run():221 - Model returned new data
2025-12-19 15:19:00.949	DEBUG   	nodes.py:run():222 - New extracted state: {'unconscious': True, 'cardiac_arrest': True, 'situation_description': 'A person collapsed at an ATM. The caller checked for a pulse and found none. The person is not moving or responding.', 'cpr_needed': True, 'rd1': True, 'rd2': True}
2025-12-19 15:19:01.090	DEBUG   	emergency_main_graph.py:run_graph():191 - [Node] MergeState
2025-12-19 15:19:01.158	DEBUG   	nodes.py:run():254 - Old State:	{'caller_name': 'Nico', 'emergency_location': 'Sparkasse in München-Freimann, right besides the jewelry store', 'emergency_type': <EmergencyType.INTRO: 'intro'>}
2025-12-19 15:19:01.161	DEBUG   	nodes.py:run():257 - New State:	{'unconscious': True, 'cardiac_arrest': True, 'situation_description': 'A person collapsed at an ATM. The caller checked for a pulse and found none. The person is not moving or responding.', 'cpr_needed': True, 'rd1': True, 'rd2': True}
2025-12-19 15:19:01.163	DEBUG   	nodes.py:run():264 - Merged State:	{'unconscious': True, 'cardiac_arrest': True, 'caller_name': 'Nico', 'emergency_location': 'Sparkasse in München-Freimann, right besides the jewelry store', 'emergency_type': <EmergencyType.INTRO: 'intro'>, 'situation_description': 'A person collapsed at an ATM. The caller checked for a pulse and found none. The person is not moving or responding.', 'cpr_needed': True, 'rd1': True, 'rd2': True}
2025-12-19 15:19:01.300	DEBUG   	emergency_main_graph.py:run_graph():191 - [Node] EvaluateState
2025-12-19 15:19:01.371	DEBUG   	nodes.py:run():286 - Evaluate State:	{'unconscious': True, 'cardiac_arrest': True, 'caller_name': 'Nico', 'emergency_location': 'Sparkasse in München-Freimann, right besides the jewelry store', 'emergency_type': <EmergencyType.INTRO: 'intro'>, 'situation_description': 'A person collapsed at an ATM. The caller checked for a pulse and found none. The person is not moving or responding.', 'cpr_needed': True, 'rd1': True, 'rd2': True}
2025-12-19 15:19:01.513	DEBUG   	emergency_main_graph.py:run_graph():191 - [Node] TCPR
2025-12-19 15:19:01.730	DEBUG   	emergency_main_graph.py:run_graph():191 - [Node] Disposition
2025-12-19 15:19:01.732	DEBUG   	app.py:stream_policy_messages():128 - Streaming message: A Vehicle is on it's way to you. Please stand by.
2025-12-19 15:19:02.346	INFO    	emergency_main_graph.py:resume_from_persistence():131 - Resuming from persisted graph state...
2025-12-19 15:19:02.348	INFO    	emergency_main_graph.py:resume_from_persistence():132 - [Node] Disposition
2025-12-19 15:19:02.349	DEBUG   	emergency_main_graph.py:resume_from_persistence():135 - Resumed State:	{'unconscious': True, 'cardiac_arrest': True, 'caller_name': 'Nico', 'emergency_location': 'Sparkasse in München-Freimann, right besides the jewelry store', 'emergency_type': <EmergencyType.MEDICAL: 'medical'>, 'situation_description': 'A person collapsed at an ATM. The caller checked for a pulse and found none. The person is not moving or responding.', 'cpr_needed': True, 'rd1': True, 'rd2': True}
2025-12-19 15:19:02.586	INFO    	nodes.py:run():478 - final state: {'unconscious': True, 'cardiac_arrest': True, 'caller_name': 'Nico', 'emergency_location': 'Sparkasse in München-Freimann, right besides the jewelry store', 'emergency_type': <EmergencyType.MEDICAL: 'medical'>, 'situation_description': 'A person collapsed at an ATM. The caller checked for a pulse and found none. The person is not moving or responding.', 'cpr_needed': True, 'rd1': True, 'rd2': True}
2025-12-19 15:19:02.589	INFO    	settings.py:async_print():96 - A Vehicle is on it's way to you. Please stand by.
2025-12-19 15:19:02.749	INFO    	settings.py:async_print():96 - The emergency call has been processed.
2025-12-19 15:21:32.200	INFO    	app.py:handle_survey_submit():713 - Survey saved for session 94e365cf-eada-4b7f-acae-ea477ad94a89
