2025-12-22 18:26:37.051	INFO    	logger.py:setup_session_logger():150 - Log Path: logs/FLAIRS39/ffd73b55003b4028a3b636204d9b3344/14be1cb378584aaf9fcf46a6dd8e7212
2025-12-22 18:26:37.053	WARNING 	core.py:init_session():158 - Session initialized: 14be1cb3-7858-4aaf-9fcf-46a6dd8e7212, ffd73b55-003b-4028-a3b6-36204d9b3344, graph
2025-12-22 18:26:40.582	INFO    	emergency_main_graph.py:resume_from_persistence():143 - Initializing new graph run...
2025-12-22 18:26:40.609	DEBUG   	emergency_main_graph.py:run_graph():191 - [Node] Greeting
2025-12-22 18:26:40.611	DEBUG   	app.py:stream_policy_messages():135 - Streaming message: Hello! You're speaking with the emergency call services.
2025-12-22 18:26:41.258	INFO    	emergency_main_graph.py:resume_from_persistence():131 - Resuming from persisted graph state...
2025-12-22 18:26:41.259	INFO    	emergency_main_graph.py:resume_from_persistence():132 - [Node] Greeting
2025-12-22 18:26:41.261	DEBUG   	emergency_main_graph.py:resume_from_persistence():135 - Resumed State:	{}
2025-12-22 18:26:41.297	INFO    	settings.py:async_print():96 - Hello! You're speaking with the emergency call services.
2025-12-22 18:26:41.324	DEBUG   	emergency_main_graph.py:run_graph():191 - [Node] ChooseQuestion
2025-12-22 18:26:41.366	DEBUG   	emergency_main_graph.py:run_graph():191 - [Node] AskCaller
2025-12-22 18:26:41.368	DEBUG   	emergency_main_graph.py:run_graph():194 - AskCaller(question='With whom am I speaking, please?')
2025-12-22 18:26:41.370	DEBUG   	app.py:stream_policy_messages():135 - Streaming message: With whom am I speaking, please?
2025-12-22 18:27:30.882	INFO    	app.py:stream_policy_messages():113 - User message: Hello my name is Simone
2025-12-22 18:27:30.913	INFO    	emergency_main_graph.py:resume_from_persistence():131 - Resuming from persisted graph state...
2025-12-22 18:27:30.915	INFO    	emergency_main_graph.py:resume_from_persistence():132 - [Node] AskCaller
2025-12-22 18:27:30.917	DEBUG   	emergency_main_graph.py:resume_from_persistence():135 - Resumed State:	{'emergency_type': <EmergencyType.INTRO: 'intro'>}
2025-12-22 18:27:32.875	DEBUG   	emergency_main_graph.py:run_graph():191 - [Node] EvaluateAgentOutput
2025-12-22 18:27:32.898	INFO    	nodes.py:run():221 - Model returned new data
2025-12-22 18:27:32.899	DEBUG   	nodes.py:run():222 - New extracted state: {'caller_name': 'Simone'}
2025-12-22 18:27:32.944	DEBUG   	emergency_main_graph.py:run_graph():191 - [Node] MergeState
2025-12-22 18:27:32.971	DEBUG   	nodes.py:run():254 - Old State:	{'emergency_type': <EmergencyType.INTRO: 'intro'>}
2025-12-22 18:27:32.973	DEBUG   	nodes.py:run():257 - New State:	{'caller_name': 'Simone'}
2025-12-22 18:27:32.974	DEBUG   	nodes.py:run():264 - Merged State:	{'caller_name': 'Simone', 'emergency_type': <EmergencyType.INTRO: 'intro'>}
2025-12-22 18:27:33.027	DEBUG   	emergency_main_graph.py:run_graph():191 - [Node] EvaluateState
2025-12-22 18:27:33.057	DEBUG   	nodes.py:run():286 - Evaluate State:	{'caller_name': 'Simone', 'emergency_type': <EmergencyType.INTRO: 'intro'>}
2025-12-22 18:27:33.114	DEBUG   	emergency_main_graph.py:run_graph():191 - [Node] ChooseQuestion
2025-12-22 18:27:33.205	DEBUG   	emergency_main_graph.py:run_graph():191 - [Node] AskCaller
2025-12-22 18:27:33.206	DEBUG   	emergency_main_graph.py:run_graph():194 - AskCaller(question='Where exactly is the emergency location?')
2025-12-22 18:27:33.208	DEBUG   	app.py:stream_policy_messages():135 - Streaming message: Where exactly is the emergency location?
2025-12-22 18:27:52.562	INFO    	app.py:stream_policy_messages():113 - User message: It's at Siemensweg 10 in Messkirch
2025-12-22 18:27:52.624	INFO    	emergency_main_graph.py:resume_from_persistence():131 - Resuming from persisted graph state...
2025-12-22 18:27:52.626	INFO    	emergency_main_graph.py:resume_from_persistence():132 - [Node] AskCaller
2025-12-22 18:27:52.628	DEBUG   	emergency_main_graph.py:resume_from_persistence():135 - Resumed State:	{'caller_name': 'Simone', 'emergency_type': <EmergencyType.INTRO: 'intro'>}
2025-12-22 18:27:54.043	DEBUG   	emergency_main_graph.py:run_graph():191 - [Node] EvaluateAgentOutput
2025-12-22 18:27:54.086	INFO    	nodes.py:run():221 - Model returned new data
2025-12-22 18:27:54.087	DEBUG   	nodes.py:run():222 - New extracted state: {'emergency_location': 'Siemensweg 10 in Messkirch'}
2025-12-22 18:27:54.172	DEBUG   	emergency_main_graph.py:run_graph():191 - [Node] MergeState
2025-12-22 18:27:54.219	DEBUG   	nodes.py:run():254 - Old State:	{'caller_name': 'Simone', 'emergency_type': <EmergencyType.INTRO: 'intro'>}
2025-12-22 18:27:54.221	DEBUG   	nodes.py:run():257 - New State:	{'emergency_location': 'Siemensweg 10 in Messkirch'}
2025-12-22 18:27:54.222	DEBUG   	nodes.py:run():264 - Merged State:	{'caller_name': 'Simone', 'emergency_location': 'Siemensweg 10 in Messkirch', 'emergency_type': <EmergencyType.INTRO: 'intro'>}
2025-12-22 18:27:54.316	DEBUG   	emergency_main_graph.py:run_graph():191 - [Node] EvaluateState
2025-12-22 18:27:54.366	DEBUG   	nodes.py:run():286 - Evaluate State:	{'caller_name': 'Simone', 'emergency_location': 'Siemensweg 10 in Messkirch', 'emergency_type': <EmergencyType.INTRO: 'intro'>}
2025-12-22 18:27:54.464	DEBUG   	emergency_main_graph.py:run_graph():191 - [Node] ChooseQuestion
2025-12-22 18:27:54.617	DEBUG   	emergency_main_graph.py:run_graph():191 - [Node] AskCaller
2025-12-22 18:27:54.618	DEBUG   	emergency_main_graph.py:run_graph():194 - AskCaller(question='What has just happened acutely?')
2025-12-22 18:27:54.620	DEBUG   	app.py:stream_policy_messages():135 - Streaming message: What has just happened acutely?
2025-12-22 18:28:16.676	INFO    	app.py:stream_policy_messages():113 - User message: I have an accident at work
2025-12-22 18:28:16.766	INFO    	emergency_main_graph.py:resume_from_persistence():131 - Resuming from persisted graph state...
2025-12-22 18:28:16.768	INFO    	emergency_main_graph.py:resume_from_persistence():132 - [Node] AskCaller
2025-12-22 18:28:16.770	DEBUG   	emergency_main_graph.py:resume_from_persistence():135 - Resumed State:	{'caller_name': 'Simone', 'emergency_location': 'Siemensweg 10 in Messkirch', 'emergency_type': <EmergencyType.INTRO: 'intro'>}
2025-12-22 18:28:18.629	DEBUG   	emergency_main_graph.py:run_graph():191 - [Node] EvaluateAgentOutput
2025-12-22 18:28:18.693	INFO    	nodes.py:run():221 - Model returned new data
2025-12-22 18:28:18.694	DEBUG   	nodes.py:run():222 - New extracted state: {'severe_accident': True, 'situation_description': 'accident at work', 'time_critical': True, 'rd1': True}
2025-12-22 18:28:18.820	DEBUG   	emergency_main_graph.py:run_graph():191 - [Node] MergeState
2025-12-22 18:28:18.888	DEBUG   	nodes.py:run():254 - Old State:	{'caller_name': 'Simone', 'emergency_location': 'Siemensweg 10 in Messkirch', 'emergency_type': <EmergencyType.INTRO: 'intro'>}
2025-12-22 18:28:18.890	DEBUG   	nodes.py:run():257 - New State:	{'severe_accident': True, 'situation_description': 'accident at work', 'time_critical': True, 'rd1': True}
2025-12-22 18:28:18.891	DEBUG   	nodes.py:run():264 - Merged State:	{'severe_accident': True, 'caller_name': 'Simone', 'emergency_location': 'Siemensweg 10 in Messkirch', 'emergency_type': <EmergencyType.INTRO: 'intro'>, 'situation_description': 'accident at work', 'time_critical': True, 'rd1': True}
2025-12-22 18:28:19.032	DEBUG   	emergency_main_graph.py:run_graph():191 - [Node] EvaluateState
2025-12-22 18:28:19.102	DEBUG   	nodes.py:run():286 - Evaluate State:	{'severe_accident': True, 'caller_name': 'Simone', 'emergency_location': 'Siemensweg 10 in Messkirch', 'emergency_type': <EmergencyType.INTRO: 'intro'>, 'situation_description': 'accident at work', 'time_critical': True, 'rd1': True}
2025-12-22 18:28:19.243	DEBUG   	emergency_main_graph.py:run_graph():191 - [Node] RD1
2025-12-22 18:28:19.316	INFO    	nodes.py:run():355 - Reached RD1
2025-12-22 18:28:19.318	INFO    	nodes.py:run():360 - Asking static question for RD2
2025-12-22 18:28:19.473	DEBUG   	emergency_main_graph.py:run_graph():191 - [Node] AskCaller
2025-12-22 18:28:19.474	DEBUG   	emergency_main_graph.py:run_graph():194 - AskCaller(question='Can you describe the situation with more detail?')
2025-12-22 18:28:19.476	DEBUG   	app.py:stream_policy_messages():135 - Streaming message: Can you describe the situation with more detail?
2025-12-22 18:28:37.297	INFO    	app.py:stream_policy_messages():113 - User message: A forklift drove over my foot
2025-12-22 18:28:37.415	INFO    	emergency_main_graph.py:resume_from_persistence():131 - Resuming from persisted graph state...
2025-12-22 18:28:37.417	INFO    	emergency_main_graph.py:resume_from_persistence():132 - [Node] AskCaller
2025-12-22 18:28:37.419	DEBUG   	emergency_main_graph.py:resume_from_persistence():135 - Resumed State:	{'severe_accident': True, 'caller_name': 'Simone', 'emergency_location': 'Siemensweg 10 in Messkirch', 'emergency_type': <EmergencyType.INTRO: 'intro'>, 'situation_description': 'accident at work', 'time_critical': True, 'rd1': True}
2025-12-22 18:28:39.754	DEBUG   	emergency_main_graph.py:run_graph():191 - [Node] EvaluateAgentOutput
2025-12-22 18:28:39.841	INFO    	nodes.py:run():221 - Model returned new data
2025-12-22 18:28:39.842	DEBUG   	nodes.py:run():222 - New extracted state: {'severe_pain': True, 'severe_accident': True, 'severe_injury': True, 'situation_description': 'A forklift drove over my foot.', 'time_critical': True, 'rd1': True}
2025-12-22 18:28:40.013	DEBUG   	emergency_main_graph.py:run_graph():191 - [Node] MergeState
2025-12-22 18:28:40.103	DEBUG   	nodes.py:run():254 - Old State:	{'severe_accident': True, 'caller_name': 'Simone', 'emergency_location': 'Siemensweg 10 in Messkirch', 'emergency_type': <EmergencyType.INTRO: 'intro'>, 'situation_description': 'accident at work', 'time_critical': True, 'rd1': True}
2025-12-22 18:28:40.106	DEBUG   	nodes.py:run():257 - New State:	{'severe_pain': True, 'severe_accident': True, 'severe_injury': True, 'situation_description': 'A forklift drove over my foot.', 'time_critical': True, 'rd1': True}
2025-12-22 18:28:40.108	DEBUG   	nodes.py:run():264 - Merged State:	{'severe_pain': True, 'severe_accident': True, 'severe_injury': True, 'caller_name': 'Simone', 'emergency_location': 'Siemensweg 10 in Messkirch', 'emergency_type': <EmergencyType.INTRO: 'intro'>, 'situation_description': 'A forklift drove over my foot.', 'time_critical': True, 'rd1': True}
2025-12-22 18:28:40.288	DEBUG   	emergency_main_graph.py:run_graph():191 - [Node] EvaluateState
2025-12-22 18:28:40.381	DEBUG   	nodes.py:run():286 - Evaluate State:	{'severe_pain': True, 'severe_accident': True, 'severe_injury': True, 'caller_name': 'Simone', 'emergency_location': 'Siemensweg 10 in Messkirch', 'emergency_type': <EmergencyType.INTRO: 'intro'>, 'situation_description': 'A forklift drove over my foot.', 'time_critical': True, 'rd1': True}
2025-12-22 18:28:40.566	DEBUG   	emergency_main_graph.py:run_graph():191 - [Node] RD1
2025-12-22 18:28:40.661	INFO    	nodes.py:run():355 - Reached RD1
2025-12-22 18:28:40.663	INFO    	nodes.py:run():370 - Forcing Agent to decide if enough information gathered...
2025-12-22 18:28:42.660	DEBUG   	nodes.py:run():386 - Enough info result (raw): EnoughInfoOutput(enough_information_gathered=True, next_question=None)
2025-12-22 18:28:42.662	INFO    	nodes.py:run():389 - Enough information gathered, accepting RD1
2025-12-22 18:28:42.880	DEBUG   	emergency_main_graph.py:run_graph():191 - [Node] EvaluateState
2025-12-22 18:28:42.977	DEBUG   	nodes.py:run():286 - Evaluate State:	{'severe_pain': True, 'severe_accident': True, 'severe_injury': True, 'caller_name': 'Simone', 'emergency_location': 'Siemensweg 10 in Messkirch', 'emergency_type': <EmergencyType.INTRO: 'intro'>, 'situation_description': 'A forklift drove over my foot.', 'time_critical': True, 'rd1': True}
2025-12-22 18:28:43.173	DEBUG   	emergency_main_graph.py:run_graph():191 - [Node] RD1
2025-12-22 18:28:43.274	INFO    	nodes.py:run():355 - Reached RD1
2025-12-22 18:28:43.275	INFO    	nodes.py:run():366 - No more questions needed, accepting RD1
2025-12-22 18:28:43.474	DEBUG   	emergency_main_graph.py:run_graph():191 - [Node] Disposition
2025-12-22 18:28:43.476	DEBUG   	app.py:stream_policy_messages():135 - Streaming message: A Vehicle is on it's way to you. Please stand by.
2025-12-22 18:28:44.123	INFO    	emergency_main_graph.py:resume_from_persistence():131 - Resuming from persisted graph state...
2025-12-22 18:28:44.125	INFO    	emergency_main_graph.py:resume_from_persistence():132 - [Node] Disposition
2025-12-22 18:28:44.126	DEBUG   	emergency_main_graph.py:resume_from_persistence():135 - Resumed State:	{'severe_pain': True, 'severe_accident': True, 'severe_injury': True, 'caller_name': 'Simone', 'emergency_location': 'Siemensweg 10 in Messkirch', 'emergency_type': <EmergencyType.INTRO: 'intro'>, 'situation_description': 'A forklift drove over my foot.', 'time_critical': True, 'rd1': True}
2025-12-22 18:28:44.442	INFO    	nodes.py:run():478 - final state: {'severe_pain': True, 'severe_accident': True, 'severe_injury': True, 'caller_name': 'Simone', 'emergency_location': 'Siemensweg 10 in Messkirch', 'emergency_type': <EmergencyType.INTRO: 'intro'>, 'situation_description': 'A forklift drove over my foot.', 'time_critical': True, 'rd1': True}
2025-12-22 18:28:44.444	INFO    	settings.py:async_print():96 - A Vehicle is on it's way to you. Please stand by.
2025-12-22 18:28:44.656	INFO    	settings.py:async_print():96 - The emergency call has been processed.
