2025-12-22 20:09:10.006	INFO    	logger.py:setup_session_logger():150 - Log Path: logs/FLAIRS39/ffd73b55003b4028a3b636204d9b3344/4b9c52f91da946b58033f69a0a6f09b2
2025-12-22 20:09:10.008	WARNING 	core.py:init_session():158 - Session initialized: 4b9c52f9-1da9-46b5-8033-f69a0a6f09b2, ffd73b55-003b-4028-a3b6-36204d9b3344, graph
2025-12-22 20:09:13.707	INFO    	emergency_main_graph.py:resume_from_persistence():143 - Initializing new graph run...
2025-12-22 20:09:13.735	DEBUG   	emergency_main_graph.py:run_graph():191 - [Node] Greeting
2025-12-22 20:09:13.738	DEBUG   	app.py:stream_policy_messages():135 - Streaming message: Hello! You're speaking with the emergency call services.
2025-12-22 20:09:14.385	INFO    	emergency_main_graph.py:resume_from_persistence():131 - Resuming from persisted graph state...
2025-12-22 20:09:14.387	INFO    	emergency_main_graph.py:resume_from_persistence():132 - [Node] Greeting
2025-12-22 20:09:14.389	DEBUG   	emergency_main_graph.py:resume_from_persistence():135 - Resumed State:	{}
2025-12-22 20:09:14.426	INFO    	settings.py:async_print():96 - Hello! You're speaking with the emergency call services.
2025-12-22 20:09:14.453	DEBUG   	emergency_main_graph.py:run_graph():191 - [Node] ChooseQuestion
2025-12-22 20:09:14.500	DEBUG   	emergency_main_graph.py:run_graph():191 - [Node] AskCaller
2025-12-22 20:09:14.501	DEBUG   	emergency_main_graph.py:run_graph():194 - AskCaller(question='With whom am I speaking, please?')
2025-12-22 20:09:14.504	DEBUG   	app.py:stream_policy_messages():135 - Streaming message: With whom am I speaking, please?
2025-12-22 20:09:47.836	INFO    	app.py:stream_policy_messages():113 - User message: Hi my name is Simone
2025-12-22 20:09:47.867	INFO    	emergency_main_graph.py:resume_from_persistence():131 - Resuming from persisted graph state...
2025-12-22 20:09:47.869	INFO    	emergency_main_graph.py:resume_from_persistence():132 - [Node] AskCaller
2025-12-22 20:09:47.871	DEBUG   	emergency_main_graph.py:resume_from_persistence():135 - Resumed State:	{'emergency_type': <EmergencyType.INTRO: 'intro'>}
2025-12-22 20:09:49.681	DEBUG   	emergency_main_graph.py:run_graph():191 - [Node] EvaluateAgentOutput
2025-12-22 20:09:49.714	INFO    	nodes.py:run():221 - Model returned new data
2025-12-22 20:09:49.715	DEBUG   	nodes.py:run():222 - New extracted state: {'caller_name': 'Simone'}
2025-12-22 20:09:49.778	DEBUG   	emergency_main_graph.py:run_graph():191 - [Node] MergeState
2025-12-22 20:09:49.813	DEBUG   	nodes.py:run():254 - Old State:	{'emergency_type': <EmergencyType.INTRO: 'intro'>}
2025-12-22 20:09:49.815	DEBUG   	nodes.py:run():257 - New State:	{'caller_name': 'Simone'}
2025-12-22 20:09:49.817	DEBUG   	nodes.py:run():264 - Merged State:	{'caller_name': 'Simone', 'emergency_type': <EmergencyType.INTRO: 'intro'>}
2025-12-22 20:09:49.882	DEBUG   	emergency_main_graph.py:run_graph():191 - [Node] EvaluateState
2025-12-22 20:09:49.912	DEBUG   	nodes.py:run():286 - Evaluate State:	{'caller_name': 'Simone', 'emergency_type': <EmergencyType.INTRO: 'intro'>}
2025-12-22 20:09:49.971	DEBUG   	emergency_main_graph.py:run_graph():191 - [Node] ChooseQuestion
2025-12-22 20:09:50.064	DEBUG   	emergency_main_graph.py:run_graph():191 - [Node] AskCaller
2025-12-22 20:09:50.065	DEBUG   	emergency_main_graph.py:run_graph():194 - AskCaller(question='Where exactly is the emergency location?')
2025-12-22 20:09:50.067	DEBUG   	app.py:stream_policy_messages():135 - Streaming message: Where exactly is the emergency location?
2025-12-22 20:10:09.129	INFO    	app.py:stream_policy_messages():113 - User message: It's at Siemensweg 10 in Messkirch
2025-12-22 20:10:09.193	INFO    	emergency_main_graph.py:resume_from_persistence():131 - Resuming from persisted graph state...
2025-12-22 20:10:09.195	INFO    	emergency_main_graph.py:resume_from_persistence():132 - [Node] AskCaller
2025-12-22 20:10:09.196	DEBUG   	emergency_main_graph.py:resume_from_persistence():135 - Resumed State:	{'caller_name': 'Simone', 'emergency_type': <EmergencyType.INTRO: 'intro'>}
2025-12-22 20:10:10.636	DEBUG   	emergency_main_graph.py:run_graph():191 - [Node] EvaluateAgentOutput
2025-12-22 20:10:10.681	INFO    	nodes.py:run():221 - Model returned new data
2025-12-22 20:10:10.682	DEBUG   	nodes.py:run():222 - New extracted state: {'emergency_location': 'Siemensweg 10 in Messkirch'}
2025-12-22 20:10:10.767	DEBUG   	emergency_main_graph.py:run_graph():191 - [Node] MergeState
2025-12-22 20:10:10.815	DEBUG   	nodes.py:run():254 - Old State:	{'caller_name': 'Simone', 'emergency_type': <EmergencyType.INTRO: 'intro'>}
2025-12-22 20:10:10.817	DEBUG   	nodes.py:run():257 - New State:	{'emergency_location': 'Siemensweg 10 in Messkirch'}
2025-12-22 20:10:10.818	DEBUG   	nodes.py:run():264 - Merged State:	{'caller_name': 'Simone', 'emergency_location': 'Siemensweg 10 in Messkirch', 'emergency_type': <EmergencyType.INTRO: 'intro'>}
2025-12-22 20:10:10.913	DEBUG   	emergency_main_graph.py:run_graph():191 - [Node] EvaluateState
2025-12-22 20:10:10.963	DEBUG   	nodes.py:run():286 - Evaluate State:	{'caller_name': 'Simone', 'emergency_location': 'Siemensweg 10 in Messkirch', 'emergency_type': <EmergencyType.INTRO: 'intro'>}
2025-12-22 20:10:11.062	DEBUG   	emergency_main_graph.py:run_graph():191 - [Node] ChooseQuestion
2025-12-22 20:10:11.225	DEBUG   	emergency_main_graph.py:run_graph():191 - [Node] AskCaller
2025-12-22 20:10:11.227	DEBUG   	emergency_main_graph.py:run_graph():194 - AskCaller(question='What has just happened acutely?')
2025-12-22 20:10:11.229	DEBUG   	app.py:stream_policy_messages():135 - Streaming message: What has just happened acutely?
2025-12-22 20:10:48.937	INFO    	app.py:stream_policy_messages():113 - User message: I found my father lying on the floor
2025-12-22 20:10:49.024	INFO    	emergency_main_graph.py:resume_from_persistence():131 - Resuming from persisted graph state...
2025-12-22 20:10:49.026	INFO    	emergency_main_graph.py:resume_from_persistence():132 - [Node] AskCaller
2025-12-22 20:10:49.028	DEBUG   	emergency_main_graph.py:resume_from_persistence():135 - Resumed State:	{'caller_name': 'Simone', 'emergency_location': 'Siemensweg 10 in Messkirch', 'emergency_type': <EmergencyType.INTRO: 'intro'>}
2025-12-22 20:10:51.120	DEBUG   	emergency_main_graph.py:run_graph():191 - [Node] EvaluateAgentOutput
2025-12-22 20:10:51.186	INFO    	nodes.py:run():221 - Model returned new data
2025-12-22 20:10:51.187	DEBUG   	nodes.py:run():222 - New extracted state: {'situation_description': 'I found my father lying on the floor.'}
2025-12-22 20:10:51.316	DEBUG   	emergency_main_graph.py:run_graph():191 - [Node] MergeState
2025-12-22 20:10:51.385	DEBUG   	nodes.py:run():254 - Old State:	{'caller_name': 'Simone', 'emergency_location': 'Siemensweg 10 in Messkirch', 'emergency_type': <EmergencyType.INTRO: 'intro'>}
2025-12-22 20:10:51.387	DEBUG   	nodes.py:run():257 - New State:	{'situation_description': 'I found my father lying on the floor.'}
2025-12-22 20:10:51.389	DEBUG   	nodes.py:run():264 - Merged State:	{'caller_name': 'Simone', 'emergency_location': 'Siemensweg 10 in Messkirch', 'emergency_type': <EmergencyType.INTRO: 'intro'>, 'situation_description': 'I found my father lying on the floor.'}
2025-12-22 20:10:51.528	DEBUG   	emergency_main_graph.py:run_graph():191 - [Node] EvaluateState
2025-12-22 20:10:51.600	DEBUG   	nodes.py:run():286 - Evaluate State:	{'caller_name': 'Simone', 'emergency_location': 'Siemensweg 10 in Messkirch', 'emergency_type': <EmergencyType.INTRO: 'intro'>, 'situation_description': 'I found my father lying on the floor.'}
2025-12-22 20:10:51.744	DEBUG   	emergency_main_graph.py:run_graph():191 - [Node] ChooseQuestion
2025-12-22 20:10:51.820	DEBUG   	nodes.py:run():135 - No more questions in current set
2025-12-22 20:10:51.970	DEBUG   	emergency_main_graph.py:run_graph():191 - [Node] ChooseSubGraph
2025-12-22 20:10:52.047	INFO    	nodes.py:run():316 - Forcing Agent to decide the Emergency type...
2025-12-22 20:10:52.664	DEBUG   	nodes.py:run():326 - Result type: <enum 'EmergencyType'>
2025-12-22 20:10:52.665	DEBUG   	nodes.py:run():327 - Emergency type: medical
2025-12-22 20:10:52.820	DEBUG   	emergency_main_graph.py:run_graph():191 - [Node] EvaluateAgentOutput
2025-12-22 20:10:52.903	INFO    	nodes.py:run():221 - Model returned new data
2025-12-22 20:10:52.904	DEBUG   	nodes.py:run():222 - New extracted state: {'emergency_type': <EmergencyType.MEDICAL: 'medical'>}
2025-12-22 20:10:53.068	DEBUG   	emergency_main_graph.py:run_graph():191 - [Node] MergeState
2025-12-22 20:10:53.155	DEBUG   	nodes.py:run():254 - Old State:	{'caller_name': 'Simone', 'emergency_location': 'Siemensweg 10 in Messkirch', 'emergency_type': <EmergencyType.INTRO: 'intro'>, 'situation_description': 'I found my father lying on the floor.'}
2025-12-22 20:10:53.157	DEBUG   	nodes.py:run():257 - New State:	{'emergency_type': <EmergencyType.MEDICAL: 'medical'>}
2025-12-22 20:10:53.158	DEBUG   	nodes.py:run():264 - Merged State:	{'caller_name': 'Simone', 'emergency_location': 'Siemensweg 10 in Messkirch', 'emergency_type': <EmergencyType.MEDICAL: 'medical'>, 'situation_description': 'I found my father lying on the floor.'}
2025-12-22 20:10:53.336	DEBUG   	emergency_main_graph.py:run_graph():191 - [Node] EvaluateState
2025-12-22 20:10:53.425	DEBUG   	nodes.py:run():286 - Evaluate State:	{'caller_name': 'Simone', 'emergency_location': 'Siemensweg 10 in Messkirch', 'emergency_type': <EmergencyType.MEDICAL: 'medical'>, 'situation_description': 'I found my father lying on the floor.'}
2025-12-22 20:10:53.605	DEBUG   	emergency_main_graph.py:run_graph():191 - [Node] ChooseQuestion
2025-12-22 20:10:53.878	DEBUG   	emergency_main_graph.py:run_graph():191 - [Node] AskCaller
2025-12-22 20:10:53.880	DEBUG   	emergency_main_graph.py:run_graph():194 - AskCaller(question='Is the patient getting enough air now?')
2025-12-22 20:10:53.882	DEBUG   	app.py:stream_policy_messages():135 - Streaming message: Is the patient getting enough air now?
2025-12-22 20:11:13.274	INFO    	app.py:stream_policy_messages():113 - User message: Yes he can breath
2025-12-22 20:11:13.398	INFO    	emergency_main_graph.py:resume_from_persistence():131 - Resuming from persisted graph state...
2025-12-22 20:11:13.400	INFO    	emergency_main_graph.py:resume_from_persistence():132 - [Node] AskCaller
2025-12-22 20:11:13.401	DEBUG   	emergency_main_graph.py:resume_from_persistence():135 - Resumed State:	{'caller_name': 'Simone', 'emergency_location': 'Siemensweg 10 in Messkirch', 'emergency_type': <EmergencyType.MEDICAL: 'medical'>, 'situation_description': 'I found my father lying on the floor.'}
2025-12-22 20:11:15.393	DEBUG   	emergency_main_graph.py:run_graph():191 - [Node] EvaluateAgentOutput
2025-12-22 20:11:15.496	INFO    	nodes.py:run():221 - Model returned new data
2025-12-22 20:11:15.497	DEBUG   	nodes.py:run():222 - New extracted state: {'now_insufficient_air': False}
2025-12-22 20:11:15.701	DEBUG   	emergency_main_graph.py:run_graph():191 - [Node] MergeState
2025-12-22 20:11:15.809	DEBUG   	nodes.py:run():254 - Old State:	{'caller_name': 'Simone', 'emergency_location': 'Siemensweg 10 in Messkirch', 'emergency_type': <EmergencyType.MEDICAL: 'medical'>, 'situation_description': 'I found my father lying on the floor.'}
2025-12-22 20:11:15.811	DEBUG   	nodes.py:run():257 - New State:	{'now_insufficient_air': False}
2025-12-22 20:11:15.812	DEBUG   	nodes.py:run():264 - Merged State:	{'now_insufficient_air': False, 'caller_name': 'Simone', 'emergency_location': 'Siemensweg 10 in Messkirch', 'emergency_type': <EmergencyType.MEDICAL: 'medical'>, 'situation_description': 'I found my father lying on the floor.'}
2025-12-22 20:11:16.030	DEBUG   	emergency_main_graph.py:run_graph():191 - [Node] EvaluateState
2025-12-22 20:11:16.141	DEBUG   	nodes.py:run():286 - Evaluate State:	{'now_insufficient_air': False, 'caller_name': 'Simone', 'emergency_location': 'Siemensweg 10 in Messkirch', 'emergency_type': <EmergencyType.MEDICAL: 'medical'>, 'situation_description': 'I found my father lying on the floor.'}
2025-12-22 20:11:16.363	DEBUG   	emergency_main_graph.py:run_graph():191 - [Node] ChooseQuestion
2025-12-22 20:11:16.702	DEBUG   	emergency_main_graph.py:run_graph():191 - [Node] AskCaller
2025-12-22 20:11:16.703	DEBUG   	emergency_main_graph.py:run_graph():194 - AskCaller(question='Is the patient reacting normally now when spoken to?')
2025-12-22 20:11:16.705	DEBUG   	app.py:stream_policy_messages():135 - Streaming message: Is the patient reacting normally now when spoken to?
2025-12-22 20:11:51.548	INFO    	app.py:stream_policy_messages():113 - User message: He is reacting, but he is 90 years old
2025-12-22 20:11:51.697	INFO    	emergency_main_graph.py:resume_from_persistence():131 - Resuming from persisted graph state...
2025-12-22 20:11:51.698	INFO    	emergency_main_graph.py:resume_from_persistence():132 - [Node] AskCaller
2025-12-22 20:11:51.699	DEBUG   	emergency_main_graph.py:resume_from_persistence():135 - Resumed State:	{'now_insufficient_air': False, 'caller_name': 'Simone', 'emergency_location': 'Siemensweg 10 in Messkirch', 'emergency_type': <EmergencyType.MEDICAL: 'medical'>, 'situation_description': 'I found my father lying on the floor.'}
2025-12-22 20:11:54.760	DEBUG   	emergency_main_graph.py:run_graph():191 - [Node] EvaluateAgentOutput
2025-12-22 20:11:54.886	INFO    	nodes.py:run():221 - Model returned new data
2025-12-22 20:11:54.888	DEBUG   	nodes.py:run():222 - New extracted state: {'now_unresponsive': False}
2025-12-22 20:11:55.140	DEBUG   	emergency_main_graph.py:run_graph():191 - [Node] MergeState
2025-12-22 20:11:55.274	DEBUG   	nodes.py:run():254 - Old State:	{'now_insufficient_air': False, 'caller_name': 'Simone', 'emergency_location': 'Siemensweg 10 in Messkirch', 'emergency_type': <EmergencyType.MEDICAL: 'medical'>, 'situation_description': 'I found my father lying on the floor.'}
2025-12-22 20:11:55.276	DEBUG   	nodes.py:run():257 - New State:	{'now_unresponsive': False}
2025-12-22 20:11:55.277	DEBUG   	nodes.py:run():264 - Merged State:	{'now_unresponsive': False, 'now_insufficient_air': False, 'caller_name': 'Simone', 'emergency_location': 'Siemensweg 10 in Messkirch', 'emergency_type': <EmergencyType.MEDICAL: 'medical'>, 'situation_description': 'I found my father lying on the floor.'}
2025-12-22 20:11:55.539	DEBUG   	emergency_main_graph.py:run_graph():191 - [Node] EvaluateState
2025-12-22 20:11:55.672	DEBUG   	nodes.py:run():286 - Evaluate State:	{'now_unresponsive': False, 'now_insufficient_air': False, 'caller_name': 'Simone', 'emergency_location': 'Siemensweg 10 in Messkirch', 'emergency_type': <EmergencyType.MEDICAL: 'medical'>, 'situation_description': 'I found my father lying on the floor.'}
2025-12-22 20:11:55.937	DEBUG   	emergency_main_graph.py:run_graph():191 - [Node] ChooseQuestion
2025-12-22 20:11:56.372	DEBUG   	emergency_main_graph.py:run_graph():191 - [Node] AskCaller
2025-12-22 20:11:56.373	DEBUG   	emergency_main_graph.py:run_graph():194 - AskCaller(question='Is there now acute burning, pressure, tightness or pain in the chest area (possibly radiating to the neck, jaw, upper abdomen or arms)?')
2025-12-22 20:11:56.375	DEBUG   	app.py:stream_policy_messages():135 - Streaming message: Is there now acute burning, pressure, tightness or pain in the chest area (possibly radiating to the neck, jaw, upper abdomen or arms)?
2025-12-22 20:12:28.055	INFO    	app.py:stream_policy_messages():113 - User message: No, it's not
2025-12-22 20:12:28.241	INFO    	emergency_main_graph.py:resume_from_persistence():131 - Resuming from persisted graph state...
2025-12-22 20:12:28.242	INFO    	emergency_main_graph.py:resume_from_persistence():132 - [Node] AskCaller
2025-12-22 20:12:28.243	DEBUG   	emergency_main_graph.py:resume_from_persistence():135 - Resumed State:	{'now_unresponsive': False, 'now_insufficient_air': False, 'caller_name': 'Simone', 'emergency_location': 'Siemensweg 10 in Messkirch', 'emergency_type': <EmergencyType.MEDICAL: 'medical'>, 'situation_description': 'I found my father lying on the floor.'}
2025-12-22 20:12:30.713	DEBUG   	emergency_main_graph.py:run_graph():191 - [Node] EvaluateAgentOutput
2025-12-22 20:12:30.863	INFO    	nodes.py:run():221 - Model returned new data
2025-12-22 20:12:30.864	DEBUG   	nodes.py:run():222 - New extracted state: {'acute_chest_discomfort': False, 'acute_chest_pain': False}
2025-12-22 20:12:31.165	DEBUG   	emergency_main_graph.py:run_graph():191 - [Node] MergeState
2025-12-22 20:12:31.319	DEBUG   	nodes.py:run():254 - Old State:	{'now_unresponsive': False, 'now_insufficient_air': False, 'caller_name': 'Simone', 'emergency_location': 'Siemensweg 10 in Messkirch', 'emergency_type': <EmergencyType.MEDICAL: 'medical'>, 'situation_description': 'I found my father lying on the floor.'}
2025-12-22 20:12:31.322	DEBUG   	nodes.py:run():257 - New State:	{'acute_chest_discomfort': False, 'acute_chest_pain': False}
2025-12-22 20:12:31.323	DEBUG   	nodes.py:run():264 - Merged State:	{'acute_chest_discomfort': False, 'acute_chest_pain': False, 'now_unresponsive': False, 'now_insufficient_air': False, 'caller_name': 'Simone', 'emergency_location': 'Siemensweg 10 in Messkirch', 'emergency_type': <EmergencyType.MEDICAL: 'medical'>, 'situation_description': 'I found my father lying on the floor.'}
2025-12-22 20:12:31.633	DEBUG   	emergency_main_graph.py:run_graph():191 - [Node] EvaluateState
2025-12-22 20:12:31.788	DEBUG   	nodes.py:run():286 - Evaluate State:	{'acute_chest_discomfort': False, 'acute_chest_pain': False, 'now_unresponsive': False, 'now_insufficient_air': False, 'caller_name': 'Simone', 'emergency_location': 'Siemensweg 10 in Messkirch', 'emergency_type': <EmergencyType.MEDICAL: 'medical'>, 'situation_description': 'I found my father lying on the floor.'}
2025-12-22 20:12:32.102	DEBUG   	emergency_main_graph.py:run_graph():191 - [Node] ChooseQuestion
2025-12-22 20:12:32.577	DEBUG   	emergency_main_graph.py:run_graph():191 - [Node] AskCaller
2025-12-22 20:12:32.578	DEBUG   	emergency_main_graph.py:run_graph():194 - AskCaller(question='Is there an acute circulatory problem?')
2025-12-22 20:12:32.580	DEBUG   	app.py:stream_policy_messages():135 - Streaming message: Is there an acute circulatory problem?
2025-12-22 20:13:01.264	INFO    	app.py:stream_policy_messages():113 - User message: No, it's not
2025-12-22 20:13:01.464	INFO    	emergency_main_graph.py:resume_from_persistence():131 - Resuming from persisted graph state...
2025-12-22 20:13:01.465	INFO    	emergency_main_graph.py:resume_from_persistence():132 - [Node] AskCaller
2025-12-22 20:13:01.467	DEBUG   	emergency_main_graph.py:resume_from_persistence():135 - Resumed State:	{'acute_chest_discomfort': False, 'acute_chest_pain': False, 'now_unresponsive': False, 'now_insufficient_air': False, 'caller_name': 'Simone', 'emergency_location': 'Siemensweg 10 in Messkirch', 'emergency_type': <EmergencyType.MEDICAL: 'medical'>, 'situation_description': 'I found my father lying on the floor.'}
2025-12-22 20:13:03.825	DEBUG   	emergency_main_graph.py:run_graph():191 - [Node] EvaluateAgentOutput
2025-12-22 20:13:03.996	INFO    	nodes.py:run():221 - Model returned new data
2025-12-22 20:13:03.998	DEBUG   	nodes.py:run():222 - New extracted state: {'acute_circulatory_problems': False}
2025-12-22 20:13:04.340	DEBUG   	emergency_main_graph.py:run_graph():191 - [Node] MergeState
2025-12-22 20:13:04.517	DEBUG   	nodes.py:run():254 - Old State:	{'acute_chest_discomfort': False, 'acute_chest_pain': False, 'now_unresponsive': False, 'now_insufficient_air': False, 'caller_name': 'Simone', 'emergency_location': 'Siemensweg 10 in Messkirch', 'emergency_type': <EmergencyType.MEDICAL: 'medical'>, 'situation_description': 'I found my father lying on the floor.'}
2025-12-22 20:13:04.520	DEBUG   	nodes.py:run():257 - New State:	{'acute_circulatory_problems': False}
2025-12-22 20:13:04.521	DEBUG   	nodes.py:run():264 - Merged State:	{'acute_chest_discomfort': False, 'acute_circulatory_problems': False, 'acute_chest_pain': False, 'now_unresponsive': False, 'now_insufficient_air': False, 'caller_name': 'Simone', 'emergency_location': 'Siemensweg 10 in Messkirch', 'emergency_type': <EmergencyType.MEDICAL: 'medical'>, 'situation_description': 'I found my father lying on the floor.'}
2025-12-22 20:13:04.897	DEBUG   	emergency_main_graph.py:run_graph():191 - [Node] EvaluateState
2025-12-22 20:13:05.160	DEBUG   	nodes.py:run():286 - Evaluate State:	{'acute_chest_discomfort': False, 'acute_circulatory_problems': False, 'acute_chest_pain': False, 'now_unresponsive': False, 'now_insufficient_air': False, 'caller_name': 'Simone', 'emergency_location': 'Siemensweg 10 in Messkirch', 'emergency_type': <EmergencyType.MEDICAL: 'medical'>, 'situation_description': 'I found my father lying on the floor.'}
2025-12-22 20:13:05.562	DEBUG   	emergency_main_graph.py:run_graph():191 - [Node] ChooseQuestion
2025-12-22 20:13:06.280	DEBUG   	emergency_main_graph.py:run_graph():191 - [Node] AskCaller
2025-12-22 20:13:06.281	DEBUG   	emergency_main_graph.py:run_graph():194 - AskCaller(question='Have there been acute occurrences of paralysis (arms, legs, drooping mouth corner)?')
2025-12-22 20:13:06.283	DEBUG   	app.py:stream_policy_messages():135 - Streaming message: Have there been acute occurrences of paralysis (arms, legs, drooping mouth corner)?
2025-12-22 20:13:46.213	INFO    	app.py:stream_policy_messages():113 - User message: No there aren't
2025-12-22 20:13:46.521	INFO    	emergency_main_graph.py:resume_from_persistence():131 - Resuming from persisted graph state...
2025-12-22 20:13:46.523	INFO    	emergency_main_graph.py:resume_from_persistence():132 - [Node] AskCaller
2025-12-22 20:13:46.524	DEBUG   	emergency_main_graph.py:resume_from_persistence():135 - Resumed State:	{'acute_chest_discomfort': False, 'acute_circulatory_problems': False, 'acute_chest_pain': False, 'now_unresponsive': False, 'now_insufficient_air': False, 'caller_name': 'Simone', 'emergency_location': 'Siemensweg 10 in Messkirch', 'emergency_type': <EmergencyType.MEDICAL: 'medical'>, 'situation_description': 'I found my father lying on the floor.'}
2025-12-22 20:13:49.572	DEBUG   	emergency_main_graph.py:run_graph():191 - [Node] EvaluateAgentOutput
2025-12-22 20:13:49.789	INFO    	nodes.py:run():221 - Model returned new data
2025-12-22 20:13:49.790	DEBUG   	nodes.py:run():222 - New extracted state: {'acute_paralysis': False}
2025-12-22 20:13:50.228	DEBUG   	emergency_main_graph.py:run_graph():191 - [Node] MergeState
2025-12-22 20:13:50.451	DEBUG   	nodes.py:run():254 - Old State:	{'acute_chest_discomfort': False, 'acute_circulatory_problems': False, 'acute_chest_pain': False, 'now_unresponsive': False, 'now_insufficient_air': False, 'caller_name': 'Simone', 'emergency_location': 'Siemensweg 10 in Messkirch', 'emergency_type': <EmergencyType.MEDICAL: 'medical'>, 'situation_description': 'I found my father lying on the floor.'}
2025-12-22 20:13:50.454	DEBUG   	nodes.py:run():257 - New State:	{'acute_paralysis': False}
2025-12-22 20:13:50.455	DEBUG   	nodes.py:run():264 - Merged State:	{'acute_paralysis': False, 'acute_chest_discomfort': False, 'acute_circulatory_problems': False, 'acute_chest_pain': False, 'now_unresponsive': False, 'now_insufficient_air': False, 'caller_name': 'Simone', 'emergency_location': 'Siemensweg 10 in Messkirch', 'emergency_type': <EmergencyType.MEDICAL: 'medical'>, 'situation_description': 'I found my father lying on the floor.'}
2025-12-22 20:13:51.305	DEBUG   	emergency_main_graph.py:run_graph():191 - [Node] EvaluateState
2025-12-22 20:13:51.663	DEBUG   	nodes.py:run():286 - Evaluate State:	{'acute_paralysis': False, 'acute_chest_discomfort': False, 'acute_circulatory_problems': False, 'acute_chest_pain': False, 'now_unresponsive': False, 'now_insufficient_air': False, 'caller_name': 'Simone', 'emergency_location': 'Siemensweg 10 in Messkirch', 'emergency_type': <EmergencyType.MEDICAL: 'medical'>, 'situation_description': 'I found my father lying on the floor.'}
2025-12-22 20:13:52.345	DEBUG   	emergency_main_graph.py:run_graph():191 - [Node] ChooseQuestion
2025-12-22 20:13:53.318	DEBUG   	emergency_main_graph.py:run_graph():191 - [Node] AskCaller
2025-12-22 20:13:53.319	DEBUG   	emergency_main_graph.py:run_graph():194 - AskCaller(question='Have there been acute speech, language, or comprehension disturbances?')
2025-12-22 20:13:53.321	DEBUG   	app.py:stream_policy_messages():135 - Streaming message: Have there been acute speech, language, or comprehension disturbances?
2025-12-22 20:14:40.268	INFO    	app.py:stream_policy_messages():113 - User message: No, there isn't. But he feels dizzy
2025-12-22 20:14:40.594	INFO    	emergency_main_graph.py:resume_from_persistence():131 - Resuming from persisted graph state...
2025-12-22 20:14:40.595	INFO    	emergency_main_graph.py:resume_from_persistence():132 - [Node] AskCaller
2025-12-22 20:14:40.596	DEBUG   	emergency_main_graph.py:resume_from_persistence():135 - Resumed State:	{'acute_paralysis': False, 'acute_chest_discomfort': False, 'acute_circulatory_problems': False, 'acute_chest_pain': False, 'now_unresponsive': False, 'now_insufficient_air': False, 'caller_name': 'Simone', 'emergency_location': 'Siemensweg 10 in Messkirch', 'emergency_type': <EmergencyType.MEDICAL: 'medical'>, 'situation_description': 'I found my father lying on the floor.'}
2025-12-22 20:14:44.177	DEBUG   	emergency_main_graph.py:run_graph():191 - [Node] EvaluateAgentOutput
2025-12-22 20:14:44.419	INFO    	nodes.py:run():221 - Model returned new data
2025-12-22 20:14:44.420	DEBUG   	nodes.py:run():222 - New extracted state: {'acute_speech_disorder': False, 'acute_speech_comprehension_disorder': False}
2025-12-22 20:14:44.908	DEBUG   	emergency_main_graph.py:run_graph():191 - [Node] MergeState
2025-12-22 20:14:45.156	DEBUG   	nodes.py:run():254 - Old State:	{'acute_paralysis': False, 'acute_chest_discomfort': False, 'acute_circulatory_problems': False, 'acute_chest_pain': False, 'now_unresponsive': False, 'now_insufficient_air': False, 'caller_name': 'Simone', 'emergency_location': 'Siemensweg 10 in Messkirch', 'emergency_type': <EmergencyType.MEDICAL: 'medical'>, 'situation_description': 'I found my father lying on the floor.'}
2025-12-22 20:14:45.158	DEBUG   	nodes.py:run():257 - New State:	{'acute_speech_disorder': False, 'acute_speech_comprehension_disorder': False}
2025-12-22 20:14:45.160	DEBUG   	nodes.py:run():264 - Merged State:	{'acute_paralysis': False, 'acute_speech_disorder': False, 'acute_speech_comprehension_disorder': False, 'acute_chest_discomfort': False, 'acute_circulatory_problems': False, 'acute_chest_pain': False, 'now_unresponsive': False, 'now_insufficient_air': False, 'caller_name': 'Simone', 'emergency_location': 'Siemensweg 10 in Messkirch', 'emergency_type': <EmergencyType.MEDICAL: 'medical'>, 'situation_description': 'I found my father lying on the floor.'}
2025-12-22 20:14:45.760	DEBUG   	emergency_main_graph.py:run_graph():191 - [Node] EvaluateState
2025-12-22 20:14:46.009	DEBUG   	nodes.py:run():286 - Evaluate State:	{'acute_paralysis': False, 'acute_speech_disorder': False, 'acute_speech_comprehension_disorder': False, 'acute_chest_discomfort': False, 'acute_circulatory_problems': False, 'acute_chest_pain': False, 'now_unresponsive': False, 'now_insufficient_air': False, 'caller_name': 'Simone', 'emergency_location': 'Siemensweg 10 in Messkirch', 'emergency_type': <EmergencyType.MEDICAL: 'medical'>, 'situation_description': 'I found my father lying on the floor.'}
2025-12-22 20:14:46.583	DEBUG   	emergency_main_graph.py:run_graph():191 - [Node] ChooseQuestion
2025-12-22 20:14:47.400	DEBUG   	emergency_main_graph.py:run_graph():191 - [Node] AskCaller
2025-12-22 20:14:47.402	DEBUG   	emergency_main_graph.py:run_graph():194 - AskCaller(question='Have there been acute visual disturbances (double vision, blindness, field of view loss)?')
2025-12-22 20:14:47.405	DEBUG   	app.py:stream_policy_messages():135 - Streaming message: Have there been acute visual disturbances (double vision, blindness, field of view loss)?
2025-12-22 20:15:07.877	INFO    	app.py:stream_policy_messages():113 - User message: There are no visual disturbances
2025-12-22 20:15:08.158	INFO    	emergency_main_graph.py:resume_from_persistence():131 - Resuming from persisted graph state...
2025-12-22 20:15:08.160	INFO    	emergency_main_graph.py:resume_from_persistence():132 - [Node] AskCaller
2025-12-22 20:15:08.161	DEBUG   	emergency_main_graph.py:resume_from_persistence():135 - Resumed State:	{'acute_paralysis': False, 'acute_speech_disorder': False, 'acute_speech_comprehension_disorder': False, 'acute_chest_discomfort': False, 'acute_circulatory_problems': False, 'acute_chest_pain': False, 'now_unresponsive': False, 'now_insufficient_air': False, 'caller_name': 'Simone', 'emergency_location': 'Siemensweg 10 in Messkirch', 'emergency_type': <EmergencyType.MEDICAL: 'medical'>, 'situation_description': 'I found my father lying on the floor.'}
2025-12-22 20:15:11.588	DEBUG   	emergency_main_graph.py:run_graph():191 - [Node] EvaluateAgentOutput
2025-12-22 20:15:12.001	INFO    	nodes.py:run():221 - Model returned new data
2025-12-22 20:15:12.002	DEBUG   	nodes.py:run():222 - New extracted state: {'acute_visual_disturbance': False}
2025-12-22 20:15:12.779	DEBUG   	emergency_main_graph.py:run_graph():191 - [Node] MergeState
2025-12-22 20:15:13.193	DEBUG   	nodes.py:run():254 - Old State:	{'acute_paralysis': False, 'acute_speech_disorder': False, 'acute_speech_comprehension_disorder': False, 'acute_chest_discomfort': False, 'acute_circulatory_problems': False, 'acute_chest_pain': False, 'now_unresponsive': False, 'now_insufficient_air': False, 'caller_name': 'Simone', 'emergency_location': 'Siemensweg 10 in Messkirch', 'emergency_type': <EmergencyType.MEDICAL: 'medical'>, 'situation_description': 'I found my father lying on the floor.'}
2025-12-22 20:15:13.195	DEBUG   	nodes.py:run():257 - New State:	{'acute_visual_disturbance': False}
2025-12-22 20:15:13.197	DEBUG   	nodes.py:run():264 - Merged State:	{'acute_paralysis': False, 'acute_speech_disorder': False, 'acute_speech_comprehension_disorder': False, 'acute_visual_disturbance': False, 'acute_chest_discomfort': False, 'acute_circulatory_problems': False, 'acute_chest_pain': False, 'now_unresponsive': False, 'now_insufficient_air': False, 'caller_name': 'Simone', 'emergency_location': 'Siemensweg 10 in Messkirch', 'emergency_type': <EmergencyType.MEDICAL: 'medical'>, 'situation_description': 'I found my father lying on the floor.'}
2025-12-22 20:15:14.032	DEBUG   	emergency_main_graph.py:run_graph():191 - [Node] EvaluateState
2025-12-22 20:15:14.305	DEBUG   	nodes.py:run():286 - Evaluate State:	{'acute_paralysis': False, 'acute_speech_disorder': False, 'acute_speech_comprehension_disorder': False, 'acute_visual_disturbance': False, 'acute_chest_discomfort': False, 'acute_circulatory_problems': False, 'acute_chest_pain': False, 'now_unresponsive': False, 'now_insufficient_air': False, 'caller_name': 'Simone', 'emergency_location': 'Siemensweg 10 in Messkirch', 'emergency_type': <EmergencyType.MEDICAL: 'medical'>, 'situation_description': 'I found my father lying on the floor.'}
2025-12-22 20:15:14.868	DEBUG   	emergency_main_graph.py:run_graph():191 - [Node] ChooseQuestion
2025-12-22 20:15:15.711	DEBUG   	emergency_main_graph.py:run_graph():191 - [Node] AskCaller
2025-12-22 20:15:15.713	DEBUG   	emergency_main_graph.py:run_graph():194 - AskCaller(question='Are there acute and first-time severe headaches?')
2025-12-22 20:15:15.715	DEBUG   	app.py:stream_policy_messages():135 - Streaming message: Are there acute and first-time severe headaches?
2025-12-22 20:15:59.354	INFO    	app.py:stream_policy_messages():113 - User message: No headaches but he is 90 years old and he feels dizzy
2025-12-22 20:15:59.665	INFO    	emergency_main_graph.py:resume_from_persistence():131 - Resuming from persisted graph state...
2025-12-22 20:15:59.666	INFO    	emergency_main_graph.py:resume_from_persistence():132 - [Node] AskCaller
2025-12-22 20:15:59.668	DEBUG   	emergency_main_graph.py:resume_from_persistence():135 - Resumed State:	{'acute_paralysis': False, 'acute_speech_disorder': False, 'acute_speech_comprehension_disorder': False, 'acute_visual_disturbance': False, 'acute_chest_discomfort': False, 'acute_circulatory_problems': False, 'acute_chest_pain': False, 'now_unresponsive': False, 'now_insufficient_air': False, 'caller_name': 'Simone', 'emergency_location': 'Siemensweg 10 in Messkirch', 'emergency_type': <EmergencyType.MEDICAL: 'medical'>, 'situation_description': 'I found my father lying on the floor.'}
2025-12-22 20:16:03.494	DEBUG   	emergency_main_graph.py:run_graph():191 - [Node] EvaluateAgentOutput
2025-12-22 20:16:03.801	INFO    	nodes.py:run():221 - Model returned new data
2025-12-22 20:16:03.803	DEBUG   	nodes.py:run():222 - New extracted state: {'acute_severe_headache': False}
2025-12-22 20:16:04.561	DEBUG   	emergency_main_graph.py:run_graph():191 - [Node] MergeState
2025-12-22 20:16:04.952	DEBUG   	nodes.py:run():254 - Old State:	{'acute_paralysis': False, 'acute_speech_disorder': False, 'acute_speech_comprehension_disorder': False, 'acute_visual_disturbance': False, 'acute_chest_discomfort': False, 'acute_circulatory_problems': False, 'acute_chest_pain': False, 'now_unresponsive': False, 'now_insufficient_air': False, 'caller_name': 'Simone', 'emergency_location': 'Siemensweg 10 in Messkirch', 'emergency_type': <EmergencyType.MEDICAL: 'medical'>, 'situation_description': 'I found my father lying on the floor.'}
2025-12-22 20:16:04.955	DEBUG   	nodes.py:run():257 - New State:	{'acute_severe_headache': False}
2025-12-22 20:16:04.956	DEBUG   	nodes.py:run():264 - Merged State:	{'acute_paralysis': False, 'acute_speech_disorder': False, 'acute_speech_comprehension_disorder': False, 'acute_visual_disturbance': False, 'acute_severe_headache': False, 'acute_chest_discomfort': False, 'acute_circulatory_problems': False, 'acute_chest_pain': False, 'now_unresponsive': False, 'now_insufficient_air': False, 'caller_name': 'Simone', 'emergency_location': 'Siemensweg 10 in Messkirch', 'emergency_type': <EmergencyType.MEDICAL: 'medical'>, 'situation_description': 'I found my father lying on the floor.'}
2025-12-22 20:16:06.096	DEBUG   	emergency_main_graph.py:run_graph():191 - [Node] EvaluateState
2025-12-22 20:16:06.515	DEBUG   	nodes.py:run():286 - Evaluate State:	{'acute_paralysis': False, 'acute_speech_disorder': False, 'acute_speech_comprehension_disorder': False, 'acute_visual_disturbance': False, 'acute_severe_headache': False, 'acute_chest_discomfort': False, 'acute_circulatory_problems': False, 'acute_chest_pain': False, 'now_unresponsive': False, 'now_insufficient_air': False, 'caller_name': 'Simone', 'emergency_location': 'Siemensweg 10 in Messkirch', 'emergency_type': <EmergencyType.MEDICAL: 'medical'>, 'situation_description': 'I found my father lying on the floor.'}
2025-12-22 20:16:07.478	DEBUG   	emergency_main_graph.py:run_graph():191 - [Node] ChooseQuestion
2025-12-22 20:16:08.849	DEBUG   	emergency_main_graph.py:run_graph():191 - [Node] AskCaller
2025-12-22 20:16:08.850	DEBUG   	emergency_main_graph.py:run_graph():194 - AskCaller(question="Is there one-sided disturbance with the patient's sensory system?")
2025-12-22 20:16:08.852	DEBUG   	app.py:stream_policy_messages():135 - Streaming message: Is there one-sided disturbance with the patient's sensory system?
2025-12-22 20:16:23.440	INFO    	app.py:stream_policy_messages():113 - User message: NO disturbances
2025-12-22 20:16:23.912	INFO    	emergency_main_graph.py:resume_from_persistence():131 - Resuming from persisted graph state...
2025-12-22 20:16:23.914	INFO    	emergency_main_graph.py:resume_from_persistence():132 - [Node] AskCaller
2025-12-22 20:16:23.915	DEBUG   	emergency_main_graph.py:resume_from_persistence():135 - Resumed State:	{'acute_paralysis': False, 'acute_speech_disorder': False, 'acute_speech_comprehension_disorder': False, 'acute_visual_disturbance': False, 'acute_severe_headache': False, 'acute_chest_discomfort': False, 'acute_circulatory_problems': False, 'acute_chest_pain': False, 'now_unresponsive': False, 'now_insufficient_air': False, 'caller_name': 'Simone', 'emergency_location': 'Siemensweg 10 in Messkirch', 'emergency_type': <EmergencyType.MEDICAL: 'medical'>, 'situation_description': 'I found my father lying on the floor.'}
2025-12-22 20:16:29.763	DEBUG   	emergency_main_graph.py:run_graph():191 - [Node] EvaluateAgentOutput
2025-12-22 20:16:30.095	INFO    	nodes.py:run():221 - Model returned new data
2025-12-22 20:16:30.097	DEBUG   	nodes.py:run():222 - New extracted state: {'acute_hemisensory_loss': False}
2025-12-22 20:16:30.763	DEBUG   	emergency_main_graph.py:run_graph():191 - [Node] MergeState
2025-12-22 20:16:31.097	DEBUG   	nodes.py:run():254 - Old State:	{'acute_paralysis': False, 'acute_speech_disorder': False, 'acute_speech_comprehension_disorder': False, 'acute_visual_disturbance': False, 'acute_severe_headache': False, 'acute_chest_discomfort': False, 'acute_circulatory_problems': False, 'acute_chest_pain': False, 'now_unresponsive': False, 'now_insufficient_air': False, 'caller_name': 'Simone', 'emergency_location': 'Siemensweg 10 in Messkirch', 'emergency_type': <EmergencyType.MEDICAL: 'medical'>, 'situation_description': 'I found my father lying on the floor.'}
2025-12-22 20:16:31.099	DEBUG   	nodes.py:run():257 - New State:	{'acute_hemisensory_loss': False}
2025-12-22 20:16:31.101	DEBUG   	nodes.py:run():264 - Merged State:	{'acute_paralysis': False, 'acute_speech_disorder': False, 'acute_speech_comprehension_disorder': False, 'acute_visual_disturbance': False, 'acute_severe_headache': False, 'acute_hemisensory_loss': False, 'acute_chest_discomfort': False, 'acute_circulatory_problems': False, 'acute_chest_pain': False, 'now_unresponsive': False, 'now_insufficient_air': False, 'caller_name': 'Simone', 'emergency_location': 'Siemensweg 10 in Messkirch', 'emergency_type': <EmergencyType.MEDICAL: 'medical'>, 'situation_description': 'I found my father lying on the floor.'}
2025-12-22 20:16:31.920	DEBUG   	emergency_main_graph.py:run_graph():191 - [Node] EvaluateState
2025-12-22 20:16:32.317	DEBUG   	nodes.py:run():286 - Evaluate State:	{'acute_paralysis': False, 'acute_speech_disorder': False, 'acute_speech_comprehension_disorder': False, 'acute_visual_disturbance': False, 'acute_severe_headache': False, 'acute_hemisensory_loss': False, 'acute_chest_discomfort': False, 'acute_circulatory_problems': False, 'acute_chest_pain': False, 'now_unresponsive': False, 'now_insufficient_air': False, 'caller_name': 'Simone', 'emergency_location': 'Siemensweg 10 in Messkirch', 'emergency_type': <EmergencyType.MEDICAL: 'medical'>, 'situation_description': 'I found my father lying on the floor.'}
2025-12-22 20:16:33.140	DEBUG   	emergency_main_graph.py:run_graph():191 - [Node] ChooseQuestion
2025-12-22 20:16:34.454	DEBUG   	emergency_main_graph.py:run_graph():191 - [Node] AskCaller
2025-12-22 20:16:34.456	DEBUG   	emergency_main_graph.py:run_graph():194 - AskCaller(question='Is there acute dizziness with tendency to fall?')
2025-12-22 20:16:34.459	DEBUG   	app.py:stream_policy_messages():135 - Streaming message: Is there acute dizziness with tendency to fall?
2025-12-22 20:17:17.445	INFO    	app.py:stream_policy_messages():113 - User message: Yes he feels dizzy and he has fallen down
2025-12-22 20:17:17.908	INFO    	emergency_main_graph.py:resume_from_persistence():131 - Resuming from persisted graph state...
2025-12-22 20:17:17.909	INFO    	emergency_main_graph.py:resume_from_persistence():132 - [Node] AskCaller
2025-12-22 20:17:17.910	DEBUG   	emergency_main_graph.py:resume_from_persistence():135 - Resumed State:	{'acute_paralysis': False, 'acute_speech_disorder': False, 'acute_speech_comprehension_disorder': False, 'acute_visual_disturbance': False, 'acute_severe_headache': False, 'acute_hemisensory_loss': False, 'acute_chest_discomfort': False, 'acute_circulatory_problems': False, 'acute_chest_pain': False, 'now_unresponsive': False, 'now_insufficient_air': False, 'caller_name': 'Simone', 'emergency_location': 'Siemensweg 10 in Messkirch', 'emergency_type': <EmergencyType.MEDICAL: 'medical'>, 'situation_description': 'I found my father lying on the floor.'}
2025-12-22 20:17:23.333	DEBUG   	emergency_main_graph.py:run_graph():191 - [Node] EvaluateAgentOutput
2025-12-22 20:17:23.804	INFO    	nodes.py:run():221 - Model returned new data
2025-12-22 20:17:23.805	DEBUG   	nodes.py:run():222 - New extracted state: {'acute_vertigo_with_falling_risk': True, 'rd1': True}
2025-12-22 20:17:24.702	DEBUG   	emergency_main_graph.py:run_graph():191 - [Node] MergeState
2025-12-22 20:17:25.152	DEBUG   	nodes.py:run():254 - Old State:	{'acute_paralysis': False, 'acute_speech_disorder': False, 'acute_speech_comprehension_disorder': False, 'acute_visual_disturbance': False, 'acute_severe_headache': False, 'acute_hemisensory_loss': False, 'acute_chest_discomfort': False, 'acute_circulatory_problems': False, 'acute_chest_pain': False, 'now_unresponsive': False, 'now_insufficient_air': False, 'caller_name': 'Simone', 'emergency_location': 'Siemensweg 10 in Messkirch', 'emergency_type': <EmergencyType.MEDICAL: 'medical'>, 'situation_description': 'I found my father lying on the floor.'}
2025-12-22 20:17:25.155	DEBUG   	nodes.py:run():257 - New State:	{'acute_vertigo_with_falling_risk': True, 'rd1': True}
2025-12-22 20:17:25.156	DEBUG   	nodes.py:run():264 - Merged State:	{'acute_paralysis': False, 'acute_speech_disorder': False, 'acute_speech_comprehension_disorder': False, 'acute_visual_disturbance': False, 'acute_severe_headache': False, 'acute_hemisensory_loss': False, 'acute_vertigo_with_falling_risk': True, 'acute_chest_discomfort': False, 'acute_circulatory_problems': False, 'acute_chest_pain': False, 'now_unresponsive': False, 'now_insufficient_air': False, 'caller_name': 'Simone', 'emergency_location': 'Siemensweg 10 in Messkirch', 'emergency_type': <EmergencyType.MEDICAL: 'medical'>, 'situation_description': 'I found my father lying on the floor.', 'rd1': True}
2025-12-22 20:17:26.066	DEBUG   	emergency_main_graph.py:run_graph():191 - [Node] EvaluateState
2025-12-22 20:17:26.505	DEBUG   	nodes.py:run():286 - Evaluate State:	{'acute_paralysis': False, 'acute_speech_disorder': False, 'acute_speech_comprehension_disorder': False, 'acute_visual_disturbance': False, 'acute_severe_headache': False, 'acute_hemisensory_loss': False, 'acute_vertigo_with_falling_risk': True, 'acute_chest_discomfort': False, 'acute_circulatory_problems': False, 'acute_chest_pain': False, 'now_unresponsive': False, 'now_insufficient_air': False, 'caller_name': 'Simone', 'emergency_location': 'Siemensweg 10 in Messkirch', 'emergency_type': <EmergencyType.MEDICAL: 'medical'>, 'situation_description': 'I found my father lying on the floor.', 'rd1': True}
2025-12-22 20:17:27.418	DEBUG   	emergency_main_graph.py:run_graph():191 - [Node] RD1
2025-12-22 20:17:27.861	INFO    	nodes.py:run():355 - Reached RD1
2025-12-22 20:17:27.862	INFO    	nodes.py:run():360 - Asking static question for RD2
2025-12-22 20:17:28.790	DEBUG   	emergency_main_graph.py:run_graph():191 - [Node] AskCaller
2025-12-22 20:17:28.791	DEBUG   	emergency_main_graph.py:run_graph():194 - AskCaller(question='Can you describe the situation with more detail?')
2025-12-22 20:17:28.793	DEBUG   	app.py:stream_policy_messages():135 - Streaming message: Can you describe the situation with more detail?
2025-12-22 20:18:16.082	INFO    	app.py:stream_policy_messages():113 - User message: I found my father lying on the floor. Minutes ago I heard some noise. He is 90 years old.
2025-12-22 20:18:16.568	INFO    	emergency_main_graph.py:resume_from_persistence():131 - Resuming from persisted graph state...
2025-12-22 20:18:16.569	INFO    	emergency_main_graph.py:resume_from_persistence():132 - [Node] AskCaller
2025-12-22 20:18:16.570	DEBUG   	emergency_main_graph.py:resume_from_persistence():135 - Resumed State:	{'acute_paralysis': False, 'acute_speech_disorder': False, 'acute_speech_comprehension_disorder': False, 'acute_visual_disturbance': False, 'acute_severe_headache': False, 'acute_hemisensory_loss': False, 'acute_vertigo_with_falling_risk': True, 'acute_chest_discomfort': False, 'acute_circulatory_problems': False, 'acute_chest_pain': False, 'now_unresponsive': False, 'now_insufficient_air': False, 'caller_name': 'Simone', 'emergency_location': 'Siemensweg 10 in Messkirch', 'emergency_type': <EmergencyType.MEDICAL: 'medical'>, 'situation_description': 'I found my father lying on the floor.', 'rd1': True}
2025-12-22 20:18:21.877	DEBUG   	emergency_main_graph.py:run_graph():191 - [Node] EvaluateAgentOutput
2025-12-22 20:18:22.398	INFO    	nodes.py:run():221 - Model returned new data
2025-12-22 20:18:22.400	DEBUG   	nodes.py:run():222 - New extracted state: {'situation_description': 'I found my father lying on the floor. Minutes ago I heard some noise. He is 90 years old.'}
2025-12-22 20:18:23.864	DEBUG   	emergency_main_graph.py:run_graph():191 - [Node] MergeState
2025-12-22 20:18:24.529	DEBUG   	nodes.py:run():254 - Old State:	{'acute_paralysis': False, 'acute_speech_disorder': False, 'acute_speech_comprehension_disorder': False, 'acute_visual_disturbance': False, 'acute_severe_headache': False, 'acute_hemisensory_loss': False, 'acute_vertigo_with_falling_risk': True, 'acute_chest_discomfort': False, 'acute_circulatory_problems': False, 'acute_chest_pain': False, 'now_unresponsive': False, 'now_insufficient_air': False, 'caller_name': 'Simone', 'emergency_location': 'Siemensweg 10 in Messkirch', 'emergency_type': <EmergencyType.MEDICAL: 'medical'>, 'situation_description': 'I found my father lying on the floor.', 'rd1': True}
2025-12-22 20:18:24.532	DEBUG   	nodes.py:run():257 - New State:	{'situation_description': 'I found my father lying on the floor. Minutes ago I heard some noise. He is 90 years old.'}
2025-12-22 20:18:24.534	DEBUG   	nodes.py:run():264 - Merged State:	{'acute_paralysis': False, 'acute_speech_disorder': False, 'acute_speech_comprehension_disorder': False, 'acute_visual_disturbance': False, 'acute_severe_headache': False, 'acute_hemisensory_loss': False, 'acute_vertigo_with_falling_risk': True, 'acute_chest_discomfort': False, 'acute_circulatory_problems': False, 'acute_chest_pain': False, 'now_unresponsive': False, 'now_insufficient_air': False, 'caller_name': 'Simone', 'emergency_location': 'Siemensweg 10 in Messkirch', 'emergency_type': <EmergencyType.MEDICAL: 'medical'>, 'situation_description': 'I found my father lying on the floor. Minutes ago I heard some noise. He is 90 years old.', 'rd1': True}
2025-12-22 20:18:26.081	DEBUG   	emergency_main_graph.py:run_graph():191 - [Node] EvaluateState
2025-12-22 20:18:26.814	DEBUG   	nodes.py:run():286 - Evaluate State:	{'acute_paralysis': False, 'acute_speech_disorder': False, 'acute_speech_comprehension_disorder': False, 'acute_visual_disturbance': False, 'acute_severe_headache': False, 'acute_hemisensory_loss': False, 'acute_vertigo_with_falling_risk': True, 'acute_chest_discomfort': False, 'acute_circulatory_problems': False, 'acute_chest_pain': False, 'now_unresponsive': False, 'now_insufficient_air': False, 'caller_name': 'Simone', 'emergency_location': 'Siemensweg 10 in Messkirch', 'emergency_type': <EmergencyType.MEDICAL: 'medical'>, 'situation_description': 'I found my father lying on the floor. Minutes ago I heard some noise. He is 90 years old.', 'rd1': True}
2025-12-22 20:18:27.794	DEBUG   	emergency_main_graph.py:run_graph():191 - [Node] RD1
2025-12-22 20:18:28.291	INFO    	nodes.py:run():355 - Reached RD1
2025-12-22 20:18:28.292	INFO    	nodes.py:run():370 - Forcing Agent to decide if enough information gathered...
2025-12-22 20:18:31.058	DEBUG   	nodes.py:run():386 - Enough info result (raw): EnoughInfoOutput(enough_information_gathered=True, next_question=None)
2025-12-22 20:18:31.060	INFO    	nodes.py:run():389 - Enough information gathered, accepting RD1
2025-12-22 20:18:32.153	DEBUG   	emergency_main_graph.py:run_graph():191 - [Node] EvaluateState
2025-12-22 20:18:32.700	DEBUG   	nodes.py:run():286 - Evaluate State:	{'acute_paralysis': False, 'acute_speech_disorder': False, 'acute_speech_comprehension_disorder': False, 'acute_visual_disturbance': False, 'acute_severe_headache': False, 'acute_hemisensory_loss': False, 'acute_vertigo_with_falling_risk': True, 'acute_chest_discomfort': False, 'acute_circulatory_problems': False, 'acute_chest_pain': False, 'now_unresponsive': False, 'now_insufficient_air': False, 'caller_name': 'Simone', 'emergency_location': 'Siemensweg 10 in Messkirch', 'emergency_type': <EmergencyType.MEDICAL: 'medical'>, 'situation_description': 'I found my father lying on the floor. Minutes ago I heard some noise. He is 90 years old.', 'rd1': True}
2025-12-22 20:18:33.735	DEBUG   	emergency_main_graph.py:run_graph():191 - [Node] RD1
2025-12-22 20:18:34.228	INFO    	nodes.py:run():355 - Reached RD1
2025-12-22 20:18:34.229	INFO    	nodes.py:run():366 - No more questions needed, accepting RD1
2025-12-22 20:18:35.287	DEBUG   	emergency_main_graph.py:run_graph():191 - [Node] Disposition
2025-12-22 20:18:35.290	DEBUG   	app.py:stream_policy_messages():135 - Streaming message: A Vehicle is on it's way to you. Please stand by.
2025-12-22 20:18:36.417	INFO    	emergency_main_graph.py:resume_from_persistence():131 - Resuming from persisted graph state...
2025-12-22 20:18:36.419	INFO    	emergency_main_graph.py:resume_from_persistence():132 - [Node] Disposition
2025-12-22 20:18:36.420	DEBUG   	emergency_main_graph.py:resume_from_persistence():135 - Resumed State:	{'acute_paralysis': False, 'acute_speech_disorder': False, 'acute_speech_comprehension_disorder': False, 'acute_visual_disturbance': False, 'acute_severe_headache': False, 'acute_hemisensory_loss': False, 'acute_vertigo_with_falling_risk': True, 'acute_chest_discomfort': False, 'acute_circulatory_problems': False, 'acute_chest_pain': False, 'now_unresponsive': False, 'now_insufficient_air': False, 'caller_name': 'Simone', 'emergency_location': 'Siemensweg 10 in Messkirch', 'emergency_type': <EmergencyType.MEDICAL: 'medical'>, 'situation_description': 'I found my father lying on the floor. Minutes ago I heard some noise. He is 90 years old.', 'rd1': True}
2025-12-22 20:18:38.505	INFO    	nodes.py:run():478 - final state: {'acute_paralysis': False, 'acute_speech_disorder': False, 'acute_speech_comprehension_disorder': False, 'acute_visual_disturbance': False, 'acute_severe_headache': False, 'acute_hemisensory_loss': False, 'acute_vertigo_with_falling_risk': True, 'acute_chest_discomfort': False, 'acute_circulatory_problems': False, 'acute_chest_pain': False, 'now_unresponsive': False, 'now_insufficient_air': False, 'caller_name': 'Simone', 'emergency_location': 'Siemensweg 10 in Messkirch', 'emergency_type': <EmergencyType.MEDICAL: 'medical'>, 'situation_description': 'I found my father lying on the floor. Minutes ago I heard some noise. He is 90 years old.', 'rd1': True}
2025-12-22 20:18:38.508	INFO    	settings.py:async_print():96 - A Vehicle is on it's way to you. Please stand by.
2025-12-22 20:18:39.925	INFO    	settings.py:async_print():96 - The emergency call has been processed.
2025-12-22 20:21:02.600	INFO    	app.py:handle_survey_submit():734 - Survey saved for session 4b9c52f9-1da9-46b5-8033-f69a0a6f09b2
