2025-12-24 12:12:24.974	INFO    	logger.py:setup_session_logger():150 - Log Path: logs/FLAIRS39/875d727956d6487f8dc3ebbe748c341d/09668bfa38984234b0fb5ae352935353
2025-12-24 12:12:24.976	WARNING 	core.py:init_session():158 - Session initialized: 09668bfa-3898-4234-b0fb-5ae352935353, 875d7279-56d6-487f-8dc3-ebbe748c341d, graph
2025-12-24 12:12:28.567	INFO    	emergency_main_graph.py:resume_from_persistence():143 - Initializing new graph run...
2025-12-24 12:12:28.592	DEBUG   	emergency_main_graph.py:run_graph():191 - [Node] Greeting
2025-12-24 12:12:28.595	DEBUG   	app.py:stream_policy_messages():135 - Streaming message: Hello! You're speaking with the emergency call services.
2025-12-24 12:12:29.243	INFO    	emergency_main_graph.py:resume_from_persistence():131 - Resuming from persisted graph state...
2025-12-24 12:12:29.244	INFO    	emergency_main_graph.py:resume_from_persistence():132 - [Node] Greeting
2025-12-24 12:12:29.246	DEBUG   	emergency_main_graph.py:resume_from_persistence():135 - Resumed State:	{}
2025-12-24 12:12:29.281	INFO    	settings.py:async_print():96 - Hello! You're speaking with the emergency call services.
2025-12-24 12:12:29.305	DEBUG   	emergency_main_graph.py:run_graph():191 - [Node] ChooseQuestion
2025-12-24 12:12:29.347	DEBUG   	emergency_main_graph.py:run_graph():191 - [Node] AskCaller
2025-12-24 12:12:29.349	DEBUG   	emergency_main_graph.py:run_graph():194 - AskCaller(question='With whom am I speaking, please?')
2025-12-24 12:12:29.351	DEBUG   	app.py:stream_policy_messages():135 - Streaming message: With whom am I speaking, please?
2025-12-24 12:12:37.002	INFO    	app.py:stream_policy_messages():113 - User message: my name is man ager
2025-12-24 12:12:37.034	INFO    	emergency_main_graph.py:resume_from_persistence():131 - Resuming from persisted graph state...
2025-12-24 12:12:37.036	INFO    	emergency_main_graph.py:resume_from_persistence():132 - [Node] AskCaller
2025-12-24 12:12:37.037	DEBUG   	emergency_main_graph.py:resume_from_persistence():135 - Resumed State:	{'emergency_type': <EmergencyType.INTRO: 'intro'>}
2025-12-24 12:12:38.582	DEBUG   	emergency_main_graph.py:run_graph():191 - [Node] EvaluateAgentOutput
2025-12-24 12:12:38.615	INFO    	nodes.py:run():221 - Model returned new data
2025-12-24 12:12:38.616	DEBUG   	nodes.py:run():222 - New extracted state: {'caller_name': 'man ager'}
2025-12-24 12:12:38.672	DEBUG   	emergency_main_graph.py:run_graph():191 - [Node] MergeState
2025-12-24 12:12:38.708	DEBUG   	nodes.py:run():254 - Old State:	{'emergency_type': <EmergencyType.INTRO: 'intro'>}
2025-12-24 12:12:38.710	DEBUG   	nodes.py:run():257 - New State:	{'caller_name': 'man ager'}
2025-12-24 12:12:38.711	DEBUG   	nodes.py:run():264 - Merged State:	{'caller_name': 'man ager', 'emergency_type': <EmergencyType.INTRO: 'intro'>}
2025-12-24 12:12:38.779	DEBUG   	emergency_main_graph.py:run_graph():191 - [Node] EvaluateState
2025-12-24 12:12:38.813	DEBUG   	nodes.py:run():286 - Evaluate State:	{'caller_name': 'man ager', 'emergency_type': <EmergencyType.INTRO: 'intro'>}
2025-12-24 12:12:38.898	DEBUG   	emergency_main_graph.py:run_graph():191 - [Node] ChooseQuestion
2025-12-24 12:12:38.991	DEBUG   	emergency_main_graph.py:run_graph():191 - [Node] AskCaller
2025-12-24 12:12:38.992	DEBUG   	emergency_main_graph.py:run_graph():194 - AskCaller(question='Where exactly is the emergency location?')
2025-12-24 12:12:38.994	DEBUG   	app.py:stream_policy_messages():135 - Streaming message: Where exactly is the emergency location?
2025-12-24 12:12:52.517	INFO    	app.py:stream_policy_messages():113 - User message: its at THE construction side
2025-12-24 12:12:52.576	INFO    	emergency_main_graph.py:resume_from_persistence():131 - Resuming from persisted graph state...
2025-12-24 12:12:52.578	INFO    	emergency_main_graph.py:resume_from_persistence():132 - [Node] AskCaller
2025-12-24 12:12:52.579	DEBUG   	emergency_main_graph.py:resume_from_persistence():135 - Resumed State:	{'caller_name': 'man ager', 'emergency_type': <EmergencyType.INTRO: 'intro'>}
2025-12-24 12:12:54.263	DEBUG   	emergency_main_graph.py:run_graph():191 - [Node] EvaluateAgentOutput
2025-12-24 12:12:54.308	INFO    	nodes.py:run():221 - Model returned new data
2025-12-24 12:12:54.309	DEBUG   	nodes.py:run():222 - New extracted state: {'emergency_location': 'THE construction side'}
2025-12-24 12:12:54.410	DEBUG   	emergency_main_graph.py:run_graph():191 - [Node] MergeState
2025-12-24 12:12:54.459	DEBUG   	nodes.py:run():254 - Old State:	{'caller_name': 'man ager', 'emergency_type': <EmergencyType.INTRO: 'intro'>}
2025-12-24 12:12:54.461	DEBUG   	nodes.py:run():257 - New State:	{'emergency_location': 'THE construction side'}
2025-12-24 12:12:54.463	DEBUG   	nodes.py:run():264 - Merged State:	{'caller_name': 'man ager', 'emergency_location': 'THE construction side', 'emergency_type': <EmergencyType.INTRO: 'intro'>}
2025-12-24 12:12:54.556	DEBUG   	emergency_main_graph.py:run_graph():191 - [Node] EvaluateState
2025-12-24 12:12:54.607	DEBUG   	nodes.py:run():286 - Evaluate State:	{'caller_name': 'man ager', 'emergency_location': 'THE construction side', 'emergency_type': <EmergencyType.INTRO: 'intro'>}
2025-12-24 12:12:54.705	DEBUG   	emergency_main_graph.py:run_graph():191 - [Node] ChooseQuestion
2025-12-24 12:12:54.888	DEBUG   	emergency_main_graph.py:run_graph():191 - [Node] AskCaller
2025-12-24 12:12:54.889	DEBUG   	emergency_main_graph.py:run_graph():194 - AskCaller(question='What has just happened acutely?')
2025-12-24 12:12:54.891	DEBUG   	app.py:stream_policy_messages():135 - Streaming message: What has just happened acutely?
2025-12-24 12:13:14.209	INFO    	app.py:stream_policy_messages():113 - User message: a heavy piece just dropped on the head of one of my workers
2025-12-24 12:13:14.295	INFO    	emergency_main_graph.py:resume_from_persistence():131 - Resuming from persisted graph state...
2025-12-24 12:13:14.296	INFO    	emergency_main_graph.py:resume_from_persistence():132 - [Node] AskCaller
2025-12-24 12:13:14.298	DEBUG   	emergency_main_graph.py:resume_from_persistence():135 - Resumed State:	{'caller_name': 'man ager', 'emergency_location': 'THE construction side', 'emergency_type': <EmergencyType.INTRO: 'intro'>}
2025-12-24 12:13:16.997	DEBUG   	emergency_main_graph.py:run_graph():191 - [Node] EvaluateAgentOutput
2025-12-24 12:13:17.062	INFO    	nodes.py:run():221 - Model returned new data
2025-12-24 12:13:17.063	DEBUG   	nodes.py:run():222 - New extracted state: {'severe_accident': True, 'severe_injury': True, 'situation_description': 'A heavy piece dropped on the head of a worker.', 'time_critical': True, 'rd1': True}
2025-12-24 12:13:17.190	DEBUG   	emergency_main_graph.py:run_graph():191 - [Node] MergeState
2025-12-24 12:13:17.259	DEBUG   	nodes.py:run():254 - Old State:	{'caller_name': 'man ager', 'emergency_location': 'THE construction side', 'emergency_type': <EmergencyType.INTRO: 'intro'>}
2025-12-24 12:13:17.261	DEBUG   	nodes.py:run():257 - New State:	{'severe_accident': True, 'severe_injury': True, 'situation_description': 'A heavy piece dropped on the head of a worker.', 'time_critical': True, 'rd1': True}
2025-12-24 12:13:17.263	DEBUG   	nodes.py:run():264 - Merged State:	{'severe_accident': True, 'severe_injury': True, 'caller_name': 'man ager', 'emergency_location': 'THE construction side', 'emergency_type': <EmergencyType.INTRO: 'intro'>, 'situation_description': 'A heavy piece dropped on the head of a worker.', 'time_critical': True, 'rd1': True}
2025-12-24 12:13:17.400	DEBUG   	emergency_main_graph.py:run_graph():191 - [Node] EvaluateState
2025-12-24 12:13:17.471	DEBUG   	nodes.py:run():286 - Evaluate State:	{'severe_accident': True, 'severe_injury': True, 'caller_name': 'man ager', 'emergency_location': 'THE construction side', 'emergency_type': <EmergencyType.INTRO: 'intro'>, 'situation_description': 'A heavy piece dropped on the head of a worker.', 'time_critical': True, 'rd1': True}
2025-12-24 12:13:17.613	DEBUG   	emergency_main_graph.py:run_graph():191 - [Node] RD1
2025-12-24 12:13:17.686	INFO    	nodes.py:run():355 - Reached RD1
2025-12-24 12:13:17.688	INFO    	nodes.py:run():360 - Asking static question for RD2
2025-12-24 12:13:17.833	DEBUG   	emergency_main_graph.py:run_graph():191 - [Node] AskCaller
2025-12-24 12:13:17.835	DEBUG   	emergency_main_graph.py:run_graph():194 - AskCaller(question='Can you describe the situation with more detail?')
2025-12-24 12:13:17.837	DEBUG   	app.py:stream_policy_messages():135 - Streaming message: Can you describe the situation with more detail?
2025-12-24 12:13:30.345	INFO    	app.py:stream_policy_messages():113 - User message: his head is bleeding heavily
2025-12-24 12:13:30.460	INFO    	emergency_main_graph.py:resume_from_persistence():131 - Resuming from persisted graph state...
2025-12-24 12:13:30.462	INFO    	emergency_main_graph.py:resume_from_persistence():132 - [Node] AskCaller
2025-12-24 12:13:30.463	DEBUG   	emergency_main_graph.py:resume_from_persistence():135 - Resumed State:	{'severe_accident': True, 'severe_injury': True, 'caller_name': 'man ager', 'emergency_location': 'THE construction side', 'emergency_type': <EmergencyType.INTRO: 'intro'>, 'situation_description': 'A heavy piece dropped on the head of a worker.', 'time_critical': True, 'rd1': True}
2025-12-24 12:13:38.612	DEBUG   	emergency_main_graph.py:run_graph():191 - [Node] EvaluateAgentOutput
2025-12-24 12:13:38.698	INFO    	nodes.py:run():221 - Model returned new data
2025-12-24 12:13:38.699	DEBUG   	nodes.py:run():222 - New extracted state: {'heavy_injury': True, 'situation_description': 'his head is bleeding heavily.', 'rd1': True}
2025-12-24 12:13:38.870	DEBUG   	emergency_main_graph.py:run_graph():191 - [Node] MergeState
2025-12-24 12:13:38.960	DEBUG   	nodes.py:run():254 - Old State:	{'severe_accident': True, 'severe_injury': True, 'caller_name': 'man ager', 'emergency_location': 'THE construction side', 'emergency_type': <EmergencyType.INTRO: 'intro'>, 'situation_description': 'A heavy piece dropped on the head of a worker.', 'time_critical': True, 'rd1': True}
2025-12-24 12:13:38.963	DEBUG   	nodes.py:run():257 - New State:	{'heavy_injury': True, 'situation_description': 'his head is bleeding heavily.', 'rd1': True}
2025-12-24 12:13:38.965	DEBUG   	nodes.py:run():264 - Merged State:	{'heavy_injury': True, 'severe_accident': True, 'severe_injury': True, 'caller_name': 'man ager', 'emergency_location': 'THE construction side', 'emergency_type': <EmergencyType.INTRO: 'intro'>, 'situation_description': 'his head is bleeding heavily.', 'time_critical': True, 'rd1': True}
2025-12-24 12:13:39.145	DEBUG   	emergency_main_graph.py:run_graph():191 - [Node] EvaluateState
2025-12-24 12:13:39.237	DEBUG   	nodes.py:run():286 - Evaluate State:	{'heavy_injury': True, 'severe_accident': True, 'severe_injury': True, 'caller_name': 'man ager', 'emergency_location': 'THE construction side', 'emergency_type': <EmergencyType.INTRO: 'intro'>, 'situation_description': 'his head is bleeding heavily.', 'time_critical': True, 'rd1': True}
2025-12-24 12:13:39.423	DEBUG   	emergency_main_graph.py:run_graph():191 - [Node] RD1
2025-12-24 12:13:39.518	INFO    	nodes.py:run():355 - Reached RD1
2025-12-24 12:13:39.519	INFO    	nodes.py:run():370 - Forcing Agent to decide if enough information gathered...
2025-12-24 12:13:41.468	DEBUG   	nodes.py:run():386 - Enough info result (raw): EnoughInfoOutput(enough_information_gathered=True, next_question=None)
2025-12-24 12:13:41.470	INFO    	nodes.py:run():389 - Enough information gathered, accepting RD1
2025-12-24 12:13:41.659	DEBUG   	emergency_main_graph.py:run_graph():191 - [Node] EvaluateState
2025-12-24 12:13:41.758	DEBUG   	nodes.py:run():286 - Evaluate State:	{'heavy_injury': True, 'severe_accident': True, 'severe_injury': True, 'caller_name': 'man ager', 'emergency_location': 'THE construction side', 'emergency_type': <EmergencyType.INTRO: 'intro'>, 'situation_description': 'his head is bleeding heavily.', 'time_critical': True, 'rd1': True}
2025-12-24 12:13:41.954	DEBUG   	emergency_main_graph.py:run_graph():191 - [Node] RD1
2025-12-24 12:13:42.054	INFO    	nodes.py:run():355 - Reached RD1
2025-12-24 12:13:42.055	INFO    	nodes.py:run():366 - No more questions needed, accepting RD1
2025-12-24 12:13:42.255	DEBUG   	emergency_main_graph.py:run_graph():191 - [Node] Disposition
2025-12-24 12:13:42.257	DEBUG   	app.py:stream_policy_messages():135 - Streaming message: A Vehicle is on it's way to you. Please stand by.
2025-12-24 12:13:42.901	INFO    	emergency_main_graph.py:resume_from_persistence():131 - Resuming from persisted graph state...
2025-12-24 12:13:42.903	INFO    	emergency_main_graph.py:resume_from_persistence():132 - [Node] Disposition
2025-12-24 12:13:42.904	DEBUG   	emergency_main_graph.py:resume_from_persistence():135 - Resumed State:	{'heavy_injury': True, 'severe_accident': True, 'severe_injury': True, 'caller_name': 'man ager', 'emergency_location': 'THE construction side', 'emergency_type': <EmergencyType.INTRO: 'intro'>, 'situation_description': 'his head is bleeding heavily.', 'time_critical': True, 'rd1': True}
2025-12-24 12:13:43.219	INFO    	nodes.py:run():478 - final state: {'heavy_injury': True, 'severe_accident': True, 'severe_injury': True, 'caller_name': 'man ager', 'emergency_location': 'THE construction side', 'emergency_type': <EmergencyType.INTRO: 'intro'>, 'situation_description': 'his head is bleeding heavily.', 'time_critical': True, 'rd1': True}
2025-12-24 12:13:43.222	INFO    	settings.py:async_print():96 - A Vehicle is on it's way to you. Please stand by.
2025-12-24 12:13:43.438	INFO    	settings.py:async_print():96 - The emergency call has been processed.
2025-12-24 12:14:06.898	INFO    	app.py:handle_survey_submit():735 - Survey saved for session 09668bfa-3898-4234-b0fb-5ae352935353
