2025-12-22 19:53:33.096	INFO    	logger.py:setup_session_logger():150 - Log Path: logs/FLAIRS39/ffd73b55003b4028a3b636204d9b3344/bb994f3c965443de8e1196a5f8804d98
2025-12-22 19:53:33.098	WARNING 	core.py:init_session():158 - Session initialized: bb994f3c-9654-43de-8e11-96a5f8804d98, ffd73b55-003b-4028-a3b6-36204d9b3344, graph
2025-12-22 19:53:36.719	INFO    	emergency_main_graph.py:resume_from_persistence():143 - Initializing new graph run...
2025-12-22 19:53:36.748	DEBUG   	emergency_main_graph.py:run_graph():191 - [Node] Greeting
2025-12-22 19:53:36.751	DEBUG   	app.py:stream_policy_messages():135 - Streaming message: Hello! You're speaking with the emergency call services.
2025-12-22 19:53:37.401	INFO    	emergency_main_graph.py:resume_from_persistence():131 - Resuming from persisted graph state...
2025-12-22 19:53:37.403	INFO    	emergency_main_graph.py:resume_from_persistence():132 - [Node] Greeting
2025-12-22 19:53:37.405	DEBUG   	emergency_main_graph.py:resume_from_persistence():135 - Resumed State:	{}
2025-12-22 19:53:37.443	INFO    	settings.py:async_print():96 - Hello! You're speaking with the emergency call services.
2025-12-22 19:53:37.514	DEBUG   	emergency_main_graph.py:run_graph():191 - [Node] ChooseQuestion
2025-12-22 19:53:37.557	DEBUG   	emergency_main_graph.py:run_graph():191 - [Node] AskCaller
2025-12-22 19:53:37.559	DEBUG   	emergency_main_graph.py:run_graph():194 - AskCaller(question='With whom am I speaking, please?')
2025-12-22 19:53:37.562	DEBUG   	app.py:stream_policy_messages():135 - Streaming message: With whom am I speaking, please?
2025-12-22 19:54:24.190	INFO    	app.py:stream_policy_messages():113 - User message: Hi my name is Simone
2025-12-22 19:54:24.222	INFO    	emergency_main_graph.py:resume_from_persistence():131 - Resuming from persisted graph state...
2025-12-22 19:54:24.224	INFO    	emergency_main_graph.py:resume_from_persistence():132 - [Node] AskCaller
2025-12-22 19:54:24.226	DEBUG   	emergency_main_graph.py:resume_from_persistence():135 - Resumed State:	{'emergency_type': <EmergencyType.INTRO: 'intro'>}
2025-12-22 19:54:26.981	DEBUG   	emergency_main_graph.py:run_graph():191 - [Node] EvaluateAgentOutput
2025-12-22 19:54:27.013	INFO    	nodes.py:run():221 - Model returned new data
2025-12-22 19:54:27.014	DEBUG   	nodes.py:run():222 - New extracted state: {'caller_name': 'Simone'}
2025-12-22 19:54:27.072	DEBUG   	emergency_main_graph.py:run_graph():191 - [Node] MergeState
2025-12-22 19:54:27.100	DEBUG   	nodes.py:run():254 - Old State:	{'emergency_type': <EmergencyType.INTRO: 'intro'>}
2025-12-22 19:54:27.102	DEBUG   	nodes.py:run():257 - New State:	{'caller_name': 'Simone'}
2025-12-22 19:54:27.103	DEBUG   	nodes.py:run():264 - Merged State:	{'caller_name': 'Simone', 'emergency_type': <EmergencyType.INTRO: 'intro'>}
2025-12-22 19:54:27.188	DEBUG   	emergency_main_graph.py:run_graph():191 - [Node] EvaluateState
2025-12-22 19:54:27.218	DEBUG   	nodes.py:run():286 - Evaluate State:	{'caller_name': 'Simone', 'emergency_type': <EmergencyType.INTRO: 'intro'>}
2025-12-22 19:54:27.277	DEBUG   	emergency_main_graph.py:run_graph():191 - [Node] ChooseQuestion
2025-12-22 19:54:27.371	DEBUG   	emergency_main_graph.py:run_graph():191 - [Node] AskCaller
2025-12-22 19:54:27.372	DEBUG   	emergency_main_graph.py:run_graph():194 - AskCaller(question='Where exactly is the emergency location?')
2025-12-22 19:54:27.374	DEBUG   	app.py:stream_policy_messages():135 - Streaming message: Where exactly is the emergency location?
2025-12-22 19:54:44.582	INFO    	app.py:stream_policy_messages():113 - User message: The address is Siemensweg 10 in Messkirch
2025-12-22 19:54:44.642	INFO    	emergency_main_graph.py:resume_from_persistence():131 - Resuming from persisted graph state...
2025-12-22 19:54:44.644	INFO    	emergency_main_graph.py:resume_from_persistence():132 - [Node] AskCaller
2025-12-22 19:54:44.645	DEBUG   	emergency_main_graph.py:resume_from_persistence():135 - Resumed State:	{'caller_name': 'Simone', 'emergency_type': <EmergencyType.INTRO: 'intro'>}
2025-12-22 19:54:46.218	DEBUG   	emergency_main_graph.py:run_graph():191 - [Node] EvaluateAgentOutput
2025-12-22 19:54:46.262	INFO    	nodes.py:run():221 - Model returned new data
2025-12-22 19:54:46.264	DEBUG   	nodes.py:run():222 - New extracted state: {'emergency_location': 'Siemensweg 10 in Messkirch'}
2025-12-22 19:54:46.349	DEBUG   	emergency_main_graph.py:run_graph():191 - [Node] MergeState
2025-12-22 19:54:46.409	DEBUG   	nodes.py:run():254 - Old State:	{'caller_name': 'Simone', 'emergency_type': <EmergencyType.INTRO: 'intro'>}
2025-12-22 19:54:46.411	DEBUG   	nodes.py:run():257 - New State:	{'emergency_location': 'Siemensweg 10 in Messkirch'}
2025-12-22 19:54:46.412	DEBUG   	nodes.py:run():264 - Merged State:	{'caller_name': 'Simone', 'emergency_location': 'Siemensweg 10 in Messkirch', 'emergency_type': <EmergencyType.INTRO: 'intro'>}
2025-12-22 19:54:46.508	DEBUG   	emergency_main_graph.py:run_graph():191 - [Node] EvaluateState
2025-12-22 19:54:46.559	DEBUG   	nodes.py:run():286 - Evaluate State:	{'caller_name': 'Simone', 'emergency_location': 'Siemensweg 10 in Messkirch', 'emergency_type': <EmergencyType.INTRO: 'intro'>}
2025-12-22 19:54:46.667	DEBUG   	emergency_main_graph.py:run_graph():191 - [Node] ChooseQuestion
2025-12-22 19:54:46.823	DEBUG   	emergency_main_graph.py:run_graph():191 - [Node] AskCaller
2025-12-22 19:54:46.824	DEBUG   	emergency_main_graph.py:run_graph():194 - AskCaller(question='What has just happened acutely?')
2025-12-22 19:54:46.827	DEBUG   	app.py:stream_policy_messages():135 - Streaming message: What has just happened acutely?
2025-12-22 19:56:22.811	INFO    	app.py:stream_policy_messages():113 - User message: There was an accidnt on our construction site. A heavy brick has fallen of the head of on of our workers
2025-12-22 19:56:22.899	INFO    	emergency_main_graph.py:resume_from_persistence():131 - Resuming from persisted graph state...
2025-12-22 19:56:22.901	INFO    	emergency_main_graph.py:resume_from_persistence():132 - [Node] AskCaller
2025-12-22 19:56:22.902	DEBUG   	emergency_main_graph.py:resume_from_persistence():135 - Resumed State:	{'caller_name': 'Simone', 'emergency_location': 'Siemensweg 10 in Messkirch', 'emergency_type': <EmergencyType.INTRO: 'intro'>}
2025-12-22 19:56:24.993	DEBUG   	emergency_main_graph.py:run_graph():191 - [Node] EvaluateAgentOutput
2025-12-22 19:56:25.058	INFO    	nodes.py:run():221 - Model returned new data
2025-12-22 19:56:25.060	DEBUG   	nodes.py:run():222 - New extracted state: {'heavy_injury': True, 'severe_accident': True, 'situation_description': "An accident on a construction site where a heavy brick fell on a worker's head.", 'time_critical': True, 'rd1': True}
2025-12-22 19:56:25.190	DEBUG   	emergency_main_graph.py:run_graph():191 - [Node] MergeState
2025-12-22 19:56:25.260	DEBUG   	nodes.py:run():254 - Old State:	{'caller_name': 'Simone', 'emergency_location': 'Siemensweg 10 in Messkirch', 'emergency_type': <EmergencyType.INTRO: 'intro'>}
2025-12-22 19:56:25.262	DEBUG   	nodes.py:run():257 - New State:	{'heavy_injury': True, 'severe_accident': True, 'situation_description': "An accident on a construction site where a heavy brick fell on a worker's head.", 'time_critical': True, 'rd1': True}
2025-12-22 19:56:25.264	DEBUG   	nodes.py:run():264 - Merged State:	{'heavy_injury': True, 'severe_accident': True, 'caller_name': 'Simone', 'emergency_location': 'Siemensweg 10 in Messkirch', 'emergency_type': <EmergencyType.INTRO: 'intro'>, 'situation_description': "An accident on a construction site where a heavy brick fell on a worker's head.", 'time_critical': True, 'rd1': True}
2025-12-22 19:56:25.404	DEBUG   	emergency_main_graph.py:run_graph():191 - [Node] EvaluateState
2025-12-22 19:56:25.475	DEBUG   	nodes.py:run():286 - Evaluate State:	{'heavy_injury': True, 'severe_accident': True, 'caller_name': 'Simone', 'emergency_location': 'Siemensweg 10 in Messkirch', 'emergency_type': <EmergencyType.INTRO: 'intro'>, 'situation_description': "An accident on a construction site where a heavy brick fell on a worker's head.", 'time_critical': True, 'rd1': True}
2025-12-22 19:56:25.619	DEBUG   	emergency_main_graph.py:run_graph():191 - [Node] RD1
2025-12-22 19:56:25.693	INFO    	nodes.py:run():355 - Reached RD1
2025-12-22 19:56:25.695	INFO    	nodes.py:run():360 - Asking static question for RD2
2025-12-22 19:56:25.843	DEBUG   	emergency_main_graph.py:run_graph():191 - [Node] AskCaller
2025-12-22 19:56:25.844	DEBUG   	emergency_main_graph.py:run_graph():194 - AskCaller(question='Can you describe the situation with more detail?')
2025-12-22 19:56:25.846	DEBUG   	app.py:stream_policy_messages():135 - Streaming message: Can you describe the situation with more detail?
2025-12-22 19:56:46.595	INFO    	app.py:stream_policy_messages():113 - User message: He is bleeding at his head
2025-12-22 19:56:46.713	INFO    	emergency_main_graph.py:resume_from_persistence():131 - Resuming from persisted graph state...
2025-12-22 19:56:46.715	INFO    	emergency_main_graph.py:resume_from_persistence():132 - [Node] AskCaller
2025-12-22 19:56:46.716	DEBUG   	emergency_main_graph.py:resume_from_persistence():135 - Resumed State:	{'heavy_injury': True, 'severe_accident': True, 'caller_name': 'Simone', 'emergency_location': 'Siemensweg 10 in Messkirch', 'emergency_type': <EmergencyType.INTRO: 'intro'>, 'situation_description': "An accident on a construction site where a heavy brick fell on a worker's head.", 'time_critical': True, 'rd1': True}
2025-12-22 19:56:50.718	DEBUG   	emergency_main_graph.py:run_graph():191 - [Node] EvaluateAgentOutput
2025-12-22 19:56:50.804	INFO    	nodes.py:run():221 - Model returned new data
2025-12-22 19:56:50.805	DEBUG   	nodes.py:run():222 - New extracted state: {'heavy_injury': True, 'severe_injury': True, 'situation_description': 'He is bleeding at his head.', 'time_critical': True, 'rd1': True}
2025-12-22 19:56:50.980	DEBUG   	emergency_main_graph.py:run_graph():191 - [Node] MergeState
2025-12-22 19:56:51.072	DEBUG   	nodes.py:run():254 - Old State:	{'heavy_injury': True, 'severe_accident': True, 'caller_name': 'Simone', 'emergency_location': 'Siemensweg 10 in Messkirch', 'emergency_type': <EmergencyType.INTRO: 'intro'>, 'situation_description': "An accident on a construction site where a heavy brick fell on a worker's head.", 'time_critical': True, 'rd1': True}
2025-12-22 19:56:51.077	DEBUG   	nodes.py:run():257 - New State:	{'heavy_injury': True, 'severe_injury': True, 'situation_description': 'He is bleeding at his head.', 'time_critical': True, 'rd1': True}
2025-12-22 19:56:51.079	DEBUG   	nodes.py:run():264 - Merged State:	{'heavy_injury': True, 'severe_accident': True, 'severe_injury': True, 'caller_name': 'Simone', 'emergency_location': 'Siemensweg 10 in Messkirch', 'emergency_type': <EmergencyType.INTRO: 'intro'>, 'situation_description': 'He is bleeding at his head.', 'time_critical': True, 'rd1': True}
2025-12-22 19:56:51.261	DEBUG   	emergency_main_graph.py:run_graph():191 - [Node] EvaluateState
2025-12-22 19:56:51.355	DEBUG   	nodes.py:run():286 - Evaluate State:	{'heavy_injury': True, 'severe_accident': True, 'severe_injury': True, 'caller_name': 'Simone', 'emergency_location': 'Siemensweg 10 in Messkirch', 'emergency_type': <EmergencyType.INTRO: 'intro'>, 'situation_description': 'He is bleeding at his head.', 'time_critical': True, 'rd1': True}
2025-12-22 19:56:51.544	DEBUG   	emergency_main_graph.py:run_graph():191 - [Node] RD1
2025-12-22 19:56:51.640	INFO    	nodes.py:run():355 - Reached RD1
2025-12-22 19:56:51.641	INFO    	nodes.py:run():370 - Forcing Agent to decide if enough information gathered...
2025-12-22 19:56:54.459	DEBUG   	nodes.py:run():386 - Enough info result (raw): EnoughInfoOutput(enough_information_gathered=True, next_question=None)
2025-12-22 19:56:54.461	INFO    	nodes.py:run():389 - Enough information gathered, accepting RD1
2025-12-22 19:56:54.677	DEBUG   	emergency_main_graph.py:run_graph():191 - [Node] EvaluateState
2025-12-22 19:56:54.780	DEBUG   	nodes.py:run():286 - Evaluate State:	{'heavy_injury': True, 'severe_accident': True, 'severe_injury': True, 'caller_name': 'Simone', 'emergency_location': 'Siemensweg 10 in Messkirch', 'emergency_type': <EmergencyType.INTRO: 'intro'>, 'situation_description': 'He is bleeding at his head.', 'time_critical': True, 'rd1': True}
2025-12-22 19:56:54.980	DEBUG   	emergency_main_graph.py:run_graph():191 - [Node] RD1
2025-12-22 19:56:55.082	INFO    	nodes.py:run():355 - Reached RD1
2025-12-22 19:56:55.083	INFO    	nodes.py:run():366 - No more questions needed, accepting RD1
2025-12-22 19:56:55.285	DEBUG   	emergency_main_graph.py:run_graph():191 - [Node] Disposition
2025-12-22 19:56:55.287	DEBUG   	app.py:stream_policy_messages():135 - Streaming message: A Vehicle is on it's way to you. Please stand by.
2025-12-22 19:56:55.938	INFO    	emergency_main_graph.py:resume_from_persistence():131 - Resuming from persisted graph state...
2025-12-22 19:56:55.939	INFO    	emergency_main_graph.py:resume_from_persistence():132 - [Node] Disposition
2025-12-22 19:56:55.941	DEBUG   	emergency_main_graph.py:resume_from_persistence():135 - Resumed State:	{'heavy_injury': True, 'severe_accident': True, 'severe_injury': True, 'caller_name': 'Simone', 'emergency_location': 'Siemensweg 10 in Messkirch', 'emergency_type': <EmergencyType.INTRO: 'intro'>, 'situation_description': 'He is bleeding at his head.', 'time_critical': True, 'rd1': True}
2025-12-22 19:56:56.260	INFO    	nodes.py:run():478 - final state: {'heavy_injury': True, 'severe_accident': True, 'severe_injury': True, 'caller_name': 'Simone', 'emergency_location': 'Siemensweg 10 in Messkirch', 'emergency_type': <EmergencyType.INTRO: 'intro'>, 'situation_description': 'He is bleeding at his head.', 'time_critical': True, 'rd1': True}
2025-12-22 19:56:56.262	INFO    	settings.py:async_print():96 - A Vehicle is on it's way to you. Please stand by.
2025-12-22 19:56:56.477	INFO    	settings.py:async_print():96 - The emergency call has been processed.
2025-12-22 19:59:32.896	INFO    	app.py:handle_survey_submit():734 - Survey saved for session bb994f3c-9654-43de-8e11-96a5f8804d98
