2026-01-01 19:27:30.501	INFO    	[logger.py:setup_session_logger:188] Log Path: logs/FLAIRS39/72b3820651634848815eabd008dfaeec/1b6776d96adb428fa79aaa9ac17b0d91
2026-01-01 19:27:30.501	WARNING 	[core.py:init_session:158] Session initialized: 1b6776d9-6adb-428f-a79a-aa9ac17b0d91, 72b38206-5163-4848-815e-abd008dfaeec, graph
2026-01-01 19:27:33.041	INFO    	[emergency_main_graph.py:resume_from_persistence:143] Initializing new graph run...
2026-01-01 19:27:33.087	DEBUG   	[emergency_main_graph.py:run_graph:191] [Node] Greeting
2026-01-01 19:27:33.088	DEBUG   	[app.py:stream_policy_messages:135] Streaming message: Hello! You're speaking with the emergency call services.
2026-01-01 19:27:33.730	INFO    	[emergency_main_graph.py:resume_from_persistence:131] Resuming from persisted graph state...
2026-01-01 19:27:33.730	INFO    	[emergency_main_graph.py:resume_from_persistence:132] [Node] Greeting
2026-01-01 19:27:33.730	DEBUG   	[emergency_main_graph.py:resume_from_persistence:135] Resumed State:	{}
2026-01-01 19:27:33.765	INFO    	[settings.py:async_print:96] Hello! You're speaking with the emergency call services.
2026-01-01 19:27:33.789	DEBUG   	[emergency_main_graph.py:run_graph:191] [Node] ChooseQuestion
2026-01-01 19:27:33.834	DEBUG   	[emergency_main_graph.py:run_graph:191] [Node] AskCaller
2026-01-01 19:27:33.835	DEBUG   	[emergency_main_graph.py:run_graph:194] AskCaller(question='With whom am I speaking, please?')
2026-01-01 19:27:33.836	DEBUG   	[app.py:stream_policy_messages:135] Streaming message: With whom am I speaking, please?
2026-01-01 19:27:44.521	INFO    	[app.py:stream_policy_messages:113] User message: There is a man suffering cardiac arrest
2026-01-01 19:27:44.550	INFO    	[emergency_main_graph.py:resume_from_persistence:131] Resuming from persisted graph state...
2026-01-01 19:27:44.551	INFO    	[emergency_main_graph.py:resume_from_persistence:132] [Node] AskCaller
2026-01-01 19:27:44.551	DEBUG   	[emergency_main_graph.py:resume_from_persistence:135] Resumed State:	{'emergency_type': <EmergencyType.INTRO: 'intro'>}
2026-01-01 19:27:46.624	DEBUG   	[emergency_main_graph.py:run_graph:191] [Node] EvaluateAgentOutput
2026-01-01 19:27:46.657	INFO    	[nodes.py:run:221] Model returned new data
2026-01-01 19:27:46.657	DEBUG   	[nodes.py:run:222] New extracted state: {'cardiac_arrest': True, 'situation_description': 'There is a man suffering cardiac arrest.', 'cpr_needed': True, 'rd1': True, 'rd2': True}
2026-01-01 19:27:46.712	DEBUG   	[emergency_main_graph.py:run_graph:191] [Node] MergeState
2026-01-01 19:27:46.739	DEBUG   	[nodes.py:run:254] Old State:	{'emergency_type': <EmergencyType.INTRO: 'intro'>}
2026-01-01 19:27:46.740	DEBUG   	[nodes.py:run:257] New State:	{'cardiac_arrest': True, 'situation_description': 'There is a man suffering cardiac arrest.', 'cpr_needed': True, 'rd1': True, 'rd2': True}
2026-01-01 19:27:46.740	DEBUG   	[nodes.py:run:264] Merged State:	{'cardiac_arrest': True, 'emergency_type': <EmergencyType.INTRO: 'intro'>, 'situation_description': 'There is a man suffering cardiac arrest.', 'cpr_needed': True, 'rd1': True, 'rd2': True}
2026-01-01 19:27:46.793	DEBUG   	[emergency_main_graph.py:run_graph:191] [Node] EvaluateState
2026-01-01 19:27:46.822	DEBUG   	[nodes.py:run:286] Evaluate State:	{'cardiac_arrest': True, 'emergency_type': <EmergencyType.INTRO: 'intro'>, 'situation_description': 'There is a man suffering cardiac arrest.', 'cpr_needed': True, 'rd1': True, 'rd2': True}
2026-01-01 19:27:46.879	DEBUG   	[emergency_main_graph.py:run_graph:191] [Node] TCPR
2026-01-01 19:27:46.972	DEBUG   	[emergency_main_graph.py:run_graph:191] [Node] Disposition
2026-01-01 19:27:46.973	DEBUG   	[app.py:stream_policy_messages:135] Streaming message: A Vehicle is on it's way to you. Please stand by.
2026-01-01 19:27:47.538	INFO    	[emergency_main_graph.py:resume_from_persistence:131] Resuming from persisted graph state...
2026-01-01 19:27:47.538	INFO    	[emergency_main_graph.py:resume_from_persistence:132] [Node] Disposition
2026-01-01 19:27:47.539	DEBUG   	[emergency_main_graph.py:resume_from_persistence:135] Resumed State:	{'cardiac_arrest': True, 'emergency_type': <EmergencyType.MEDICAL: 'medical'>, 'situation_description': 'There is a man suffering cardiac arrest.', 'cpr_needed': True, 'rd1': True, 'rd2': True}
2026-01-01 19:27:47.644	INFO    	[nodes.py:run:478] final state: {'cardiac_arrest': True, 'emergency_type': <EmergencyType.MEDICAL: 'medical'>, 'situation_description': 'There is a man suffering cardiac arrest.', 'cpr_needed': True, 'rd1': True, 'rd2': True}
2026-01-01 19:27:47.644	INFO    	[settings.py:async_print:96] A Vehicle is on it's way to you. Please stand by.
2026-01-01 19:27:47.716	INFO    	[settings.py:async_print:96] The emergency call has been processed.
