2025-12-22 17:49:41.991	INFO    	logger.py:setup_session_logger():150 - Log Path: logs/FLAIRS39/ffd73b55003b4028a3b636204d9b3344/1d5325f5bc6a4860abf2e27d66d1e68d
2025-12-22 17:49:41.993	WARNING 	core.py:init_session():158 - Session initialized: 1d5325f5-bc6a-4860-abf2-e27d66d1e68d, ffd73b55-003b-4028-a3b6-36204d9b3344, graph
2025-12-22 17:49:48.007	INFO    	emergency_main_graph.py:resume_from_persistence():143 - Initializing new graph run...
2025-12-22 17:49:48.035	DEBUG   	emergency_main_graph.py:run_graph():191 - [Node] Greeting
2025-12-22 17:49:48.039	DEBUG   	app.py:stream_policy_messages():135 - Streaming message: Hello! You're speaking with the emergency call services.
2025-12-22 17:49:48.685	INFO    	emergency_main_graph.py:resume_from_persistence():131 - Resuming from persisted graph state...
2025-12-22 17:49:48.687	INFO    	emergency_main_graph.py:resume_from_persistence():132 - [Node] Greeting
2025-12-22 17:49:48.688	DEBUG   	emergency_main_graph.py:resume_from_persistence():135 - Resumed State:	{}
2025-12-22 17:49:48.721	INFO    	settings.py:async_print():96 - Hello! You're speaking with the emergency call services.
2025-12-22 17:49:48.745	DEBUG   	emergency_main_graph.py:run_graph():191 - [Node] ChooseQuestion
2025-12-22 17:49:48.789	DEBUG   	emergency_main_graph.py:run_graph():191 - [Node] AskCaller
2025-12-22 17:49:48.790	DEBUG   	emergency_main_graph.py:run_graph():194 - AskCaller(question='With whom am I speaking, please?')
2025-12-22 17:49:48.792	DEBUG   	app.py:stream_policy_messages():135 - Streaming message: With whom am I speaking, please?
2025-12-22 17:52:07.902	INFO    	app.py:stream_policy_messages():113 - User message: Hi here's Simone. 
2025-12-22 17:52:07.933	INFO    	emergency_main_graph.py:resume_from_persistence():131 - Resuming from persisted graph state...
2025-12-22 17:52:07.935	INFO    	emergency_main_graph.py:resume_from_persistence():132 - [Node] AskCaller
2025-12-22 17:52:07.937	DEBUG   	emergency_main_graph.py:resume_from_persistence():135 - Resumed State:	{'emergency_type': <EmergencyType.INTRO: 'intro'>}
2025-12-22 17:52:09.257	DEBUG   	emergency_main_graph.py:run_graph():191 - [Node] EvaluateAgentOutput
2025-12-22 17:52:09.293	INFO    	nodes.py:run():221 - Model returned new data
2025-12-22 17:52:09.294	DEBUG   	nodes.py:run():222 - New extracted state: {'caller_name': 'Simone'}
2025-12-22 17:52:09.351	DEBUG   	emergency_main_graph.py:run_graph():191 - [Node] MergeState
2025-12-22 17:52:09.423	DEBUG   	nodes.py:run():254 - Old State:	{'emergency_type': <EmergencyType.INTRO: 'intro'>}
2025-12-22 17:52:09.425	DEBUG   	nodes.py:run():257 - New State:	{'caller_name': 'Simone'}
2025-12-22 17:52:09.427	DEBUG   	nodes.py:run():264 - Merged State:	{'caller_name': 'Simone', 'emergency_type': <EmergencyType.INTRO: 'intro'>}
2025-12-22 17:52:09.495	DEBUG   	emergency_main_graph.py:run_graph():191 - [Node] EvaluateState
2025-12-22 17:52:09.533	DEBUG   	nodes.py:run():286 - Evaluate State:	{'caller_name': 'Simone', 'emergency_type': <EmergencyType.INTRO: 'intro'>}
2025-12-22 17:52:09.602	DEBUG   	emergency_main_graph.py:run_graph():191 - [Node] ChooseQuestion
2025-12-22 17:52:09.738	DEBUG   	emergency_main_graph.py:run_graph():191 - [Node] AskCaller
2025-12-22 17:52:09.740	DEBUG   	emergency_main_graph.py:run_graph():194 - AskCaller(question='Where exactly is the emergency location?')
2025-12-22 17:52:09.742	DEBUG   	app.py:stream_policy_messages():135 - Streaming message: Where exactly is the emergency location?
2025-12-22 17:52:26.988	INFO    	app.py:stream_policy_messages():113 - User message: It's in Messkirch
2025-12-22 17:52:27.046	INFO    	emergency_main_graph.py:resume_from_persistence():131 - Resuming from persisted graph state...
2025-12-22 17:52:27.048	INFO    	emergency_main_graph.py:resume_from_persistence():132 - [Node] AskCaller
2025-12-22 17:52:27.050	DEBUG   	emergency_main_graph.py:resume_from_persistence():135 - Resumed State:	{'caller_name': 'Simone', 'emergency_type': <EmergencyType.INTRO: 'intro'>}
2025-12-22 17:52:28.410	DEBUG   	emergency_main_graph.py:run_graph():191 - [Node] EvaluateAgentOutput
2025-12-22 17:52:28.454	INFO    	nodes.py:run():221 - Model returned new data
2025-12-22 17:52:28.455	DEBUG   	nodes.py:run():222 - New extracted state: {'emergency_location': 'Messkirch'}
2025-12-22 17:52:28.539	DEBUG   	emergency_main_graph.py:run_graph():191 - [Node] MergeState
2025-12-22 17:52:28.601	DEBUG   	nodes.py:run():254 - Old State:	{'caller_name': 'Simone', 'emergency_type': <EmergencyType.INTRO: 'intro'>}
2025-12-22 17:52:28.602	DEBUG   	nodes.py:run():257 - New State:	{'emergency_location': 'Messkirch'}
2025-12-22 17:52:28.604	DEBUG   	nodes.py:run():264 - Merged State:	{'caller_name': 'Simone', 'emergency_location': 'Messkirch', 'emergency_type': <EmergencyType.INTRO: 'intro'>}
2025-12-22 17:52:28.697	DEBUG   	emergency_main_graph.py:run_graph():191 - [Node] EvaluateState
2025-12-22 17:52:28.747	DEBUG   	nodes.py:run():286 - Evaluate State:	{'caller_name': 'Simone', 'emergency_location': 'Messkirch', 'emergency_type': <EmergencyType.INTRO: 'intro'>}
2025-12-22 17:52:28.858	DEBUG   	emergency_main_graph.py:run_graph():191 - [Node] ChooseQuestion
2025-12-22 17:52:29.022	DEBUG   	emergency_main_graph.py:run_graph():191 - [Node] AskCaller
2025-12-22 17:52:29.023	DEBUG   	emergency_main_graph.py:run_graph():194 - AskCaller(question='What has just happened acutely?')
2025-12-22 17:52:29.025	DEBUG   	app.py:stream_policy_messages():135 - Streaming message: What has just happened acutely?
2025-12-22 17:54:44.287	INFO    	app.py:stream_policy_messages():113 - User message: My husband starts to behave strangely. He speaks unclearly. He can't move his left side.
2025-12-22 17:54:44.374	INFO    	emergency_main_graph.py:resume_from_persistence():131 - Resuming from persisted graph state...
2025-12-22 17:54:44.376	INFO    	emergency_main_graph.py:resume_from_persistence():132 - [Node] AskCaller
2025-12-22 17:54:44.377	DEBUG   	emergency_main_graph.py:resume_from_persistence():135 - Resumed State:	{'caller_name': 'Simone', 'emergency_location': 'Messkirch', 'emergency_type': <EmergencyType.INTRO: 'intro'>}
2025-12-22 17:54:47.286	DEBUG   	emergency_main_graph.py:run_graph():191 - [Node] EvaluateAgentOutput
2025-12-22 17:54:47.350	INFO    	nodes.py:run():221 - Model returned new data
2025-12-22 17:54:47.352	DEBUG   	nodes.py:run():222 - New extracted state: {'acute_paralysis': True, 'acute_speech_disorder': True, 'acute_hemisensory_loss': True, 'neurological_deficits': True, 'situation_description': "Husband starts to behave strangely. He speaks unclearly. He can't move his left side.", 'rd1': True, 'rd2': True}
2025-12-22 17:54:47.478	DEBUG   	emergency_main_graph.py:run_graph():191 - [Node] MergeState
2025-12-22 17:54:47.546	DEBUG   	nodes.py:run():254 - Old State:	{'caller_name': 'Simone', 'emergency_location': 'Messkirch', 'emergency_type': <EmergencyType.INTRO: 'intro'>}
2025-12-22 17:54:47.548	DEBUG   	nodes.py:run():257 - New State:	{'acute_paralysis': True, 'acute_speech_disorder': True, 'acute_hemisensory_loss': True, 'neurological_deficits': True, 'situation_description': "Husband starts to behave strangely. He speaks unclearly. He can't move his left side.", 'rd1': True, 'rd2': True}
2025-12-22 17:54:47.551	DEBUG   	nodes.py:run():264 - Merged State:	{'acute_paralysis': True, 'acute_speech_disorder': True, 'acute_hemisensory_loss': True, 'neurological_deficits': True, 'caller_name': 'Simone', 'emergency_location': 'Messkirch', 'emergency_type': <EmergencyType.INTRO: 'intro'>, 'situation_description': "Husband starts to behave strangely. He speaks unclearly. He can't move his left side.", 'rd1': True, 'rd2': True}
2025-12-22 17:54:47.687	DEBUG   	emergency_main_graph.py:run_graph():191 - [Node] EvaluateState
2025-12-22 17:54:47.758	DEBUG   	nodes.py:run():286 - Evaluate State:	{'acute_paralysis': True, 'acute_speech_disorder': True, 'acute_hemisensory_loss': True, 'neurological_deficits': True, 'caller_name': 'Simone', 'emergency_location': 'Messkirch', 'emergency_type': <EmergencyType.INTRO: 'intro'>, 'situation_description': "Husband starts to behave strangely. He speaks unclearly. He can't move his left side.", 'rd1': True, 'rd2': True}
2025-12-22 17:54:47.902	DEBUG   	emergency_main_graph.py:run_graph():191 - [Node] RD2
2025-12-22 17:54:48.118	DEBUG   	emergency_main_graph.py:run_graph():191 - [Node] Disposition
2025-12-22 17:54:48.120	DEBUG   	app.py:stream_policy_messages():135 - Streaming message: A Vehicle is on it's way to you. Please stand by.
2025-12-22 17:54:48.733	INFO    	emergency_main_graph.py:resume_from_persistence():131 - Resuming from persisted graph state...
2025-12-22 17:54:48.735	INFO    	emergency_main_graph.py:resume_from_persistence():132 - [Node] Disposition
2025-12-22 17:54:48.736	DEBUG   	emergency_main_graph.py:resume_from_persistence():135 - Resumed State:	{'acute_paralysis': True, 'acute_speech_disorder': True, 'acute_hemisensory_loss': True, 'neurological_deficits': True, 'caller_name': 'Simone', 'emergency_location': 'Messkirch', 'emergency_type': <EmergencyType.INTRO: 'intro'>, 'situation_description': "Husband starts to behave strangely. He speaks unclearly. He can't move his left side.", 'rd1': True, 'rd2': True}
2025-12-22 17:54:48.970	INFO    	nodes.py:run():478 - final state: {'acute_paralysis': True, 'acute_speech_disorder': True, 'acute_hemisensory_loss': True, 'neurological_deficits': True, 'caller_name': 'Simone', 'emergency_location': 'Messkirch', 'emergency_type': <EmergencyType.INTRO: 'intro'>, 'situation_description': "Husband starts to behave strangely. He speaks unclearly. He can't move his left side.", 'rd1': True, 'rd2': True}
2025-12-22 17:54:48.972	INFO    	settings.py:async_print():96 - A Vehicle is on it's way to you. Please stand by.
2025-12-22 17:54:49.127	INFO    	settings.py:async_print():96 - The emergency call has been processed.
2025-12-22 18:01:16.445	INFO    	app.py:handle_survey_submit():734 - Survey saved for session 1d5325f5-bc6a-4860-abf2-e27d66d1e68d
