2026-01-10 20:58:51.194	INFO    	[logger.py:setup_session_logger:188] Log Path: logs/FLAIRS39/3bb37e68c111499a983c4c92286faefb/3cf1e5c5fed2493bad98bb864e7cc08b
2026-01-10 20:58:51.195	WARNING 	[core.py:init_session:158] Session initialized: 3cf1e5c5-fed2-493b-ad98-bb864e7cc08b, 3bb37e68-c111-499a-983c-4c92286faefb, graph
2026-01-10 20:58:54.452	INFO    	[emergency_main_graph.py:resume_from_persistence:143] Initializing new graph run...
2026-01-10 20:58:54.478	DEBUG   	[emergency_main_graph.py:run_graph:191] [Node] Greeting
2026-01-10 20:58:54.479	DEBUG   	[app.py:stream_policy_messages:135] Streaming message: Hello! You're speaking with the emergency call services.
2026-01-10 20:58:55.123	INFO    	[emergency_main_graph.py:resume_from_persistence:131] Resuming from persisted graph state...
2026-01-10 20:58:55.124	INFO    	[emergency_main_graph.py:resume_from_persistence:132] [Node] Greeting
2026-01-10 20:58:55.124	DEBUG   	[emergency_main_graph.py:resume_from_persistence:135] Resumed State:	{}
2026-01-10 20:58:55.157	INFO    	[settings.py:async_print:96] Hello! You're speaking with the emergency call services.
2026-01-10 20:58:55.181	DEBUG   	[emergency_main_graph.py:run_graph:191] [Node] ChooseQuestion
2026-01-10 20:58:55.281	DEBUG   	[emergency_main_graph.py:run_graph:191] [Node] AskCaller
2026-01-10 20:58:55.282	DEBUG   	[emergency_main_graph.py:run_graph:194] AskCaller(question='With whom am I speaking, please?')
2026-01-10 20:58:55.282	DEBUG   	[app.py:stream_policy_messages:135] Streaming message: With whom am I speaking, please?
2026-01-10 20:59:09.425	INFO    	[app.py:stream_policy_messages:113] User message: Hello this is Anna
2026-01-10 20:59:09.453	INFO    	[emergency_main_graph.py:resume_from_persistence:131] Resuming from persisted graph state...
2026-01-10 20:59:09.453	INFO    	[emergency_main_graph.py:resume_from_persistence:132] [Node] AskCaller
2026-01-10 20:59:09.454	DEBUG   	[emergency_main_graph.py:resume_from_persistence:135] Resumed State:	{'emergency_type': <EmergencyType.INTRO: 'intro'>}
2026-01-10 20:59:10.853	DEBUG   	[emergency_main_graph.py:run_graph:191] [Node] EvaluateAgentOutput
2026-01-10 20:59:10.876	INFO    	[nodes.py:run:221] Model returned new data
2026-01-10 20:59:10.876	DEBUG   	[nodes.py:run:222] New extracted state: {'caller_name': 'Anna'}
2026-01-10 20:59:10.920	DEBUG   	[emergency_main_graph.py:run_graph:191] [Node] MergeState
2026-01-10 20:59:10.947	DEBUG   	[nodes.py:run:254] Old State:	{'emergency_type': <EmergencyType.INTRO: 'intro'>}
2026-01-10 20:59:10.947	DEBUG   	[nodes.py:run:257] New State:	{'caller_name': 'Anna'}
2026-01-10 20:59:10.947	DEBUG   	[nodes.py:run:264] Merged State:	{'caller_name': 'Anna', 'emergency_type': <EmergencyType.INTRO: 'intro'>}
2026-01-10 20:59:11.000	DEBUG   	[emergency_main_graph.py:run_graph:191] [Node] EvaluateState
2026-01-10 20:59:11.028	DEBUG   	[nodes.py:run:286] Evaluate State:	{'caller_name': 'Anna', 'emergency_type': <EmergencyType.INTRO: 'intro'>}
2026-01-10 20:59:11.085	DEBUG   	[emergency_main_graph.py:run_graph:191] [Node] ChooseQuestion
2026-01-10 20:59:11.176	DEBUG   	[emergency_main_graph.py:run_graph:191] [Node] AskCaller
2026-01-10 20:59:11.176	DEBUG   	[emergency_main_graph.py:run_graph:194] AskCaller(question='Where exactly is the emergency location?')
2026-01-10 20:59:11.177	DEBUG   	[app.py:stream_policy_messages:135] Streaming message: Where exactly is the emergency location?
2026-01-10 20:59:39.657	INFO    	[app.py:stream_policy_messages:113] User message: Im at home!
2026-01-10 20:59:39.715	INFO    	[emergency_main_graph.py:resume_from_persistence:131] Resuming from persisted graph state...
2026-01-10 20:59:39.715	INFO    	[emergency_main_graph.py:resume_from_persistence:132] [Node] AskCaller
2026-01-10 20:59:39.716	DEBUG   	[emergency_main_graph.py:resume_from_persistence:135] Resumed State:	{'caller_name': 'Anna', 'emergency_type': <EmergencyType.INTRO: 'intro'>}
2026-01-10 20:59:40.968	DEBUG   	[emergency_main_graph.py:run_graph:191] [Node] EvaluateAgentOutput
2026-01-10 20:59:41.011	INFO    	[nodes.py:run:221] Model returned new data
2026-01-10 20:59:41.011	DEBUG   	[nodes.py:run:222] New extracted state: {'emergency_location': 'At home'}
2026-01-10 20:59:41.096	DEBUG   	[emergency_main_graph.py:run_graph:191] [Node] MergeState
2026-01-10 20:59:41.143	DEBUG   	[nodes.py:run:254] Old State:	{'caller_name': 'Anna', 'emergency_type': <EmergencyType.INTRO: 'intro'>}
2026-01-10 20:59:41.143	DEBUG   	[nodes.py:run:257] New State:	{'emergency_location': 'At home'}
2026-01-10 20:59:41.144	DEBUG   	[nodes.py:run:264] Merged State:	{'caller_name': 'Anna', 'emergency_location': 'At home', 'emergency_type': <EmergencyType.INTRO: 'intro'>}
2026-01-10 20:59:41.237	DEBUG   	[emergency_main_graph.py:run_graph:191] [Node] EvaluateState
2026-01-10 20:59:41.285	DEBUG   	[nodes.py:run:286] Evaluate State:	{'caller_name': 'Anna', 'emergency_location': 'At home', 'emergency_type': <EmergencyType.INTRO: 'intro'>}
2026-01-10 20:59:41.383	DEBUG   	[emergency_main_graph.py:run_graph:191] [Node] ChooseQuestion
2026-01-10 20:59:41.535	DEBUG   	[emergency_main_graph.py:run_graph:191] [Node] AskCaller
2026-01-10 20:59:41.536	DEBUG   	[emergency_main_graph.py:run_graph:194] AskCaller(question='What has just happened acutely?')
2026-01-10 20:59:41.537	DEBUG   	[app.py:stream_policy_messages:135] Streaming message: What has just happened acutely?
2026-01-10 20:59:56.961	INFO    	[app.py:stream_policy_messages:113] User message: nothing happened to me, but my wife is acting weird
2026-01-10 20:59:57.047	INFO    	[emergency_main_graph.py:resume_from_persistence:131] Resuming from persisted graph state...
2026-01-10 20:59:57.048	INFO    	[emergency_main_graph.py:resume_from_persistence:132] [Node] AskCaller
2026-01-10 20:59:57.048	DEBUG   	[emergency_main_graph.py:resume_from_persistence:135] Resumed State:	{'caller_name': 'Anna', 'emergency_location': 'At home', 'emergency_type': <EmergencyType.INTRO: 'intro'>}
2026-01-10 20:59:59.733	DEBUG   	[emergency_main_graph.py:run_graph:191] [Node] EvaluateAgentOutput
2026-01-10 20:59:59.797	INFO    	[nodes.py:run:221] Model returned new data
2026-01-10 20:59:59.797	DEBUG   	[nodes.py:run:222] New extracted state: {'situation_description': 'My wife is acting weird.'}
2026-01-10 20:59:59.924	DEBUG   	[emergency_main_graph.py:run_graph:191] [Node] MergeState
2026-01-10 20:59:59.992	DEBUG   	[nodes.py:run:254] Old State:	{'caller_name': 'Anna', 'emergency_location': 'At home', 'emergency_type': <EmergencyType.INTRO: 'intro'>}
2026-01-10 20:59:59.992	DEBUG   	[nodes.py:run:257] New State:	{'situation_description': 'My wife is acting weird.'}
2026-01-10 20:59:59.993	DEBUG   	[nodes.py:run:264] Merged State:	{'caller_name': 'Anna', 'emergency_location': 'At home', 'emergency_type': <EmergencyType.INTRO: 'intro'>, 'situation_description': 'My wife is acting weird.'}
2026-01-10 21:00:00.128	DEBUG   	[emergency_main_graph.py:run_graph:191] [Node] EvaluateState
2026-01-10 21:00:00.198	DEBUG   	[nodes.py:run:286] Evaluate State:	{'caller_name': 'Anna', 'emergency_location': 'At home', 'emergency_type': <EmergencyType.INTRO: 'intro'>, 'situation_description': 'My wife is acting weird.'}
2026-01-10 21:00:00.355	DEBUG   	[emergency_main_graph.py:run_graph:191] [Node] ChooseQuestion
2026-01-10 21:00:00.427	DEBUG   	[nodes.py:run:135] No more questions in current set
2026-01-10 21:00:00.572	DEBUG   	[emergency_main_graph.py:run_graph:191] [Node] ChooseSubGraph
2026-01-10 21:00:00.647	INFO    	[nodes.py:run:316] Forcing Agent to decide the Emergency type...
2026-01-10 21:00:01.266	DEBUG   	[nodes.py:run:326] Result type: <enum 'EmergencyType'>
2026-01-10 21:00:01.266	DEBUG   	[nodes.py:run:327] Emergency type: medical
2026-01-10 21:00:01.421	DEBUG   	[emergency_main_graph.py:run_graph:191] [Node] EvaluateAgentOutput
2026-01-10 21:00:01.501	INFO    	[nodes.py:run:221] Model returned new data
2026-01-10 21:00:01.501	DEBUG   	[nodes.py:run:222] New extracted state: {'emergency_type': <EmergencyType.MEDICAL: 'medical'>}
2026-01-10 21:00:01.664	DEBUG   	[emergency_main_graph.py:run_graph:191] [Node] MergeState
2026-01-10 21:00:01.749	DEBUG   	[nodes.py:run:254] Old State:	{'caller_name': 'Anna', 'emergency_location': 'At home', 'emergency_type': <EmergencyType.INTRO: 'intro'>, 'situation_description': 'My wife is acting weird.'}
2026-01-10 21:00:01.749	DEBUG   	[nodes.py:run:257] New State:	{'emergency_type': <EmergencyType.MEDICAL: 'medical'>}
2026-01-10 21:00:01.750	DEBUG   	[nodes.py:run:264] Merged State:	{'caller_name': 'Anna', 'emergency_location': 'At home', 'emergency_type': <EmergencyType.MEDICAL: 'medical'>, 'situation_description': 'My wife is acting weird.'}
2026-01-10 21:00:01.920	DEBUG   	[emergency_main_graph.py:run_graph:191] [Node] EvaluateState
2026-01-10 21:00:02.012	DEBUG   	[nodes.py:run:286] Evaluate State:	{'caller_name': 'Anna', 'emergency_location': 'At home', 'emergency_type': <EmergencyType.MEDICAL: 'medical'>, 'situation_description': 'My wife is acting weird.'}
2026-01-10 21:00:02.218	DEBUG   	[emergency_main_graph.py:run_graph:191] [Node] ChooseQuestion
2026-01-10 21:00:02.486	DEBUG   	[emergency_main_graph.py:run_graph:191] [Node] AskCaller
2026-01-10 21:00:02.486	DEBUG   	[emergency_main_graph.py:run_graph:194] AskCaller(question='Is the patient getting enough air now?')
2026-01-10 21:00:02.487	DEBUG   	[app.py:stream_policy_messages:135] Streaming message: Is the patient getting enough air now?
2026-01-10 21:01:22.691	INFO    	[app.py:stream_policy_messages:113] User message: yes she can breathe fine
2026-01-10 21:01:22.827	INFO    	[emergency_main_graph.py:resume_from_persistence:131] Resuming from persisted graph state...
2026-01-10 21:01:22.827	INFO    	[emergency_main_graph.py:resume_from_persistence:132] [Node] AskCaller
2026-01-10 21:01:22.827	DEBUG   	[emergency_main_graph.py:resume_from_persistence:135] Resumed State:	{'caller_name': 'Anna', 'emergency_location': 'At home', 'emergency_type': <EmergencyType.MEDICAL: 'medical'>, 'situation_description': 'My wife is acting weird.'}
2026-01-10 21:01:24.877	DEBUG   	[emergency_main_graph.py:run_graph:191] [Node] EvaluateAgentOutput
2026-01-10 21:01:24.979	INFO    	[nodes.py:run:221] Model returned new data
2026-01-10 21:01:24.979	DEBUG   	[nodes.py:run:222] New extracted state: {'now_insufficient_air': False}
2026-01-10 21:01:25.185	DEBUG   	[emergency_main_graph.py:run_graph:191] [Node] MergeState
2026-01-10 21:01:25.291	DEBUG   	[nodes.py:run:254] Old State:	{'caller_name': 'Anna', 'emergency_location': 'At home', 'emergency_type': <EmergencyType.MEDICAL: 'medical'>, 'situation_description': 'My wife is acting weird.'}
2026-01-10 21:01:25.291	DEBUG   	[nodes.py:run:257] New State:	{'now_insufficient_air': False}
2026-01-10 21:01:25.292	DEBUG   	[nodes.py:run:264] Merged State:	{'now_insufficient_air': False, 'caller_name': 'Anna', 'emergency_location': 'At home', 'emergency_type': <EmergencyType.MEDICAL: 'medical'>, 'situation_description': 'My wife is acting weird.'}
2026-01-10 21:01:25.505	DEBUG   	[emergency_main_graph.py:run_graph:191] [Node] EvaluateState
2026-01-10 21:01:25.613	DEBUG   	[nodes.py:run:286] Evaluate State:	{'now_insufficient_air': False, 'caller_name': 'Anna', 'emergency_location': 'At home', 'emergency_type': <EmergencyType.MEDICAL: 'medical'>, 'situation_description': 'My wife is acting weird.'}
2026-01-10 21:01:25.831	DEBUG   	[emergency_main_graph.py:run_graph:191] [Node] ChooseQuestion
2026-01-10 21:01:26.166	DEBUG   	[emergency_main_graph.py:run_graph:191] [Node] AskCaller
2026-01-10 21:01:26.166	DEBUG   	[emergency_main_graph.py:run_graph:194] AskCaller(question='Is the patient reacting normally now when spoken to?')
2026-01-10 21:01:26.167	DEBUG   	[app.py:stream_policy_messages:135] Streaming message: Is the patient reacting normally now when spoken to?
2026-01-10 21:02:09.020	INFO    	[app.py:stream_policy_messages:113] User message: no, she is slurring her words and sounds weird
2026-01-10 21:02:09.180	INFO    	[emergency_main_graph.py:resume_from_persistence:131] Resuming from persisted graph state...
2026-01-10 21:02:09.181	INFO    	[emergency_main_graph.py:resume_from_persistence:132] [Node] AskCaller
2026-01-10 21:02:09.181	DEBUG   	[emergency_main_graph.py:resume_from_persistence:135] Resumed State:	{'now_insufficient_air': False, 'caller_name': 'Anna', 'emergency_location': 'At home', 'emergency_type': <EmergencyType.MEDICAL: 'medical'>, 'situation_description': 'My wife is acting weird.'}
2026-01-10 21:02:11.656	DEBUG   	[emergency_main_graph.py:run_graph:191] [Node] EvaluateAgentOutput
2026-01-10 21:02:11.780	INFO    	[nodes.py:run:221] Model returned new data
2026-01-10 21:02:11.781	DEBUG   	[nodes.py:run:222] New extracted state: {'acute_speech_disorder': True, 'rd1': True}
2026-01-10 21:02:12.030	DEBUG   	[emergency_main_graph.py:run_graph:191] [Node] MergeState
2026-01-10 21:02:12.158	DEBUG   	[nodes.py:run:254] Old State:	{'now_insufficient_air': False, 'caller_name': 'Anna', 'emergency_location': 'At home', 'emergency_type': <EmergencyType.MEDICAL: 'medical'>, 'situation_description': 'My wife is acting weird.'}
2026-01-10 21:02:12.159	DEBUG   	[nodes.py:run:257] New State:	{'acute_speech_disorder': True, 'rd1': True}
2026-01-10 21:02:12.159	DEBUG   	[nodes.py:run:264] Merged State:	{'acute_speech_disorder': True, 'now_insufficient_air': False, 'caller_name': 'Anna', 'emergency_location': 'At home', 'emergency_type': <EmergencyType.MEDICAL: 'medical'>, 'situation_description': 'My wife is acting weird.', 'rd1': True}
2026-01-10 21:02:12.418	DEBUG   	[emergency_main_graph.py:run_graph:191] [Node] EvaluateState
2026-01-10 21:02:12.549	DEBUG   	[nodes.py:run:286] Evaluate State:	{'acute_speech_disorder': True, 'now_insufficient_air': False, 'caller_name': 'Anna', 'emergency_location': 'At home', 'emergency_type': <EmergencyType.MEDICAL: 'medical'>, 'situation_description': 'My wife is acting weird.', 'rd1': True}
2026-01-10 21:02:12.828	DEBUG   	[emergency_main_graph.py:run_graph:191] [Node] RD1
2026-01-10 21:02:12.962	INFO    	[nodes.py:run:355] Reached RD1
2026-01-10 21:02:12.962	INFO    	[nodes.py:run:360] Asking static question for RD2
2026-01-10 21:02:13.230	DEBUG   	[emergency_main_graph.py:run_graph:191] [Node] AskCaller
2026-01-10 21:02:13.231	DEBUG   	[emergency_main_graph.py:run_graph:194] AskCaller(question='Can you describe the situation with more detail?')
2026-01-10 21:02:13.232	DEBUG   	[app.py:stream_policy_messages:135] Streaming message: Can you describe the situation with more detail?
2026-01-10 21:06:29.397	INFO    	[app.py:stream_policy_messages:113] User message: about three quaters of an hour ago my wife started speaking weirdly and now she cant use her left side of the body
2026-01-10 21:06:29.567	INFO    	[emergency_main_graph.py:resume_from_persistence:131] Resuming from persisted graph state...
2026-01-10 21:06:29.567	INFO    	[emergency_main_graph.py:resume_from_persistence:132] [Node] AskCaller
2026-01-10 21:06:29.567	DEBUG   	[emergency_main_graph.py:resume_from_persistence:135] Resumed State:	{'acute_speech_disorder': True, 'now_insufficient_air': False, 'caller_name': 'Anna', 'emergency_location': 'At home', 'emergency_type': <EmergencyType.MEDICAL: 'medical'>, 'situation_description': 'My wife is acting weird.', 'rd1': True}
2026-01-10 21:06:32.738	DEBUG   	[emergency_main_graph.py:run_graph:191] [Node] EvaluateAgentOutput
2026-01-10 21:06:32.885	INFO    	[nodes.py:run:221] Model returned new data
2026-01-10 21:06:32.886	DEBUG   	[nodes.py:run:222] New extracted state: {'acute_paralysis': True, 'acute_speech_disorder': True, 'situation_description': "About three quarters of an hour ago, my wife started speaking weirdly and now she can't use her left side of the body.", 'rd1': True}
2026-01-10 21:06:33.181	DEBUG   	[emergency_main_graph.py:run_graph:191] [Node] MergeState
2026-01-10 21:06:33.333	DEBUG   	[nodes.py:run:254] Old State:	{'acute_speech_disorder': True, 'now_insufficient_air': False, 'caller_name': 'Anna', 'emergency_location': 'At home', 'emergency_type': <EmergencyType.MEDICAL: 'medical'>, 'situation_description': 'My wife is acting weird.', 'rd1': True}
2026-01-10 21:06:33.333	DEBUG   	[nodes.py:run:257] New State:	{'acute_paralysis': True, 'acute_speech_disorder': True, 'situation_description': "About three quarters of an hour ago, my wife started speaking weirdly and now she can't use her left side of the body.", 'rd1': True}
2026-01-10 21:06:33.334	DEBUG   	[nodes.py:run:264] Merged State:	{'acute_paralysis': True, 'acute_speech_disorder': True, 'now_insufficient_air': False, 'caller_name': 'Anna', 'emergency_location': 'At home', 'emergency_type': <EmergencyType.MEDICAL: 'medical'>, 'situation_description': "About three quarters of an hour ago, my wife started speaking weirdly and now she can't use her left side of the body.", 'rd1': True}
2026-01-10 21:06:33.638	DEBUG   	[emergency_main_graph.py:run_graph:191] [Node] EvaluateState
2026-01-10 21:06:33.792	DEBUG   	[nodes.py:run:286] Evaluate State:	{'acute_paralysis': True, 'acute_speech_disorder': True, 'now_insufficient_air': False, 'caller_name': 'Anna', 'emergency_location': 'At home', 'emergency_type': <EmergencyType.MEDICAL: 'medical'>, 'situation_description': "About three quarters of an hour ago, my wife started speaking weirdly and now she can't use her left side of the body.", 'rd1': True}
2026-01-10 21:06:34.102	DEBUG   	[emergency_main_graph.py:run_graph:191] [Node] RD1
2026-01-10 21:06:34.259	INFO    	[nodes.py:run:355] Reached RD1
2026-01-10 21:06:34.259	INFO    	[nodes.py:run:370] Forcing Agent to decide if enough information gathered...
2026-01-10 21:06:36.066	DEBUG   	[nodes.py:run:386] Enough info result (raw): EnoughInfoOutput(enough_information_gathered=True, next_question=None)
2026-01-10 21:06:36.067	INFO    	[nodes.py:run:389] Enough information gathered, accepting RD1
2026-01-10 21:06:36.426	DEBUG   	[emergency_main_graph.py:run_graph:191] [Node] EvaluateState
2026-01-10 21:06:36.585	DEBUG   	[nodes.py:run:286] Evaluate State:	{'acute_paralysis': True, 'acute_speech_disorder': True, 'now_insufficient_air': False, 'caller_name': 'Anna', 'emergency_location': 'At home', 'emergency_type': <EmergencyType.MEDICAL: 'medical'>, 'situation_description': "About three quarters of an hour ago, my wife started speaking weirdly and now she can't use her left side of the body.", 'rd1': True}
2026-01-10 21:06:36.908	DEBUG   	[emergency_main_graph.py:run_graph:191] [Node] RD1
2026-01-10 21:06:37.071	INFO    	[nodes.py:run:355] Reached RD1
2026-01-10 21:06:37.071	INFO    	[nodes.py:run:366] No more questions needed, accepting RD1
2026-01-10 21:06:37.489	DEBUG   	[emergency_main_graph.py:run_graph:191] [Node] Disposition
2026-01-10 21:06:37.490	DEBUG   	[app.py:stream_policy_messages:135] Streaming message: A Vehicle is on it's way to you. Please stand by.
2026-01-10 21:06:38.222	INFO    	[emergency_main_graph.py:resume_from_persistence:131] Resuming from persisted graph state...
2026-01-10 21:06:38.222	INFO    	[emergency_main_graph.py:resume_from_persistence:132] [Node] Disposition
2026-01-10 21:06:38.223	DEBUG   	[emergency_main_graph.py:resume_from_persistence:135] Resumed State:	{'acute_paralysis': True, 'acute_speech_disorder': True, 'now_insufficient_air': False, 'caller_name': 'Anna', 'emergency_location': 'At home', 'emergency_type': <EmergencyType.MEDICAL: 'medical'>, 'situation_description': "About three quarters of an hour ago, my wife started speaking weirdly and now she can't use her left side of the body.", 'rd1': True}
2026-01-10 21:06:38.790	INFO    	[nodes.py:run:478] final state: {'acute_paralysis': True, 'acute_speech_disorder': True, 'now_insufficient_air': False, 'caller_name': 'Anna', 'emergency_location': 'At home', 'emergency_type': <EmergencyType.MEDICAL: 'medical'>, 'situation_description': "About three quarters of an hour ago, my wife started speaking weirdly and now she can't use her left side of the body.", 'rd1': True}
2026-01-10 21:06:38.790	INFO    	[settings.py:async_print:96] A Vehicle is on it's way to you. Please stand by.
2026-01-10 21:06:39.242	INFO    	[settings.py:async_print:96] The emergency call has been processed.
2026-01-10 21:07:52.308	INFO    	[app.py:handle_survey_submit:735] Survey saved for session 3cf1e5c5-fed2-493b-ad98-bb864e7cc08b
