2025-12-24 11:47:16.905	INFO    	logger.py:setup_session_logger():150 - Log Path: logs/FLAIRS39/875d727956d6487f8dc3ebbe748c341d/35fd88a6904e4e20be233bb77f3b0881
2025-12-24 11:47:16.907	WARNING 	core.py:init_session():158 - Session initialized: 35fd88a6-904e-4e20-be23-3bb77f3b0881, 875d7279-56d6-487f-8dc3-ebbe748c341d, graph
2025-12-24 11:47:19.767	INFO    	emergency_main_graph.py:resume_from_persistence():143 - Initializing new graph run...
2025-12-24 11:47:19.806	DEBUG   	emergency_main_graph.py:run_graph():191 - [Node] Greeting
2025-12-24 11:47:19.809	DEBUG   	app.py:stream_policy_messages():135 - Streaming message: Hello! You're speaking with the emergency call services.
2025-12-24 11:47:20.455	INFO    	emergency_main_graph.py:resume_from_persistence():131 - Resuming from persisted graph state...
2025-12-24 11:47:20.456	INFO    	emergency_main_graph.py:resume_from_persistence():132 - [Node] Greeting
2025-12-24 11:47:20.459	DEBUG   	emergency_main_graph.py:resume_from_persistence():135 - Resumed State:	{}
2025-12-24 11:47:20.496	INFO    	settings.py:async_print():96 - Hello! You're speaking with the emergency call services.
2025-12-24 11:47:20.523	DEBUG   	emergency_main_graph.py:run_graph():191 - [Node] ChooseQuestion
2025-12-24 11:47:20.568	DEBUG   	emergency_main_graph.py:run_graph():191 - [Node] AskCaller
2025-12-24 11:47:20.570	DEBUG   	emergency_main_graph.py:run_graph():194 - AskCaller(question='With whom am I speaking, please?')
2025-12-24 11:47:20.572	DEBUG   	app.py:stream_policy_messages():135 - Streaming message: With whom am I speaking, please?
2025-12-24 11:47:33.981	INFO    	app.py:stream_policy_messages():113 - User message: My name is Tobi Mcguir
2025-12-24 11:47:34.012	INFO    	emergency_main_graph.py:resume_from_persistence():131 - Resuming from persisted graph state...
2025-12-24 11:47:34.015	INFO    	emergency_main_graph.py:resume_from_persistence():132 - [Node] AskCaller
2025-12-24 11:47:34.017	DEBUG   	emergency_main_graph.py:resume_from_persistence():135 - Resumed State:	{'emergency_type': <EmergencyType.INTRO: 'intro'>}
2025-12-24 11:47:35.709	DEBUG   	emergency_main_graph.py:run_graph():191 - [Node] EvaluateAgentOutput
2025-12-24 11:47:35.734	INFO    	nodes.py:run():221 - Model returned new data
2025-12-24 11:47:35.736	DEBUG   	nodes.py:run():222 - New extracted state: {'caller_name': 'Tobi Mcguir'}
2025-12-24 11:47:35.780	DEBUG   	emergency_main_graph.py:run_graph():191 - [Node] MergeState
2025-12-24 11:47:35.808	DEBUG   	nodes.py:run():254 - Old State:	{'emergency_type': <EmergencyType.INTRO: 'intro'>}
2025-12-24 11:47:35.809	DEBUG   	nodes.py:run():257 - New State:	{'caller_name': 'Tobi Mcguir'}
2025-12-24 11:47:35.811	DEBUG   	nodes.py:run():264 - Merged State:	{'caller_name': 'Tobi Mcguir', 'emergency_type': <EmergencyType.INTRO: 'intro'>}
2025-12-24 11:47:35.864	DEBUG   	emergency_main_graph.py:run_graph():191 - [Node] EvaluateState
2025-12-24 11:47:35.894	DEBUG   	nodes.py:run():286 - Evaluate State:	{'caller_name': 'Tobi Mcguir', 'emergency_type': <EmergencyType.INTRO: 'intro'>}
2025-12-24 11:47:35.952	DEBUG   	emergency_main_graph.py:run_graph():191 - [Node] ChooseQuestion
2025-12-24 11:47:36.044	DEBUG   	emergency_main_graph.py:run_graph():191 - [Node] AskCaller
2025-12-24 11:47:36.046	DEBUG   	emergency_main_graph.py:run_graph():194 - AskCaller(question='Where exactly is the emergency location?')
2025-12-24 11:47:36.048	DEBUG   	app.py:stream_policy_messages():135 - Streaming message: Where exactly is the emergency location?
2025-12-24 11:47:54.035	INFO    	app.py:stream_policy_messages():113 - User message: Its at home in the WoodAv 69
2025-12-24 11:47:54.098	INFO    	emergency_main_graph.py:resume_from_persistence():131 - Resuming from persisted graph state...
2025-12-24 11:47:54.100	INFO    	emergency_main_graph.py:resume_from_persistence():132 - [Node] AskCaller
2025-12-24 11:47:54.102	DEBUG   	emergency_main_graph.py:resume_from_persistence():135 - Resumed State:	{'caller_name': 'Tobi Mcguir', 'emergency_type': <EmergencyType.INTRO: 'intro'>}
2025-12-24 11:47:55.577	DEBUG   	emergency_main_graph.py:run_graph():191 - [Node] EvaluateAgentOutput
2025-12-24 11:47:55.620	INFO    	nodes.py:run():221 - Model returned new data
2025-12-24 11:47:55.622	DEBUG   	nodes.py:run():222 - New extracted state: {'emergency_location': 'WoodAv 69'}
2025-12-24 11:47:55.706	DEBUG   	emergency_main_graph.py:run_graph():191 - [Node] MergeState
2025-12-24 11:47:55.754	DEBUG   	nodes.py:run():254 - Old State:	{'caller_name': 'Tobi Mcguir', 'emergency_type': <EmergencyType.INTRO: 'intro'>}
2025-12-24 11:47:55.755	DEBUG   	nodes.py:run():257 - New State:	{'emergency_location': 'WoodAv 69'}
2025-12-24 11:47:55.757	DEBUG   	nodes.py:run():264 - Merged State:	{'caller_name': 'Tobi Mcguir', 'emergency_location': 'WoodAv 69', 'emergency_type': <EmergencyType.INTRO: 'intro'>}
2025-12-24 11:47:55.850	DEBUG   	emergency_main_graph.py:run_graph():191 - [Node] EvaluateState
2025-12-24 11:47:55.900	DEBUG   	nodes.py:run():286 - Evaluate State:	{'caller_name': 'Tobi Mcguir', 'emergency_location': 'WoodAv 69', 'emergency_type': <EmergencyType.INTRO: 'intro'>}
2025-12-24 11:47:55.999	DEBUG   	emergency_main_graph.py:run_graph():191 - [Node] ChooseQuestion
2025-12-24 11:47:56.152	DEBUG   	emergency_main_graph.py:run_graph():191 - [Node] AskCaller
2025-12-24 11:47:56.153	DEBUG   	emergency_main_graph.py:run_graph():194 - AskCaller(question='What has just happened acutely?')
2025-12-24 11:47:56.155	DEBUG   	app.py:stream_policy_messages():135 - Streaming message: What has just happened acutely?
2025-12-24 11:48:08.608	INFO    	app.py:stream_policy_messages():113 - User message: my wife has strong chest pain
2025-12-24 11:48:08.693	INFO    	emergency_main_graph.py:resume_from_persistence():131 - Resuming from persisted graph state...
2025-12-24 11:48:08.695	INFO    	emergency_main_graph.py:resume_from_persistence():132 - [Node] AskCaller
2025-12-24 11:48:08.697	DEBUG   	emergency_main_graph.py:resume_from_persistence():135 - Resumed State:	{'caller_name': 'Tobi Mcguir', 'emergency_location': 'WoodAv 69', 'emergency_type': <EmergencyType.INTRO: 'intro'>}
2025-12-24 11:48:11.289	DEBUG   	emergency_main_graph.py:run_graph():191 - [Node] EvaluateAgentOutput
2025-12-24 11:48:11.355	INFO    	nodes.py:run():221 - Model returned new data
2025-12-24 11:48:11.356	DEBUG   	nodes.py:run():222 - New extracted state: {'acute_chest_pain': True, 'situation_description': 'my wife has strong chest pain.', 'rd1': True, 'rd2': True}
2025-12-24 11:48:11.485	DEBUG   	emergency_main_graph.py:run_graph():191 - [Node] MergeState
2025-12-24 11:48:11.553	DEBUG   	nodes.py:run():254 - Old State:	{'caller_name': 'Tobi Mcguir', 'emergency_location': 'WoodAv 69', 'emergency_type': <EmergencyType.INTRO: 'intro'>}
2025-12-24 11:48:11.555	DEBUG   	nodes.py:run():257 - New State:	{'acute_chest_pain': True, 'situation_description': 'my wife has strong chest pain.', 'rd1': True, 'rd2': True}
2025-12-24 11:48:11.557	DEBUG   	nodes.py:run():264 - Merged State:	{'acute_chest_pain': True, 'caller_name': 'Tobi Mcguir', 'emergency_location': 'WoodAv 69', 'emergency_type': <EmergencyType.INTRO: 'intro'>, 'situation_description': 'my wife has strong chest pain.', 'rd1': True, 'rd2': True}
2025-12-24 11:48:11.692	DEBUG   	emergency_main_graph.py:run_graph():191 - [Node] EvaluateState
2025-12-24 11:48:11.763	DEBUG   	nodes.py:run():286 - Evaluate State:	{'acute_chest_pain': True, 'caller_name': 'Tobi Mcguir', 'emergency_location': 'WoodAv 69', 'emergency_type': <EmergencyType.INTRO: 'intro'>, 'situation_description': 'my wife has strong chest pain.', 'rd1': True, 'rd2': True}
2025-12-24 11:48:11.905	DEBUG   	emergency_main_graph.py:run_graph():191 - [Node] RD2
2025-12-24 11:48:12.121	DEBUG   	emergency_main_graph.py:run_graph():191 - [Node] Disposition
2025-12-24 11:48:12.123	DEBUG   	app.py:stream_policy_messages():135 - Streaming message: A Vehicle is on it's way to you. Please stand by.
2025-12-24 11:48:12.734	INFO    	emergency_main_graph.py:resume_from_persistence():131 - Resuming from persisted graph state...
2025-12-24 11:48:12.735	INFO    	emergency_main_graph.py:resume_from_persistence():132 - [Node] Disposition
2025-12-24 11:48:12.737	DEBUG   	emergency_main_graph.py:resume_from_persistence():135 - Resumed State:	{'acute_chest_pain': True, 'caller_name': 'Tobi Mcguir', 'emergency_location': 'WoodAv 69', 'emergency_type': <EmergencyType.INTRO: 'intro'>, 'situation_description': 'my wife has strong chest pain.', 'rd1': True, 'rd2': True}
2025-12-24 11:48:12.968	INFO    	nodes.py:run():478 - final state: {'acute_chest_pain': True, 'caller_name': 'Tobi Mcguir', 'emergency_location': 'WoodAv 69', 'emergency_type': <EmergencyType.INTRO: 'intro'>, 'situation_description': 'my wife has strong chest pain.', 'rd1': True, 'rd2': True}
2025-12-24 11:48:12.970	INFO    	settings.py:async_print():96 - A Vehicle is on it's way to you. Please stand by.
2025-12-24 11:48:13.145	INFO    	settings.py:async_print():96 - The emergency call has been processed.
2025-12-24 11:48:33.218	INFO    	app.py:handle_survey_submit():735 - Survey saved for session 35fd88a6-904e-4e20-be23-3bb77f3b0881
