2025-12-19 14:29:50.405	INFO    	logger.py:setup_session_logger():150 - Log Path: logs/FLAIRS39/5b18a5e0acf546149e424d566101afca/8eb09fb9be004ddeac1319060f63b3b3
2025-12-19 14:29:50.407	WARNING 	core.py:init_session():158 - Session initialized: 8eb09fb9-be00-4dde-ac13-19060f63b3b3, 5b18a5e0-acf5-4614-9e42-4d566101afca, graph
2025-12-19 14:29:53.544	INFO    	emergency_main_graph.py:resume_from_persistence():143 - Initializing new graph run...
2025-12-19 14:29:53.569	DEBUG   	emergency_main_graph.py:run_graph():191 - [Node] Greeting
2025-12-19 14:29:53.571	DEBUG   	app.py:stream_policy_messages():128 - Streaming message: Hello! You're speaking with the emergency call services.
2025-12-19 14:29:54.217	INFO    	emergency_main_graph.py:resume_from_persistence():131 - Resuming from persisted graph state...
2025-12-19 14:29:54.219	INFO    	emergency_main_graph.py:resume_from_persistence():132 - [Node] Greeting
2025-12-19 14:29:54.220	DEBUG   	emergency_main_graph.py:resume_from_persistence():135 - Resumed State:	{}
2025-12-19 14:29:54.256	INFO    	settings.py:async_print():96 - Hello! You're speaking with the emergency call services.
2025-12-19 14:29:54.279	DEBUG   	emergency_main_graph.py:run_graph():191 - [Node] ChooseQuestion
2025-12-19 14:29:54.322	DEBUG   	emergency_main_graph.py:run_graph():191 - [Node] AskCaller
2025-12-19 14:29:54.323	DEBUG   	emergency_main_graph.py:run_graph():194 - AskCaller(question='With whom am I speaking, please?')
2025-12-19 14:29:54.325	DEBUG   	app.py:stream_policy_messages():128 - Streaming message: With whom am I speaking, please?
2025-12-19 14:30:02.876	INFO    	app.py:stream_policy_messages():113 - User message: Hi, I am Nico 
2025-12-19 14:30:02.906	INFO    	emergency_main_graph.py:resume_from_persistence():131 - Resuming from persisted graph state...
2025-12-19 14:30:02.908	INFO    	emergency_main_graph.py:resume_from_persistence():132 - [Node] AskCaller
2025-12-19 14:30:02.910	DEBUG   	emergency_main_graph.py:resume_from_persistence():135 - Resumed State:	{'emergency_type': <EmergencyType.INTRO: 'intro'>}
2025-12-19 14:30:04.487	DEBUG   	emergency_main_graph.py:run_graph():191 - [Node] EvaluateAgentOutput
2025-12-19 14:30:04.516	INFO    	nodes.py:run():221 - Model returned new data
2025-12-19 14:30:04.518	DEBUG   	nodes.py:run():222 - New extracted state: {'caller_name': 'Nico'}
2025-12-19 14:30:04.573	DEBUG   	emergency_main_graph.py:run_graph():191 - [Node] MergeState
2025-12-19 14:30:04.603	DEBUG   	nodes.py:run():254 - Old State:	{'emergency_type': <EmergencyType.INTRO: 'intro'>}
2025-12-19 14:30:04.604	DEBUG   	nodes.py:run():257 - New State:	{'caller_name': 'Nico'}
2025-12-19 14:30:04.605	DEBUG   	nodes.py:run():264 - Merged State:	{'caller_name': 'Nico', 'emergency_type': <EmergencyType.INTRO: 'intro'>}
2025-12-19 14:30:04.658	DEBUG   	emergency_main_graph.py:run_graph():191 - [Node] EvaluateState
2025-12-19 14:30:04.688	DEBUG   	nodes.py:run():286 - Evaluate State:	{'caller_name': 'Nico', 'emergency_type': <EmergencyType.INTRO: 'intro'>}
2025-12-19 14:30:04.745	DEBUG   	emergency_main_graph.py:run_graph():191 - [Node] ChooseQuestion
2025-12-19 14:30:04.837	DEBUG   	emergency_main_graph.py:run_graph():191 - [Node] AskCaller
2025-12-19 14:30:04.838	DEBUG   	emergency_main_graph.py:run_graph():194 - AskCaller(question='Where exactly is the emergency location?')
2025-12-19 14:30:04.840	DEBUG   	app.py:stream_policy_messages():128 - Streaming message: Where exactly is the emergency location?
2025-12-19 14:30:28.150	INFO    	app.py:stream_policy_messages():113 - User message: I am at home, in my bed, which is in Apt. 256 at Floriansmühlstraße 20
2025-12-19 14:30:28.213	INFO    	emergency_main_graph.py:resume_from_persistence():131 - Resuming from persisted graph state...
2025-12-19 14:30:28.215	INFO    	emergency_main_graph.py:resume_from_persistence():132 - [Node] AskCaller
2025-12-19 14:30:28.216	DEBUG   	emergency_main_graph.py:resume_from_persistence():135 - Resumed State:	{'caller_name': 'Nico', 'emergency_type': <EmergencyType.INTRO: 'intro'>}
2025-12-19 14:30:30.102	DEBUG   	emergency_main_graph.py:run_graph():191 - [Node] EvaluateAgentOutput
2025-12-19 14:30:30.148	INFO    	nodes.py:run():221 - Model returned new data
2025-12-19 14:30:30.149	DEBUG   	nodes.py:run():222 - New extracted state: {'emergency_location': 'Apt. 256 at Floriansmühlstraße 20'}
2025-12-19 14:30:30.233	DEBUG   	emergency_main_graph.py:run_graph():191 - [Node] MergeState
2025-12-19 14:30:30.283	DEBUG   	nodes.py:run():254 - Old State:	{'caller_name': 'Nico', 'emergency_type': <EmergencyType.INTRO: 'intro'>}
2025-12-19 14:30:30.285	DEBUG   	nodes.py:run():257 - New State:	{'emergency_location': 'Apt. 256 at Floriansmühlstraße 20'}
2025-12-19 14:30:30.286	DEBUG   	nodes.py:run():264 - Merged State:	{'caller_name': 'Nico', 'emergency_location': 'Apt. 256 at Floriansmühlstraße 20', 'emergency_type': <EmergencyType.INTRO: 'intro'>}
2025-12-19 14:30:30.380	DEBUG   	emergency_main_graph.py:run_graph():191 - [Node] EvaluateState
2025-12-19 14:30:30.430	DEBUG   	nodes.py:run():286 - Evaluate State:	{'caller_name': 'Nico', 'emergency_location': 'Apt. 256 at Floriansmühlstraße 20', 'emergency_type': <EmergencyType.INTRO: 'intro'>}
2025-12-19 14:30:30.528	DEBUG   	emergency_main_graph.py:run_graph():191 - [Node] ChooseQuestion
2025-12-19 14:30:30.697	DEBUG   	emergency_main_graph.py:run_graph():191 - [Node] AskCaller
2025-12-19 14:30:30.699	DEBUG   	emergency_main_graph.py:run_graph():194 - AskCaller(question='What has just happened acutely?')
2025-12-19 14:30:30.701	DEBUG   	app.py:stream_policy_messages():128 - Streaming message: What has just happened acutely?
2025-12-19 14:30:56.929	INFO    	app.py:stream_policy_messages():113 - User message: Breathing is hurting right now. I cannot get much air 
2025-12-19 14:30:57.014	INFO    	emergency_main_graph.py:resume_from_persistence():131 - Resuming from persisted graph state...
2025-12-19 14:30:57.015	INFO    	emergency_main_graph.py:resume_from_persistence():132 - [Node] AskCaller
2025-12-19 14:30:57.016	DEBUG   	emergency_main_graph.py:resume_from_persistence():135 - Resumed State:	{'caller_name': 'Nico', 'emergency_location': 'Apt. 256 at Floriansmühlstraße 20', 'emergency_type': <EmergencyType.INTRO: 'intro'>}
2025-12-19 14:30:58.932	DEBUG   	emergency_main_graph.py:run_graph():191 - [Node] EvaluateAgentOutput
2025-12-19 14:30:58.996	INFO    	nodes.py:run():221 - Model returned new data
2025-12-19 14:30:58.998	DEBUG   	nodes.py:run():222 - New extracted state: {'now_insufficient_air': True, 'rd1': True}
2025-12-19 14:30:59.123	DEBUG   	emergency_main_graph.py:run_graph():191 - [Node] MergeState
2025-12-19 14:30:59.192	DEBUG   	nodes.py:run():254 - Old State:	{'caller_name': 'Nico', 'emergency_location': 'Apt. 256 at Floriansmühlstraße 20', 'emergency_type': <EmergencyType.INTRO: 'intro'>}
2025-12-19 14:30:59.194	DEBUG   	nodes.py:run():257 - New State:	{'now_insufficient_air': True, 'rd1': True}
2025-12-19 14:30:59.195	DEBUG   	nodes.py:run():264 - Merged State:	{'now_insufficient_air': True, 'caller_name': 'Nico', 'emergency_location': 'Apt. 256 at Floriansmühlstraße 20', 'emergency_type': <EmergencyType.INTRO: 'intro'>, 'rd1': True}
2025-12-19 14:30:59.331	DEBUG   	emergency_main_graph.py:run_graph():191 - [Node] EvaluateState
2025-12-19 14:30:59.404	DEBUG   	nodes.py:run():286 - Evaluate State:	{'now_insufficient_air': True, 'caller_name': 'Nico', 'emergency_location': 'Apt. 256 at Floriansmühlstraße 20', 'emergency_type': <EmergencyType.INTRO: 'intro'>, 'rd1': True}
2025-12-19 14:30:59.545	DEBUG   	emergency_main_graph.py:run_graph():191 - [Node] RD1
2025-12-19 14:30:59.618	INFO    	nodes.py:run():355 - Reached RD1
2025-12-19 14:30:59.619	INFO    	nodes.py:run():360 - Asking static question for RD2
2025-12-19 14:30:59.766	DEBUG   	emergency_main_graph.py:run_graph():191 - [Node] AskCaller
2025-12-19 14:30:59.767	DEBUG   	emergency_main_graph.py:run_graph():194 - AskCaller(question='Can you describe the situation with more detail?')
2025-12-19 14:30:59.769	DEBUG   	app.py:stream_policy_messages():128 - Streaming message: Can you describe the situation with more detail?
2025-12-19 14:31:16.469	INFO    	app.py:stream_policy_messages():113 - User message: I have breathing issues. 
2025-12-19 14:31:16.583	INFO    	emergency_main_graph.py:resume_from_persistence():131 - Resuming from persisted graph state...
2025-12-19 14:31:16.585	INFO    	emergency_main_graph.py:resume_from_persistence():132 - [Node] AskCaller
2025-12-19 14:31:16.586	DEBUG   	emergency_main_graph.py:resume_from_persistence():135 - Resumed State:	{'now_insufficient_air': True, 'caller_name': 'Nico', 'emergency_location': 'Apt. 256 at Floriansmühlstraße 20', 'emergency_type': <EmergencyType.INTRO: 'intro'>, 'rd1': True}
2025-12-19 14:31:18.962	DEBUG   	emergency_main_graph.py:run_graph():191 - [Node] EvaluateAgentOutput
2025-12-19 14:31:19.047	INFO    	nodes.py:run():221 - Model returned new data
2025-12-19 14:31:19.048	DEBUG   	nodes.py:run():222 - New extracted state: {'severe_dyspnoea': True, 'situation_description': 'I have breathing issues.', 'rd1': True, 'rd2': True}
2025-12-19 14:31:19.218	DEBUG   	emergency_main_graph.py:run_graph():191 - [Node] MergeState
2025-12-19 14:31:19.307	DEBUG   	nodes.py:run():254 - Old State:	{'now_insufficient_air': True, 'caller_name': 'Nico', 'emergency_location': 'Apt. 256 at Floriansmühlstraße 20', 'emergency_type': <EmergencyType.INTRO: 'intro'>, 'rd1': True}
2025-12-19 14:31:19.309	DEBUG   	nodes.py:run():257 - New State:	{'severe_dyspnoea': True, 'situation_description': 'I have breathing issues.', 'rd1': True, 'rd2': True}
2025-12-19 14:31:19.311	DEBUG   	nodes.py:run():264 - Merged State:	{'now_insufficient_air': True, 'severe_dyspnoea': True, 'caller_name': 'Nico', 'emergency_location': 'Apt. 256 at Floriansmühlstraße 20', 'emergency_type': <EmergencyType.INTRO: 'intro'>, 'situation_description': 'I have breathing issues.', 'rd1': True, 'rd2': True}
2025-12-19 14:31:19.490	DEBUG   	emergency_main_graph.py:run_graph():191 - [Node] EvaluateState
2025-12-19 14:31:19.582	DEBUG   	nodes.py:run():286 - Evaluate State:	{'now_insufficient_air': True, 'severe_dyspnoea': True, 'caller_name': 'Nico', 'emergency_location': 'Apt. 256 at Floriansmühlstraße 20', 'emergency_type': <EmergencyType.INTRO: 'intro'>, 'situation_description': 'I have breathing issues.', 'rd1': True, 'rd2': True}
2025-12-19 14:31:19.766	DEBUG   	emergency_main_graph.py:run_graph():191 - [Node] RD2
2025-12-19 14:31:20.047	DEBUG   	emergency_main_graph.py:run_graph():191 - [Node] Disposition
2025-12-19 14:31:20.049	DEBUG   	app.py:stream_policy_messages():128 - Streaming message: A Vehicle is on it's way to you. Please stand by.
2025-12-19 14:31:20.686	INFO    	emergency_main_graph.py:resume_from_persistence():131 - Resuming from persisted graph state...
2025-12-19 14:31:20.688	INFO    	emergency_main_graph.py:resume_from_persistence():132 - [Node] Disposition
2025-12-19 14:31:20.689	DEBUG   	emergency_main_graph.py:resume_from_persistence():135 - Resumed State:	{'now_insufficient_air': True, 'severe_dyspnoea': True, 'caller_name': 'Nico', 'emergency_location': 'Apt. 256 at Floriansmühlstraße 20', 'emergency_type': <EmergencyType.INTRO: 'intro'>, 'situation_description': 'I have breathing issues.', 'rd1': True, 'rd2': True}
2025-12-19 14:31:20.986	INFO    	nodes.py:run():478 - final state: {'now_insufficient_air': True, 'severe_dyspnoea': True, 'caller_name': 'Nico', 'emergency_location': 'Apt. 256 at Floriansmühlstraße 20', 'emergency_type': <EmergencyType.INTRO: 'intro'>, 'situation_description': 'I have breathing issues.', 'rd1': True, 'rd2': True}
2025-12-19 14:31:20.988	INFO    	settings.py:async_print():96 - A Vehicle is on it's way to you. Please stand by.
2025-12-19 14:31:21.189	INFO    	settings.py:async_print():96 - The emergency call has been processed.
