2025-12-22 20:27:14.045	INFO    	logger.py:setup_session_logger():150 - Log Path: logs/FLAIRS39/ffd73b55003b4028a3b636204d9b3344/4ffbfbbd63d540439d09c6b73fece66b
2025-12-22 20:27:14.047	WARNING 	core.py:init_session():158 - Session initialized: 4ffbfbbd-63d5-4043-9d09-c6b73fece66b, ffd73b55-003b-4028-a3b6-36204d9b3344, graph
2025-12-22 20:27:17.482	INFO    	emergency_main_graph.py:resume_from_persistence():143 - Initializing new graph run...
2025-12-22 20:27:17.510	DEBUG   	emergency_main_graph.py:run_graph():191 - [Node] Greeting
2025-12-22 20:27:17.514	DEBUG   	app.py:stream_policy_messages():135 - Streaming message: Hello! You're speaking with the emergency call services.
2025-12-22 20:27:18.165	INFO    	emergency_main_graph.py:resume_from_persistence():131 - Resuming from persisted graph state...
2025-12-22 20:27:18.167	INFO    	emergency_main_graph.py:resume_from_persistence():132 - [Node] Greeting
2025-12-22 20:27:18.168	DEBUG   	emergency_main_graph.py:resume_from_persistence():135 - Resumed State:	{}
2025-12-22 20:27:18.207	INFO    	settings.py:async_print():96 - Hello! You're speaking with the emergency call services.
2025-12-22 20:27:18.237	DEBUG   	emergency_main_graph.py:run_graph():191 - [Node] ChooseQuestion
2025-12-22 20:27:18.271	DEBUG   	emergency_main_graph.py:run_graph():191 - [Node] AskCaller
2025-12-22 20:27:18.273	DEBUG   	emergency_main_graph.py:run_graph():194 - AskCaller(question='With whom am I speaking, please?')
2025-12-22 20:27:18.275	DEBUG   	app.py:stream_policy_messages():135 - Streaming message: With whom am I speaking, please?
2025-12-22 20:27:32.532	INFO    	app.py:stream_policy_messages():113 - User message: Hello my name is Simone
2025-12-22 20:27:32.563	INFO    	emergency_main_graph.py:resume_from_persistence():131 - Resuming from persisted graph state...
2025-12-22 20:27:32.565	INFO    	emergency_main_graph.py:resume_from_persistence():132 - [Node] AskCaller
2025-12-22 20:27:32.567	DEBUG   	emergency_main_graph.py:resume_from_persistence():135 - Resumed State:	{'emergency_type': <EmergencyType.INTRO: 'intro'>}
2025-12-22 20:27:33.884	DEBUG   	emergency_main_graph.py:run_graph():191 - [Node] EvaluateAgentOutput
2025-12-22 20:27:33.908	INFO    	nodes.py:run():221 - Model returned new data
2025-12-22 20:27:33.910	DEBUG   	nodes.py:run():222 - New extracted state: {'caller_name': 'Simone'}
2025-12-22 20:27:34.003	DEBUG   	emergency_main_graph.py:run_graph():191 - [Node] MergeState
2025-12-22 20:27:34.031	DEBUG   	nodes.py:run():254 - Old State:	{'emergency_type': <EmergencyType.INTRO: 'intro'>}
2025-12-22 20:27:34.032	DEBUG   	nodes.py:run():257 - New State:	{'caller_name': 'Simone'}
2025-12-22 20:27:34.034	DEBUG   	nodes.py:run():264 - Merged State:	{'caller_name': 'Simone', 'emergency_type': <EmergencyType.INTRO: 'intro'>}
2025-12-22 20:27:34.089	DEBUG   	emergency_main_graph.py:run_graph():191 - [Node] EvaluateState
2025-12-22 20:27:34.118	DEBUG   	nodes.py:run():286 - Evaluate State:	{'caller_name': 'Simone', 'emergency_type': <EmergencyType.INTRO: 'intro'>}
2025-12-22 20:27:34.177	DEBUG   	emergency_main_graph.py:run_graph():191 - [Node] ChooseQuestion
2025-12-22 20:27:34.269	DEBUG   	emergency_main_graph.py:run_graph():191 - [Node] AskCaller
2025-12-22 20:27:34.271	DEBUG   	emergency_main_graph.py:run_graph():194 - AskCaller(question='Where exactly is the emergency location?')
2025-12-22 20:27:34.273	DEBUG   	app.py:stream_policy_messages():135 - Streaming message: Where exactly is the emergency location?
2025-12-22 20:27:54.492	INFO    	app.py:stream_policy_messages():113 - User message: It's in the care unit
2025-12-22 20:27:54.550	INFO    	emergency_main_graph.py:resume_from_persistence():131 - Resuming from persisted graph state...
2025-12-22 20:27:54.551	INFO    	emergency_main_graph.py:resume_from_persistence():132 - [Node] AskCaller
2025-12-22 20:27:54.553	DEBUG   	emergency_main_graph.py:resume_from_persistence():135 - Resumed State:	{'caller_name': 'Simone', 'emergency_type': <EmergencyType.INTRO: 'intro'>}
2025-12-22 20:27:56.502	DEBUG   	emergency_main_graph.py:run_graph():191 - [Node] EvaluateAgentOutput
2025-12-22 20:27:56.574	INFO    	nodes.py:run():221 - Model returned new data
2025-12-22 20:27:56.575	DEBUG   	nodes.py:run():222 - New extracted state: {'emergency_location': 'care unit'}
2025-12-22 20:27:56.661	DEBUG   	emergency_main_graph.py:run_graph():191 - [Node] MergeState
2025-12-22 20:27:56.710	DEBUG   	nodes.py:run():254 - Old State:	{'caller_name': 'Simone', 'emergency_type': <EmergencyType.INTRO: 'intro'>}
2025-12-22 20:27:56.712	DEBUG   	nodes.py:run():257 - New State:	{'emergency_location': 'care unit'}
2025-12-22 20:27:56.713	DEBUG   	nodes.py:run():264 - Merged State:	{'caller_name': 'Simone', 'emergency_location': 'care unit', 'emergency_type': <EmergencyType.INTRO: 'intro'>}
2025-12-22 20:27:56.808	DEBUG   	emergency_main_graph.py:run_graph():191 - [Node] EvaluateState
2025-12-22 20:27:56.859	DEBUG   	nodes.py:run():286 - Evaluate State:	{'caller_name': 'Simone', 'emergency_location': 'care unit', 'emergency_type': <EmergencyType.INTRO: 'intro'>}
2025-12-22 20:27:56.959	DEBUG   	emergency_main_graph.py:run_graph():191 - [Node] ChooseQuestion
2025-12-22 20:27:57.116	DEBUG   	emergency_main_graph.py:run_graph():191 - [Node] AskCaller
2025-12-22 20:27:57.117	DEBUG   	emergency_main_graph.py:run_graph():194 - AskCaller(question='What has just happened acutely?')
2025-12-22 20:27:57.120	DEBUG   	app.py:stream_policy_messages():135 - Streaming message: What has just happened acutely?
2025-12-22 20:28:50.336	INFO    	app.py:stream_policy_messages():113 - User message: Mr. Schweigers heart has stopped beating. What should I do?
2025-12-22 20:28:50.434	INFO    	emergency_main_graph.py:resume_from_persistence():131 - Resuming from persisted graph state...
2025-12-22 20:28:50.436	INFO    	emergency_main_graph.py:resume_from_persistence():132 - [Node] AskCaller
2025-12-22 20:28:50.437	DEBUG   	emergency_main_graph.py:resume_from_persistence():135 - Resumed State:	{'caller_name': 'Simone', 'emergency_location': 'care unit', 'emergency_type': <EmergencyType.INTRO: 'intro'>}
2025-12-22 20:28:52.364	DEBUG   	emergency_main_graph.py:run_graph():191 - [Node] EvaluateAgentOutput
2025-12-22 20:28:52.428	INFO    	nodes.py:run():221 - Model returned new data
2025-12-22 20:28:52.429	DEBUG   	nodes.py:run():222 - New extracted state: {'cardiac_arrest': True, 'cpr_needed': True, 'rd1': True, 'rd2': True}
2025-12-22 20:28:52.561	DEBUG   	emergency_main_graph.py:run_graph():191 - [Node] MergeState
2025-12-22 20:28:52.630	DEBUG   	nodes.py:run():254 - Old State:	{'caller_name': 'Simone', 'emergency_location': 'care unit', 'emergency_type': <EmergencyType.INTRO: 'intro'>}
2025-12-22 20:28:52.632	DEBUG   	nodes.py:run():257 - New State:	{'cardiac_arrest': True, 'cpr_needed': True, 'rd1': True, 'rd2': True}
2025-12-22 20:28:52.634	DEBUG   	nodes.py:run():264 - Merged State:	{'cardiac_arrest': True, 'caller_name': 'Simone', 'emergency_location': 'care unit', 'emergency_type': <EmergencyType.INTRO: 'intro'>, 'cpr_needed': True, 'rd1': True, 'rd2': True}
2025-12-22 20:28:52.773	DEBUG   	emergency_main_graph.py:run_graph():191 - [Node] EvaluateState
2025-12-22 20:28:52.844	DEBUG   	nodes.py:run():286 - Evaluate State:	{'cardiac_arrest': True, 'caller_name': 'Simone', 'emergency_location': 'care unit', 'emergency_type': <EmergencyType.INTRO: 'intro'>, 'cpr_needed': True, 'rd1': True, 'rd2': True}
2025-12-22 20:28:52.989	DEBUG   	emergency_main_graph.py:run_graph():191 - [Node] TCPR
2025-12-22 20:28:53.211	DEBUG   	emergency_main_graph.py:run_graph():191 - [Node] Disposition
2025-12-22 20:28:53.213	DEBUG   	app.py:stream_policy_messages():135 - Streaming message: A Vehicle is on it's way to you. Please stand by.
2025-12-22 20:28:53.836	INFO    	emergency_main_graph.py:resume_from_persistence():131 - Resuming from persisted graph state...
2025-12-22 20:28:53.837	INFO    	emergency_main_graph.py:resume_from_persistence():132 - [Node] Disposition
2025-12-22 20:28:53.839	DEBUG   	emergency_main_graph.py:resume_from_persistence():135 - Resumed State:	{'cardiac_arrest': True, 'caller_name': 'Simone', 'emergency_location': 'care unit', 'emergency_type': <EmergencyType.MEDICAL: 'medical'>, 'cpr_needed': True, 'rd1': True, 'rd2': True}
2025-12-22 20:28:54.078	INFO    	nodes.py:run():478 - final state: {'cardiac_arrest': True, 'caller_name': 'Simone', 'emergency_location': 'care unit', 'emergency_type': <EmergencyType.MEDICAL: 'medical'>, 'cpr_needed': True, 'rd1': True, 'rd2': True}
2025-12-22 20:28:54.080	INFO    	settings.py:async_print():96 - A Vehicle is on it's way to you. Please stand by.
2025-12-22 20:28:54.238	INFO    	settings.py:async_print():96 - The emergency call has been processed.
2025-12-22 20:29:57.927	INFO    	app.py:handle_survey_submit():734 - Survey saved for session 4ffbfbbd-63d5-4043-9d09-c6b73fece66b
