2025-12-19 14:26:10.406	INFO    	logger.py:setup_session_logger():150 - Log Path: logs/FLAIRS39/5b18a5e0acf546149e424d566101afca/e0f2c45dfc06456b951125dce57a059a
2025-12-19 14:26:10.408	WARNING 	core.py:init_session():158 - Session initialized: e0f2c45d-fc06-456b-9511-25dce57a059a, 5b18a5e0-acf5-4614-9e42-4d566101afca, graph
2025-12-19 14:26:13.544	INFO    	emergency_main_graph.py:resume_from_persistence():143 - Initializing new graph run...
2025-12-19 14:26:13.583	DEBUG   	emergency_main_graph.py:run_graph():191 - [Node] Greeting
2025-12-19 14:26:13.585	DEBUG   	app.py:stream_policy_messages():128 - Streaming message: Hello! You're speaking with the emergency call services.
2025-12-19 14:26:14.230	INFO    	emergency_main_graph.py:resume_from_persistence():131 - Resuming from persisted graph state...
2025-12-19 14:26:14.232	INFO    	emergency_main_graph.py:resume_from_persistence():132 - [Node] Greeting
2025-12-19 14:26:14.234	DEBUG   	emergency_main_graph.py:resume_from_persistence():135 - Resumed State:	{}
2025-12-19 14:26:14.271	INFO    	settings.py:async_print():96 - Hello! You're speaking with the emergency call services.
2025-12-19 14:26:14.296	DEBUG   	emergency_main_graph.py:run_graph():191 - [Node] ChooseQuestion
2025-12-19 14:26:14.339	DEBUG   	emergency_main_graph.py:run_graph():191 - [Node] AskCaller
2025-12-19 14:26:14.341	DEBUG   	emergency_main_graph.py:run_graph():194 - AskCaller(question='With whom am I speaking, please?')
2025-12-19 14:26:14.343	DEBUG   	app.py:stream_policy_messages():128 - Streaming message: With whom am I speaking, please?
2025-12-19 14:26:32.621	INFO    	app.py:stream_policy_messages():113 - User message: Hi, I am nico Michel,
2025-12-19 14:26:32.667	INFO    	emergency_main_graph.py:resume_from_persistence():131 - Resuming from persisted graph state...
2025-12-19 14:26:32.668	INFO    	emergency_main_graph.py:resume_from_persistence():132 - [Node] AskCaller
2025-12-19 14:26:32.670	DEBUG   	emergency_main_graph.py:resume_from_persistence():135 - Resumed State:	{'emergency_type': <EmergencyType.INTRO: 'intro'>}
2025-12-19 14:26:34.067	DEBUG   	emergency_main_graph.py:run_graph():191 - [Node] EvaluateAgentOutput
2025-12-19 14:26:34.101	INFO    	nodes.py:run():221 - Model returned new data
2025-12-19 14:26:34.102	DEBUG   	nodes.py:run():222 - New extracted state: {'caller_name': 'nico Michel'}
2025-12-19 14:26:34.158	DEBUG   	emergency_main_graph.py:run_graph():191 - [Node] MergeState
2025-12-19 14:26:34.186	DEBUG   	nodes.py:run():254 - Old State:	{'emergency_type': <EmergencyType.INTRO: 'intro'>}
2025-12-19 14:26:34.188	DEBUG   	nodes.py:run():257 - New State:	{'caller_name': 'nico Michel'}
2025-12-19 14:26:34.189	DEBUG   	nodes.py:run():264 - Merged State:	{'caller_name': 'nico Michel', 'emergency_type': <EmergencyType.INTRO: 'intro'>}
2025-12-19 14:26:34.241	DEBUG   	emergency_main_graph.py:run_graph():191 - [Node] EvaluateState
2025-12-19 14:26:34.271	DEBUG   	nodes.py:run():286 - Evaluate State:	{'caller_name': 'nico Michel', 'emergency_type': <EmergencyType.INTRO: 'intro'>}
2025-12-19 14:26:34.328	DEBUG   	emergency_main_graph.py:run_graph():191 - [Node] ChooseQuestion
2025-12-19 14:26:34.420	DEBUG   	emergency_main_graph.py:run_graph():191 - [Node] AskCaller
2025-12-19 14:26:34.421	DEBUG   	emergency_main_graph.py:run_graph():194 - AskCaller(question='Where exactly is the emergency location?')
2025-12-19 14:26:34.423	DEBUG   	app.py:stream_policy_messages():128 - Streaming message: Where exactly is the emergency location?
2025-12-19 14:26:59.294	INFO    	app.py:stream_policy_messages():113 - User message: At home, so this is at Floriansmühlstraße 20 in Freimann, Munichs north
2025-12-19 14:26:59.353	INFO    	emergency_main_graph.py:resume_from_persistence():131 - Resuming from persisted graph state...
2025-12-19 14:26:59.355	INFO    	emergency_main_graph.py:resume_from_persistence():132 - [Node] AskCaller
2025-12-19 14:26:59.357	DEBUG   	emergency_main_graph.py:resume_from_persistence():135 - Resumed State:	{'caller_name': 'nico Michel', 'emergency_type': <EmergencyType.INTRO: 'intro'>}
2025-12-19 14:27:01.092	DEBUG   	emergency_main_graph.py:run_graph():191 - [Node] EvaluateAgentOutput
2025-12-19 14:27:01.140	INFO    	nodes.py:run():221 - Model returned new data
2025-12-19 14:27:01.142	DEBUG   	nodes.py:run():222 - New extracted state: {'emergency_location': 'Floriansmühlstraße 20, Freimann, Munich'}
2025-12-19 14:27:01.226	DEBUG   	emergency_main_graph.py:run_graph():191 - [Node] MergeState
2025-12-19 14:27:01.274	DEBUG   	nodes.py:run():254 - Old State:	{'caller_name': 'nico Michel', 'emergency_type': <EmergencyType.INTRO: 'intro'>}
2025-12-19 14:27:01.275	DEBUG   	nodes.py:run():257 - New State:	{'emergency_location': 'Floriansmühlstraße 20, Freimann, Munich'}
2025-12-19 14:27:01.277	DEBUG   	nodes.py:run():264 - Merged State:	{'caller_name': 'nico Michel', 'emergency_location': 'Floriansmühlstraße 20, Freimann, Munich', 'emergency_type': <EmergencyType.INTRO: 'intro'>}
2025-12-19 14:27:01.370	DEBUG   	emergency_main_graph.py:run_graph():191 - [Node] EvaluateState
2025-12-19 14:27:01.420	DEBUG   	nodes.py:run():286 - Evaluate State:	{'caller_name': 'nico Michel', 'emergency_location': 'Floriansmühlstraße 20, Freimann, Munich', 'emergency_type': <EmergencyType.INTRO: 'intro'>}
2025-12-19 14:27:01.518	DEBUG   	emergency_main_graph.py:run_graph():191 - [Node] ChooseQuestion
2025-12-19 14:27:01.670	DEBUG   	emergency_main_graph.py:run_graph():191 - [Node] AskCaller
2025-12-19 14:27:01.671	DEBUG   	emergency_main_graph.py:run_graph():194 - AskCaller(question='What has just happened acutely?')
2025-12-19 14:27:01.673	DEBUG   	app.py:stream_policy_messages():128 - Streaming message: What has just happened acutely?
2025-12-19 14:27:58.678	INFO    	app.py:stream_policy_messages():113 - User message: my little son is coughing heavily. I have never experienced something like this. Everything he tries to breath, there is a whistling sound and he is not getting much air actually.
2025-12-19 14:27:58.787	INFO    	emergency_main_graph.py:resume_from_persistence():131 - Resuming from persisted graph state...
2025-12-19 14:27:58.788	INFO    	emergency_main_graph.py:resume_from_persistence():132 - [Node] AskCaller
2025-12-19 14:27:58.790	DEBUG   	emergency_main_graph.py:resume_from_persistence():135 - Resumed State:	{'caller_name': 'nico Michel', 'emergency_location': 'Floriansmühlstraße 20, Freimann, Munich', 'emergency_type': <EmergencyType.INTRO: 'intro'>}
2025-12-19 14:28:01.828	DEBUG   	emergency_main_graph.py:run_graph():191 - [Node] EvaluateAgentOutput
2025-12-19 14:28:01.893	INFO    	nodes.py:run():221 - Model returned new data
2025-12-19 14:28:01.894	DEBUG   	nodes.py:run():222 - New extracted state: {'now_insufficient_air': True, 'severe_dyspnoea': True, 'stridor': True, 'abnormal_breathing_sounds': True, 'situation_description': 'My little son is coughing heavily. Everything he tries to breath, there is a whistling sound and he is not getting much air.', 'rd1': True, 'rd2': True}
2025-12-19 14:28:02.020	DEBUG   	emergency_main_graph.py:run_graph():191 - [Node] MergeState
2025-12-19 14:28:02.119	DEBUG   	nodes.py:run():254 - Old State:	{'caller_name': 'nico Michel', 'emergency_location': 'Floriansmühlstraße 20, Freimann, Munich', 'emergency_type': <EmergencyType.INTRO: 'intro'>}
2025-12-19 14:28:02.121	DEBUG   	nodes.py:run():257 - New State:	{'now_insufficient_air': True, 'severe_dyspnoea': True, 'stridor': True, 'abnormal_breathing_sounds': True, 'situation_description': 'My little son is coughing heavily. Everything he tries to breath, there is a whistling sound and he is not getting much air.', 'rd1': True, 'rd2': True}
2025-12-19 14:28:02.123	DEBUG   	nodes.py:run():264 - Merged State:	{'now_insufficient_air': True, 'severe_dyspnoea': True, 'stridor': True, 'abnormal_breathing_sounds': True, 'caller_name': 'nico Michel', 'emergency_location': 'Floriansmühlstraße 20, Freimann, Munich', 'emergency_type': <EmergencyType.INTRO: 'intro'>, 'situation_description': 'My little son is coughing heavily. Everything he tries to breath, there is a whistling sound and he is not getting much air.', 'rd1': True, 'rd2': True}
2025-12-19 14:28:02.265	DEBUG   	emergency_main_graph.py:run_graph():191 - [Node] EvaluateState
2025-12-19 14:28:02.336	DEBUG   	nodes.py:run():286 - Evaluate State:	{'now_insufficient_air': True, 'severe_dyspnoea': True, 'stridor': True, 'abnormal_breathing_sounds': True, 'caller_name': 'nico Michel', 'emergency_location': 'Floriansmühlstraße 20, Freimann, Munich', 'emergency_type': <EmergencyType.INTRO: 'intro'>, 'situation_description': 'My little son is coughing heavily. Everything he tries to breath, there is a whistling sound and he is not getting much air.', 'rd1': True, 'rd2': True}
2025-12-19 14:28:02.477	DEBUG   	emergency_main_graph.py:run_graph():191 - [Node] RD2
2025-12-19 14:28:02.693	DEBUG   	emergency_main_graph.py:run_graph():191 - [Node] Disposition
2025-12-19 14:28:02.695	DEBUG   	app.py:stream_policy_messages():128 - Streaming message: A Vehicle is on it's way to you. Please stand by.
2025-12-19 14:28:03.309	INFO    	emergency_main_graph.py:resume_from_persistence():131 - Resuming from persisted graph state...
2025-12-19 14:28:03.311	INFO    	emergency_main_graph.py:resume_from_persistence():132 - [Node] Disposition
2025-12-19 14:28:03.312	DEBUG   	emergency_main_graph.py:resume_from_persistence():135 - Resumed State:	{'now_insufficient_air': True, 'severe_dyspnoea': True, 'stridor': True, 'abnormal_breathing_sounds': True, 'caller_name': 'nico Michel', 'emergency_location': 'Floriansmühlstraße 20, Freimann, Munich', 'emergency_type': <EmergencyType.INTRO: 'intro'>, 'situation_description': 'My little son is coughing heavily. Everything he tries to breath, there is a whistling sound and he is not getting much air.', 'rd1': True, 'rd2': True}
2025-12-19 14:28:03.544	INFO    	nodes.py:run():478 - final state: {'now_insufficient_air': True, 'severe_dyspnoea': True, 'stridor': True, 'abnormal_breathing_sounds': True, 'caller_name': 'nico Michel', 'emergency_location': 'Floriansmühlstraße 20, Freimann, Munich', 'emergency_type': <EmergencyType.INTRO: 'intro'>, 'situation_description': 'My little son is coughing heavily. Everything he tries to breath, there is a whistling sound and he is not getting much air.', 'rd1': True, 'rd2': True}
2025-12-19 14:28:03.547	INFO    	settings.py:async_print():96 - A Vehicle is on it's way to you. Please stand by.
2025-12-19 14:28:03.707	INFO    	settings.py:async_print():96 - The emergency call has been processed.
2025-12-19 14:29:30.492	INFO    	app.py:handle_survey_submit():713 - Survey saved for session e0f2c45d-fc06-456b-9511-25dce57a059a
