2025-12-19 15:08:08.966	INFO    	logger.py:setup_session_logger():150 - Log Path: logs/FLAIRS39/5b18a5e0acf546149e424d566101afca/02ae586fa4de4e27a50e4b64c54ba5d2
2025-12-19 15:08:08.968	WARNING 	core.py:init_session():158 - Session initialized: 02ae586f-a4de-4e27-a50e-4b64c54ba5d2, 5b18a5e0-acf5-4614-9e42-4d566101afca, graph
2025-12-19 15:08:11.943	INFO    	emergency_main_graph.py:resume_from_persistence():143 - Initializing new graph run...
2025-12-19 15:08:11.970	DEBUG   	emergency_main_graph.py:run_graph():191 - [Node] Greeting
2025-12-19 15:08:11.973	DEBUG   	app.py:stream_policy_messages():128 - Streaming message: Hello! You're speaking with the emergency call services.
2025-12-19 15:08:12.619	INFO    	emergency_main_graph.py:resume_from_persistence():131 - Resuming from persisted graph state...
2025-12-19 15:08:12.621	INFO    	emergency_main_graph.py:resume_from_persistence():132 - [Node] Greeting
2025-12-19 15:08:12.623	DEBUG   	emergency_main_graph.py:resume_from_persistence():135 - Resumed State:	{}
2025-12-19 15:08:12.659	INFO    	settings.py:async_print():96 - Hello! You're speaking with the emergency call services.
2025-12-19 15:08:12.685	DEBUG   	emergency_main_graph.py:run_graph():191 - [Node] ChooseQuestion
2025-12-19 15:08:12.728	DEBUG   	emergency_main_graph.py:run_graph():191 - [Node] AskCaller
2025-12-19 15:08:12.729	DEBUG   	emergency_main_graph.py:run_graph():194 - AskCaller(question='With whom am I speaking, please?')
2025-12-19 15:08:12.731	DEBUG   	app.py:stream_policy_messages():128 - Streaming message: With whom am I speaking, please?
2025-12-19 15:08:31.069	INFO    	app.py:stream_policy_messages():113 - User message: Hi, this is Nico, I am calling from my mums place
2025-12-19 15:08:31.100	INFO    	emergency_main_graph.py:resume_from_persistence():131 - Resuming from persisted graph state...
2025-12-19 15:08:31.102	INFO    	emergency_main_graph.py:resume_from_persistence():132 - [Node] AskCaller
2025-12-19 15:08:31.104	DEBUG   	emergency_main_graph.py:resume_from_persistence():135 - Resumed State:	{'emergency_type': <EmergencyType.INTRO: 'intro'>}
2025-12-19 15:08:32.660	DEBUG   	emergency_main_graph.py:run_graph():191 - [Node] EvaluateAgentOutput
2025-12-19 15:08:32.693	INFO    	nodes.py:run():221 - Model returned new data
2025-12-19 15:08:32.695	DEBUG   	nodes.py:run():222 - New extracted state: {'caller_name': 'Nico', 'emergency_location': 'my mums place'}
2025-12-19 15:08:32.752	DEBUG   	emergency_main_graph.py:run_graph():191 - [Node] MergeState
2025-12-19 15:08:32.780	DEBUG   	nodes.py:run():254 - Old State:	{'emergency_type': <EmergencyType.INTRO: 'intro'>}
2025-12-19 15:08:32.782	DEBUG   	nodes.py:run():257 - New State:	{'caller_name': 'Nico', 'emergency_location': 'my mums place'}
2025-12-19 15:08:32.784	DEBUG   	nodes.py:run():264 - Merged State:	{'caller_name': 'Nico', 'emergency_location': 'my mums place', 'emergency_type': <EmergencyType.INTRO: 'intro'>}
2025-12-19 15:08:32.837	DEBUG   	emergency_main_graph.py:run_graph():191 - [Node] EvaluateState
2025-12-19 15:08:32.867	DEBUG   	nodes.py:run():286 - Evaluate State:	{'caller_name': 'Nico', 'emergency_location': 'my mums place', 'emergency_type': <EmergencyType.INTRO: 'intro'>}
2025-12-19 15:08:32.926	DEBUG   	emergency_main_graph.py:run_graph():191 - [Node] ChooseQuestion
2025-12-19 15:08:33.018	DEBUG   	emergency_main_graph.py:run_graph():191 - [Node] AskCaller
2025-12-19 15:08:33.020	DEBUG   	emergency_main_graph.py:run_graph():194 - AskCaller(question='Where exactly is the emergency location?')
2025-12-19 15:08:33.022	DEBUG   	app.py:stream_policy_messages():128 - Streaming message: Where exactly is the emergency location?
2025-12-19 15:08:54.354	INFO    	app.py:stream_policy_messages():113 - User message: it is at Garching, Freisinger Landstrape 47
2025-12-19 15:08:54.426	INFO    	emergency_main_graph.py:resume_from_persistence():131 - Resuming from persisted graph state...
2025-12-19 15:08:54.428	INFO    	emergency_main_graph.py:resume_from_persistence():132 - [Node] AskCaller
2025-12-19 15:08:54.430	DEBUG   	emergency_main_graph.py:resume_from_persistence():135 - Resumed State:	{'caller_name': 'Nico', 'emergency_location': 'my mums place', 'emergency_type': <EmergencyType.INTRO: 'intro'>}
2025-12-19 15:08:55.893	DEBUG   	emergency_main_graph.py:run_graph():191 - [Node] EvaluateAgentOutput
2025-12-19 15:08:55.936	INFO    	nodes.py:run():221 - Model returned new data
2025-12-19 15:08:55.938	DEBUG   	nodes.py:run():222 - New extracted state: {'emergency_location': 'Garching, Freisinger Landstrape 47'}
2025-12-19 15:08:56.022	DEBUG   	emergency_main_graph.py:run_graph():191 - [Node] MergeState
2025-12-19 15:08:56.070	DEBUG   	nodes.py:run():254 - Old State:	{'caller_name': 'Nico', 'emergency_location': 'my mums place', 'emergency_type': <EmergencyType.INTRO: 'intro'>}
2025-12-19 15:08:56.072	DEBUG   	nodes.py:run():257 - New State:	{'emergency_location': 'Garching, Freisinger Landstrape 47'}
2025-12-19 15:08:56.073	DEBUG   	nodes.py:run():264 - Merged State:	{'caller_name': 'Nico', 'emergency_location': 'Garching, Freisinger Landstrape 47', 'emergency_type': <EmergencyType.INTRO: 'intro'>}
2025-12-19 15:08:56.168	DEBUG   	emergency_main_graph.py:run_graph():191 - [Node] EvaluateState
2025-12-19 15:08:56.217	DEBUG   	nodes.py:run():286 - Evaluate State:	{'caller_name': 'Nico', 'emergency_location': 'Garching, Freisinger Landstrape 47', 'emergency_type': <EmergencyType.INTRO: 'intro'>}
2025-12-19 15:08:56.317	DEBUG   	emergency_main_graph.py:run_graph():191 - [Node] ChooseQuestion
2025-12-19 15:08:56.470	DEBUG   	emergency_main_graph.py:run_graph():191 - [Node] AskCaller
2025-12-19 15:08:56.471	DEBUG   	emergency_main_graph.py:run_graph():194 - AskCaller(question='What has just happened acutely?')
2025-12-19 15:08:56.473	DEBUG   	app.py:stream_policy_messages():128 - Streaming message: What has just happened acutely?
2025-12-19 15:10:00.262	INFO    	app.py:stream_policy_messages():113 - User message: So I just came in cause I wanted to make a spontaneous visit dropping by. But she did not open the door, so I used my own key. She is already 90 years old, but was fit as of now. I found here lying on the floor.
2025-12-19 15:10:00.351	INFO    	emergency_main_graph.py:resume_from_persistence():131 - Resuming from persisted graph state...
2025-12-19 15:10:00.352	INFO    	emergency_main_graph.py:resume_from_persistence():132 - [Node] AskCaller
2025-12-19 15:10:00.353	DEBUG   	emergency_main_graph.py:resume_from_persistence():135 - Resumed State:	{'caller_name': 'Nico', 'emergency_location': 'Garching, Freisinger Landstrape 47', 'emergency_type': <EmergencyType.INTRO: 'intro'>}
2025-12-19 15:10:02.897	DEBUG   	emergency_main_graph.py:run_graph():191 - [Node] EvaluateAgentOutput
2025-12-19 15:10:02.961	INFO    	nodes.py:run():221 - Model returned new data
2025-12-19 15:10:02.963	DEBUG   	nodes.py:run():222 - New extracted state: {'situation_description': "Caller found a 90-year-old woman lying on the floor after she didn't open the door."}
2025-12-19 15:10:03.088	DEBUG   	emergency_main_graph.py:run_graph():191 - [Node] MergeState
2025-12-19 15:10:03.156	DEBUG   	nodes.py:run():254 - Old State:	{'caller_name': 'Nico', 'emergency_location': 'Garching, Freisinger Landstrape 47', 'emergency_type': <EmergencyType.INTRO: 'intro'>}
2025-12-19 15:10:03.158	DEBUG   	nodes.py:run():257 - New State:	{'situation_description': "Caller found a 90-year-old woman lying on the floor after she didn't open the door."}
2025-12-19 15:10:03.160	DEBUG   	nodes.py:run():264 - Merged State:	{'caller_name': 'Nico', 'emergency_location': 'Garching, Freisinger Landstrape 47', 'emergency_type': <EmergencyType.INTRO: 'intro'>, 'situation_description': "Caller found a 90-year-old woman lying on the floor after she didn't open the door."}
2025-12-19 15:10:03.295	DEBUG   	emergency_main_graph.py:run_graph():191 - [Node] EvaluateState
2025-12-19 15:10:03.366	DEBUG   	nodes.py:run():286 - Evaluate State:	{'caller_name': 'Nico', 'emergency_location': 'Garching, Freisinger Landstrape 47', 'emergency_type': <EmergencyType.INTRO: 'intro'>, 'situation_description': "Caller found a 90-year-old woman lying on the floor after she didn't open the door."}
2025-12-19 15:10:03.507	DEBUG   	emergency_main_graph.py:run_graph():191 - [Node] ChooseQuestion
2025-12-19 15:10:03.579	DEBUG   	nodes.py:run():135 - No more questions in current set
2025-12-19 15:10:03.728	DEBUG   	emergency_main_graph.py:run_graph():191 - [Node] ChooseSubGraph
2025-12-19 15:10:03.803	INFO    	nodes.py:run():316 - Forcing Agent to decide the Emergency type...
2025-12-19 15:10:05.135	DEBUG   	nodes.py:run():326 - Result type: <enum 'EmergencyType'>
2025-12-19 15:10:05.136	DEBUG   	nodes.py:run():327 - Emergency type: medical
2025-12-19 15:10:05.292	DEBUG   	emergency_main_graph.py:run_graph():191 - [Node] EvaluateAgentOutput
2025-12-19 15:10:05.390	INFO    	nodes.py:run():221 - Model returned new data
2025-12-19 15:10:05.391	DEBUG   	nodes.py:run():222 - New extracted state: {'emergency_type': <EmergencyType.MEDICAL: 'medical'>}
2025-12-19 15:10:05.589	DEBUG   	emergency_main_graph.py:run_graph():191 - [Node] MergeState
2025-12-19 15:10:05.673	DEBUG   	nodes.py:run():254 - Old State:	{'caller_name': 'Nico', 'emergency_location': 'Garching, Freisinger Landstrape 47', 'emergency_type': <EmergencyType.INTRO: 'intro'>, 'situation_description': "Caller found a 90-year-old woman lying on the floor after she didn't open the door."}
2025-12-19 15:10:05.675	DEBUG   	nodes.py:run():257 - New State:	{'emergency_type': <EmergencyType.MEDICAL: 'medical'>}
2025-12-19 15:10:05.676	DEBUG   	nodes.py:run():264 - Merged State:	{'caller_name': 'Nico', 'emergency_location': 'Garching, Freisinger Landstrape 47', 'emergency_type': <EmergencyType.MEDICAL: 'medical'>, 'situation_description': "Caller found a 90-year-old woman lying on the floor after she didn't open the door."}
2025-12-19 15:10:05.845	DEBUG   	emergency_main_graph.py:run_graph():191 - [Node] EvaluateState
2025-12-19 15:10:05.932	DEBUG   	nodes.py:run():286 - Evaluate State:	{'caller_name': 'Nico', 'emergency_location': 'Garching, Freisinger Landstrape 47', 'emergency_type': <EmergencyType.MEDICAL: 'medical'>, 'situation_description': "Caller found a 90-year-old woman lying on the floor after she didn't open the door."}
2025-12-19 15:10:06.105	DEBUG   	emergency_main_graph.py:run_graph():191 - [Node] ChooseQuestion
2025-12-19 15:10:06.372	DEBUG   	emergency_main_graph.py:run_graph():191 - [Node] AskCaller
2025-12-19 15:10:06.373	DEBUG   	emergency_main_graph.py:run_graph():194 - AskCaller(question='Is the patient getting enough air now?')
2025-12-19 15:10:06.375	DEBUG   	app.py:stream_policy_messages():128 - Streaming message: Is the patient getting enough air now?
2025-12-19 15:10:40.871	INFO    	app.py:stream_policy_messages():113 - User message: No, she is not breathing at all anymore. 
I touched her and she feels cold
2025-12-19 15:10:41.010	INFO    	emergency_main_graph.py:resume_from_persistence():131 - Resuming from persisted graph state...
2025-12-19 15:10:41.012	INFO    	emergency_main_graph.py:resume_from_persistence():132 - [Node] AskCaller
2025-12-19 15:10:41.013	DEBUG   	emergency_main_graph.py:resume_from_persistence():135 - Resumed State:	{'caller_name': 'Nico', 'emergency_location': 'Garching, Freisinger Landstrape 47', 'emergency_type': <EmergencyType.MEDICAL: 'medical'>, 'situation_description': "Caller found a 90-year-old woman lying on the floor after she didn't open the door."}
2025-12-19 15:10:43.545	DEBUG   	emergency_main_graph.py:run_graph():191 - [Node] EvaluateAgentOutput
2025-12-19 15:10:43.646	INFO    	nodes.py:run():221 - Model returned new data
2025-12-19 15:10:43.648	DEBUG   	nodes.py:run():222 - New extracted state: {'noticable_coldness': True, 'now_insufficient_air': True, 'apnea': True, 'cardiac_arrest': True, 'cpr_needed': True, 'rd1': True, 'rd2': True}
2025-12-19 15:10:43.849	DEBUG   	emergency_main_graph.py:run_graph():191 - [Node] MergeState
2025-12-19 15:10:43.956	DEBUG   	nodes.py:run():254 - Old State:	{'caller_name': 'Nico', 'emergency_location': 'Garching, Freisinger Landstrape 47', 'emergency_type': <EmergencyType.MEDICAL: 'medical'>, 'situation_description': "Caller found a 90-year-old woman lying on the floor after she didn't open the door."}
2025-12-19 15:10:43.958	DEBUG   	nodes.py:run():257 - New State:	{'noticable_coldness': True, 'now_insufficient_air': True, 'apnea': True, 'cardiac_arrest': True, 'cpr_needed': True, 'rd1': True, 'rd2': True}
2025-12-19 15:10:43.959	DEBUG   	nodes.py:run():264 - Merged State:	{'noticable_coldness': True, 'now_insufficient_air': True, 'apnea': True, 'cardiac_arrest': True, 'caller_name': 'Nico', 'emergency_location': 'Garching, Freisinger Landstrape 47', 'emergency_type': <EmergencyType.MEDICAL: 'medical'>, 'situation_description': "Caller found a 90-year-old woman lying on the floor after she didn't open the door.", 'cpr_needed': True, 'rd1': True, 'rd2': True}
2025-12-19 15:10:44.172	DEBUG   	emergency_main_graph.py:run_graph():191 - [Node] EvaluateState
2025-12-19 15:10:44.280	DEBUG   	nodes.py:run():286 - Evaluate State:	{'noticable_coldness': True, 'now_insufficient_air': True, 'apnea': True, 'cardiac_arrest': True, 'caller_name': 'Nico', 'emergency_location': 'Garching, Freisinger Landstrape 47', 'emergency_type': <EmergencyType.MEDICAL: 'medical'>, 'situation_description': "Caller found a 90-year-old woman lying on the floor after she didn't open the door.", 'cpr_needed': True, 'rd1': True, 'rd2': True}
2025-12-19 15:10:44.500	DEBUG   	emergency_main_graph.py:run_graph():191 - [Node] TCPR
2025-12-19 15:10:44.831	DEBUG   	emergency_main_graph.py:run_graph():191 - [Node] Disposition
2025-12-19 15:10:44.833	DEBUG   	app.py:stream_policy_messages():128 - Streaming message: A Vehicle is on it's way to you. Please stand by.
2025-12-19 15:10:45.488	INFO    	emergency_main_graph.py:resume_from_persistence():131 - Resuming from persisted graph state...
2025-12-19 15:10:45.489	INFO    	emergency_main_graph.py:resume_from_persistence():132 - [Node] Disposition
2025-12-19 15:10:45.491	DEBUG   	emergency_main_graph.py:resume_from_persistence():135 - Resumed State:	{'noticable_coldness': True, 'now_insufficient_air': True, 'apnea': True, 'cardiac_arrest': True, 'caller_name': 'Nico', 'emergency_location': 'Garching, Freisinger Landstrape 47', 'emergency_type': <EmergencyType.MEDICAL: 'medical'>, 'situation_description': "Caller found a 90-year-old woman lying on the floor after she didn't open the door.", 'cpr_needed': True, 'rd1': True, 'rd2': True}
2025-12-19 15:10:45.836	INFO    	nodes.py:run():478 - final state: {'noticable_coldness': True, 'now_insufficient_air': True, 'apnea': True, 'cardiac_arrest': True, 'caller_name': 'Nico', 'emergency_location': 'Garching, Freisinger Landstrape 47', 'emergency_type': <EmergencyType.MEDICAL: 'medical'>, 'situation_description': "Caller found a 90-year-old woman lying on the floor after she didn't open the door.", 'cpr_needed': True, 'rd1': True, 'rd2': True}
2025-12-19 15:10:45.838	INFO    	settings.py:async_print():96 - A Vehicle is on it's way to you. Please stand by.
2025-12-19 15:10:46.093	INFO    	settings.py:async_print():96 - The emergency call has been processed.
2025-12-19 15:12:03.258	INFO    	app.py:handle_survey_submit():713 - Survey saved for session 02ae586f-a4de-4e27-a50e-4b64c54ba5d2
