2025-12-14 15:59:18.752 | WARNING  | ems_prepared.adapters.gradio.core:init_session:159 - Session initialized: e9806992-5fed-429a-a36e-86ec8657c96a, ddc392bb-9324-4668-85a6-67b6c563a200, graph
2025-12-14 15:59:21.347 | INFO     | ems_prepared.policies.pydantic_graph.emergency_main_graph:resume_from_persistence:153 - Initializing new graph run...
2025-12-14 15:59:21.444 | DEBUG    | ems_prepared.policies.pydantic_graph.emergency_main_graph:run_graph:201 - [Node] Greeting
2025-12-14 15:59:21.444 | DEBUG    | __main__:stream_policy_messages:112 - Streaming item: Hello! You're speaking with the emergency call services.
2025-12-14 15:59:22.337 | INFO     | ems_prepared.policies.pydantic_graph.emergency_main_graph:resume_from_persistence:141 - Resuming from persisted graph state...
2025-12-14 15:59:22.337 | INFO     | ems_prepared.policies.pydantic_graph.emergency_main_graph:resume_from_persistence:142 - [Node] Greeting
2025-12-14 15:59:22.337 | DEBUG    | ems_prepared.policies.pydantic_graph.emergency_main_graph:resume_from_persistence:145 - Resumed State:	{}
2025-12-14 15:59:22.442 | DEBUG    | ems_prepared.policies.pydantic_graph.emergency_main_graph:run_graph:201 - [Node] ChooseQuestion
2025-12-14 15:59:22.507 | DEBUG    | ems_prepared.policies.pydantic_graph.emergency_main_graph:run_graph:201 - [Node] AskCaller
2025-12-14 15:59:22.507 | DEBUG    | ems_prepared.policies.pydantic_graph.emergency_main_graph:run_graph:204 - AskCaller(question='With whom am I speaking, please?')
2025-12-14 15:59:22.508 | DEBUG    | __main__:stream_policy_messages:112 - Streaming item: With whom am I speaking, please?
2025-12-14 17:23:01.983 | INFO     | ems_prepared.adapters.cli:resolve_policy:56 - Random policy selection: chose 'graph'
2025-12-14 17:23:01.986 | WARNING  | ems_prepared.adapters.gradio.core:init_session:159 - Session initialized: a76a979e-2d92-4c42-ba68-3b6c6345c46b, 9912d825-b23f-46db-9a3a-eb454953a66e, graph
2025-12-14 17:23:04.838 | INFO     | ems_prepared.policies.pydantic_graph.emergency_main_graph:resume_from_persistence:153 - Initializing new graph run...
2025-12-14 17:23:04.909 | DEBUG    | ems_prepared.policies.pydantic_graph.emergency_main_graph:run_graph:201 - [Node] Greeting
2025-12-14 17:23:04.909 | DEBUG    | __main__:stream_policy_messages:112 - Streaming item: Hello! You're speaking with the emergency call services.
2025-12-14 17:23:05.809 | INFO     | ems_prepared.policies.pydantic_graph.emergency_main_graph:resume_from_persistence:141 - Resuming from persisted graph state...
2025-12-14 17:23:05.809 | INFO     | ems_prepared.policies.pydantic_graph.emergency_main_graph:resume_from_persistence:142 - [Node] Greeting
2025-12-14 17:23:05.809 | DEBUG    | ems_prepared.policies.pydantic_graph.emergency_main_graph:resume_from_persistence:145 - Resumed State:	{}
2025-12-14 17:23:05.897 | DEBUG    | ems_prepared.policies.pydantic_graph.emergency_main_graph:run_graph:201 - [Node] ChooseQuestion
2025-12-14 17:23:05.949 | DEBUG    | ems_prepared.policies.pydantic_graph.emergency_main_graph:run_graph:201 - [Node] AskCaller
2025-12-14 17:23:05.949 | DEBUG    | ems_prepared.policies.pydantic_graph.emergency_main_graph:run_graph:204 - AskCaller(question='With whom am I speaking, please?')
2025-12-14 17:23:05.950 | DEBUG    | __main__:stream_policy_messages:112 - Streaming item: With whom am I speaking, please?
2025-12-14 17:23:19.837 | INFO     | ems_prepared.policies.pydantic_graph.emergency_main_graph:resume_from_persistence:141 - Resuming from persisted graph state...
2025-12-14 17:23:19.837 | INFO     | ems_prepared.policies.pydantic_graph.emergency_main_graph:resume_from_persistence:142 - [Node] AskCaller
2025-12-14 17:23:19.837 | DEBUG    | ems_prepared.policies.pydantic_graph.emergency_main_graph:resume_from_persistence:145 - Resumed State:	{'emergency_type': <EmergencyType.INTRO: 'intro'>}
2025-12-14 17:23:30.922 | DEBUG    | ems_prepared.policies.pydantic_graph.emergency_main_graph:run_graph:201 - [Node] EvaluateAgentOutput
2025-12-14 17:23:30.945 | INFO     | ems_prepared.policies.pydantic_graph.nodes:run:225 - Model returned new data
2025-12-14 17:23:30.993 | DEBUG    | ems_prepared.policies.pydantic_graph.emergency_main_graph:run_graph:201 - [Node] MergeState
2025-12-14 17:23:31.019 | DEBUG    | ems_prepared.policies.pydantic_graph.nodes:run:255 - Old State:	{'emergency_type': <EmergencyType.INTRO: 'intro'>}
2025-12-14 17:23:31.020 | DEBUG    | ems_prepared.policies.pydantic_graph.nodes:run:258 - New State:	{'caller_name': 'Christian', 'emergency_type': <EmergencyType.INTRO: 'intro'>}
2025-12-14 17:23:31.020 | DEBUG    | ems_prepared.policies.pydantic_graph.nodes:run:262 - Merged State:	{'caller_name': 'Christian', 'emergency_type': <EmergencyType.INTRO: 'intro'>}
2025-12-14 17:23:31.073 | DEBUG    | ems_prepared.policies.pydantic_graph.emergency_main_graph:run_graph:201 - [Node] EvaluateState
2025-12-14 17:23:31.104 | DEBUG    | ems_prepared.policies.pydantic_graph.nodes:run:292 - Evaluate State:	{'caller_name': 'Christian', 'emergency_type': <EmergencyType.INTRO: 'intro'>}
2025-12-14 17:23:31.157 | DEBUG    | ems_prepared.policies.pydantic_graph.emergency_main_graph:run_graph:201 - [Node] ChooseQuestion
2025-12-14 17:23:31.250 | DEBUG    | ems_prepared.policies.pydantic_graph.emergency_main_graph:run_graph:201 - [Node] AskCaller
2025-12-14 17:23:31.251 | DEBUG    | ems_prepared.policies.pydantic_graph.emergency_main_graph:run_graph:204 - AskCaller(question='Where exactly is the emergency location?')
2025-12-14 17:23:31.251 | DEBUG    | __main__:stream_policy_messages:112 - Streaming item: Where exactly is the emergency location?
2025-12-14 17:24:03.227 | INFO     | ems_prepared.policies.pydantic_graph.emergency_main_graph:resume_from_persistence:141 - Resuming from persisted graph state...
2025-12-14 17:24:03.227 | INFO     | ems_prepared.policies.pydantic_graph.emergency_main_graph:resume_from_persistence:142 - [Node] AskCaller
2025-12-14 17:24:03.227 | DEBUG    | ems_prepared.policies.pydantic_graph.emergency_main_graph:resume_from_persistence:145 - Resumed State:	{'caller_name': 'Christian', 'emergency_type': <EmergencyType.INTRO: 'intro'>}
2025-12-14 17:24:17.212 | DEBUG    | ems_prepared.policies.pydantic_graph.emergency_main_graph:run_graph:201 - [Node] EvaluateAgentOutput
2025-12-14 17:24:17.248 | INFO     | ems_prepared.policies.pydantic_graph.nodes:run:225 - Model returned new data
2025-12-14 17:24:17.324 | DEBUG    | ems_prepared.policies.pydantic_graph.emergency_main_graph:run_graph:201 - [Node] MergeState
2025-12-14 17:24:17.362 | DEBUG    | ems_prepared.policies.pydantic_graph.nodes:run:255 - Old State:	{'caller_name': 'Christian', 'emergency_type': <EmergencyType.INTRO: 'intro'>}
2025-12-14 17:24:17.362 | DEBUG    | ems_prepared.policies.pydantic_graph.nodes:run:258 - New State:	{'caller_name': 'Christian', 'emergency_location': 'Home, in the garden', 'emergency_type': <EmergencyType.INTRO: 'intro'>}
2025-12-14 17:24:17.363 | DEBUG    | ems_prepared.policies.pydantic_graph.nodes:run:262 - Merged State:	{'caller_name': 'Christian', 'emergency_location': 'Home, in the garden', 'emergency_type': <EmergencyType.INTRO: 'intro'>}
2025-12-14 17:24:17.441 | DEBUG    | ems_prepared.policies.pydantic_graph.emergency_main_graph:run_graph:201 - [Node] EvaluateState
2025-12-14 17:24:17.482 | DEBUG    | ems_prepared.policies.pydantic_graph.nodes:run:292 - Evaluate State:	{'caller_name': 'Christian', 'emergency_location': 'Home, in the garden', 'emergency_type': <EmergencyType.INTRO: 'intro'>}
2025-12-14 17:24:17.564 | DEBUG    | ems_prepared.policies.pydantic_graph.emergency_main_graph:run_graph:201 - [Node] ChooseQuestion
2025-12-14 17:24:17.689 | DEBUG    | ems_prepared.policies.pydantic_graph.emergency_main_graph:run_graph:201 - [Node] AskCaller
2025-12-14 17:24:17.689 | DEBUG    | ems_prepared.policies.pydantic_graph.emergency_main_graph:run_graph:204 - AskCaller(question='What has just happened acutely?')
2025-12-14 17:24:17.690 | DEBUG    | __main__:stream_policy_messages:112 - Streaming item: What has just happened acutely?
2025-12-14 17:25:35.464 | INFO     | ems_prepared.policies.pydantic_graph.emergency_main_graph:resume_from_persistence:141 - Resuming from persisted graph state...
2025-12-14 17:25:35.465 | INFO     | ems_prepared.policies.pydantic_graph.emergency_main_graph:resume_from_persistence:142 - [Node] AskCaller
2025-12-14 17:25:35.465 | DEBUG    | ems_prepared.policies.pydantic_graph.emergency_main_graph:resume_from_persistence:145 - Resumed State:	{'caller_name': 'Christian', 'emergency_location': 'Home, in the garden', 'emergency_type': <EmergencyType.INTRO: 'intro'>}
2025-12-14 17:25:49.127 | DEBUG    | ems_prepared.policies.pydantic_graph.emergency_main_graph:run_graph:201 - [Node] EvaluateAgentOutput
2025-12-14 17:25:49.177 | INFO     | ems_prepared.policies.pydantic_graph.nodes:run:225 - Model returned new data
2025-12-14 17:25:49.267 | DEBUG    | ems_prepared.policies.pydantic_graph.emergency_main_graph:run_graph:201 - [Node] MergeState
2025-12-14 17:25:49.316 | DEBUG    | ems_prepared.policies.pydantic_graph.nodes:run:255 - Old State:	{'caller_name': 'Christian', 'emergency_location': 'Home, in the garden', 'emergency_type': <EmergencyType.INTRO: 'intro'>}
2025-12-14 17:25:49.316 | DEBUG    | ems_prepared.policies.pydantic_graph.nodes:run:258 - New State:	{'acute_paralysis': True, 'acute_speech_disorder': True, 'neurological_deficits': True, 'emergency_type': <EmergencyType.MEDICAL: 'medical'>, 'situation_description': 'She is acting weird, not talking right, and is just barely able to move.', 'enough_information_gathered': False, 'rd1': True, 'rd2': True}
2025-12-14 17:25:49.317 | DEBUG    | ems_prepared.policies.pydantic_graph.nodes:run:262 - Merged State:	{'acute_paralysis': True, 'acute_speech_disorder': True, 'neurological_deficits': True, 'caller_name': 'Christian', 'emergency_location': 'Home, in the garden', 'emergency_type': <EmergencyType.MEDICAL: 'medical'>, 'situation_description': 'She is acting weird, not talking right, and is just barely able to move.', 'enough_information_gathered': False, 'rd1': True, 'rd2': True}
2025-12-14 17:25:49.420 | DEBUG    | ems_prepared.policies.pydantic_graph.emergency_main_graph:run_graph:201 - [Node] EvaluateState
2025-12-14 17:25:49.473 | DEBUG    | ems_prepared.policies.pydantic_graph.nodes:run:292 - Evaluate State:	{'acute_paralysis': True, 'acute_speech_disorder': True, 'neurological_deficits': True, 'caller_name': 'Christian', 'emergency_location': 'Home, in the garden', 'emergency_type': <EmergencyType.MEDICAL: 'medical'>, 'situation_description': 'She is acting weird, not talking right, and is just barely able to move.', 'enough_information_gathered': False, 'rd1': True, 'rd2': True}
2025-12-14 17:25:49.572 | DEBUG    | ems_prepared.policies.pydantic_graph.emergency_main_graph:run_graph:201 - [Node] RD2
2025-12-14 17:25:49.733 | DEBUG    | ems_prepared.policies.pydantic_graph.emergency_main_graph:run_graph:201 - [Node] Disposition
2025-12-14 17:25:49.734 | DEBUG    | __main__:stream_policy_messages:112 - Streaming item: A Vehicle is on it's way to you. Please stand by.
2025-12-14 17:25:50.553 | INFO     | ems_prepared.policies.pydantic_graph.emergency_main_graph:resume_from_persistence:141 - Resuming from persisted graph state...
2025-12-14 17:25:50.553 | INFO     | ems_prepared.policies.pydantic_graph.emergency_main_graph:resume_from_persistence:142 - [Node] Disposition
2025-12-14 17:25:50.553 | DEBUG    | ems_prepared.policies.pydantic_graph.emergency_main_graph:resume_from_persistence:145 - Resumed State:	{'acute_paralysis': True, 'acute_speech_disorder': True, 'neurological_deficits': True, 'caller_name': 'Christian', 'emergency_location': 'Home, in the garden', 'emergency_type': <EmergencyType.MEDICAL: 'medical'>, 'situation_description': 'She is acting weird, not talking right, and is just barely able to move.', 'enough_information_gathered': False, 'rd1': True, 'rd2': True}
2025-12-14 17:25:50.719 | INFO     | ems_prepared.policies.pydantic_graph.nodes:run:466 - final state: {'acute_paralysis': True, 'acute_speech_disorder': True, 'neurological_deficits': True, 'caller_name': 'Christian', 'emergency_location': 'Home, in the garden', 'emergency_type': <EmergencyType.MEDICAL: 'medical'>, 'situation_description': 'She is acting weird, not talking right, and is just barely able to move.', 'enough_information_gathered': False, 'rd1': True, 'rd2': True}
2025-12-14 17:25:51.070 | DEBUG    | __main__:stream_policy_messages:112 - Streaming item: End(data=EmergencyCall(heavy_injury=None, vital_threat_injury=None, heavy_non_traumatic_bleeding=None, gastrointestinal_bleeding=None, gynecological_bleeding=None, epistaxis=None, intoxication=None, life_threatening_intoxication=None, imminent_childbirth=None, frequent_pregnancy_contraction=None, ongoing_delivery=None, finisehd_delivery=None, vaginal_bleeding=None, severe_pain=None, unbearable_pain=None, thunderclap_headache=None, colicky_pain=None, psychiatric_behaviour=None, acute_self_harm_risk=None, acute_violence_risk=None, suicidal_tendency=None, known_metabolic_disorder=None, diabetic=None, noticable_coldness=None, noticable_heat=None, metabolic_decompensation=None, hyperthermia=None, hypothermia=None, acute_paralysis=True, acute_speech_disorder=True, acute_speech_comprehension_disorder=None, acute_visual_disturbance=None, acute_severe_headache=None, acute_hemisensory_loss=None, acute_vertigo_with_falling_risk=None, seizure=None, neurological_deficits=True, prolonged_deadly_seizure=None, status_epilepticus=None, acute_chest_discomfort=None, acute_circulatory_problems=None, acute_chest_pain=None, cold_sweat=None, pallor=None, hypertensive_crisis=None, hypotensive_collapse=None, tachycardia=None, bradycardia=None, arrhythmia=None, pacemaker_malfunction=None, allergic_reaction=None, known_anaphylaxis=None, now_unresponsive=None, unconscious=None, rapidly_progressing_unconsciousness=None, now_insufficient_air=None, rapidly_progressive_respiratory_distress=None, severe_dyspnoea=None, cyanosis=None, stridor=None, abnormal_breathing_sounds=None, aspiration=None, abnormal_chest_movement=None, bradypnea=None, tachypnea=None, apnea=None, agonal_respiration=None, cardiac_arrest=None, suffocation=None, severe_accident=None, severe_injury=None, caller_name='Christian', emergency_location='Home, in the garden', emergency_type=<EmergencyType.MEDICAL: 'medical'>, situation_description='She is acting weird, not talking right, and is just barely able to move.', enough_information_gathered=False, cpr_needed=None, time_critical=None, rd1=True, rd2=True))
2025-12-14 17:27:05.001 | INFO     | __main__:handle_survey_submit:693 - Survey saved for session a76a979e-2d92-4c42-ba68-3b6c6345c46b
2025-12-14 17:27:41.723 | INFO     | ems_prepared.adapters.cli:resolve_policy:56 - Random policy selection: chose 'graph'
2025-12-14 17:27:41.726 | WARNING  | ems_prepared.adapters.gradio.core:init_session:159 - Session initialized: cc579884-b7b7-434d-8a0a-9b84ea3c9a98, 9912d825-b23f-46db-9a3a-eb454953a66e, graph
2025-12-14 17:27:44.066 | INFO     | ems_prepared.policies.pydantic_graph.emergency_main_graph:resume_from_persistence:153 - Initializing new graph run...
2025-12-14 17:27:44.135 | DEBUG    | ems_prepared.policies.pydantic_graph.emergency_main_graph:run_graph:201 - [Node] Greeting
2025-12-14 17:27:44.136 | DEBUG    | __main__:stream_policy_messages:112 - Streaming item: Hello! You're speaking with the emergency call services.
2025-12-14 17:27:45.029 | INFO     | ems_prepared.policies.pydantic_graph.emergency_main_graph:resume_from_persistence:141 - Resuming from persisted graph state...
2025-12-14 17:27:45.029 | INFO     | ems_prepared.policies.pydantic_graph.emergency_main_graph:resume_from_persistence:142 - [Node] Greeting
2025-12-14 17:27:45.030 | DEBUG    | ems_prepared.policies.pydantic_graph.emergency_main_graph:resume_from_persistence:145 - Resumed State:	{}
2025-12-14 17:27:45.112 | DEBUG    | ems_prepared.policies.pydantic_graph.emergency_main_graph:run_graph:201 - [Node] ChooseQuestion
2025-12-14 17:27:45.173 | DEBUG    | ems_prepared.policies.pydantic_graph.emergency_main_graph:run_graph:201 - [Node] AskCaller
2025-12-14 17:27:45.173 | DEBUG    | ems_prepared.policies.pydantic_graph.emergency_main_graph:run_graph:204 - AskCaller(question='With whom am I speaking, please?')
2025-12-14 17:27:45.174 | DEBUG    | __main__:stream_policy_messages:112 - Streaming item: With whom am I speaking, please?
2025-12-14 17:28:42.429 | INFO     | ems_prepared.policies.pydantic_graph.emergency_main_graph:resume_from_persistence:141 - Resuming from persisted graph state...
2025-12-14 17:28:42.430 | INFO     | ems_prepared.policies.pydantic_graph.emergency_main_graph:resume_from_persistence:142 - [Node] AskCaller
2025-12-14 17:28:42.430 | DEBUG    | ems_prepared.policies.pydantic_graph.emergency_main_graph:resume_from_persistence:145 - Resumed State:	{'emergency_type': <EmergencyType.INTRO: 'intro'>}
2025-12-14 17:28:56.008 | DEBUG    | ems_prepared.policies.pydantic_graph.emergency_main_graph:run_graph:201 - [Node] EvaluateAgentOutput
2025-12-14 17:28:56.032 | INFO     | ems_prepared.policies.pydantic_graph.nodes:run:225 - Model returned new data
2025-12-14 17:28:56.080 | DEBUG    | ems_prepared.policies.pydantic_graph.emergency_main_graph:run_graph:201 - [Node] MergeState
2025-12-14 17:28:56.106 | DEBUG    | ems_prepared.policies.pydantic_graph.nodes:run:255 - Old State:	{'emergency_type': <EmergencyType.INTRO: 'intro'>}
2025-12-14 17:28:56.106 | DEBUG    | ems_prepared.policies.pydantic_graph.nodes:run:258 - New State:	{'caller_name': 'Christian', 'emergency_location': 'In front of my business building', 'situation_description': 'A car crash happened in front of my business building.'}
2025-12-14 17:28:56.107 | DEBUG    | ems_prepared.policies.pydantic_graph.nodes:run:262 - Merged State:	{'caller_name': 'Christian', 'emergency_location': 'In front of my business building', 'emergency_type': <EmergencyType.INTRO: 'intro'>, 'situation_description': 'A car crash happened in front of my business building.'}
2025-12-14 17:28:56.159 | DEBUG    | ems_prepared.policies.pydantic_graph.emergency_main_graph:run_graph:201 - [Node] EvaluateState
2025-12-14 17:28:56.186 | DEBUG    | ems_prepared.policies.pydantic_graph.nodes:run:292 - Evaluate State:	{'caller_name': 'Christian', 'emergency_location': 'In front of my business building', 'emergency_type': <EmergencyType.INTRO: 'intro'>, 'situation_description': 'A car crash happened in front of my business building.'}
2025-12-14 17:28:56.239 | DEBUG    | ems_prepared.policies.pydantic_graph.emergency_main_graph:run_graph:201 - [Node] ChooseQuestion
2025-12-14 17:28:56.332 | DEBUG    | ems_prepared.policies.pydantic_graph.emergency_main_graph:run_graph:201 - [Node] AskCaller
2025-12-14 17:28:56.332 | DEBUG    | ems_prepared.policies.pydantic_graph.emergency_main_graph:run_graph:204 - AskCaller(question='Where exactly is the emergency location?')
2025-12-14 17:28:56.332 | DEBUG    | __main__:stream_policy_messages:112 - Streaming item: Where exactly is the emergency location?
2025-12-14 17:29:37.313 | INFO     | ems_prepared.policies.pydantic_graph.emergency_main_graph:resume_from_persistence:141 - Resuming from persisted graph state...
2025-12-14 17:29:37.313 | INFO     | ems_prepared.policies.pydantic_graph.emergency_main_graph:resume_from_persistence:142 - [Node] AskCaller
2025-12-14 17:29:37.313 | DEBUG    | ems_prepared.policies.pydantic_graph.emergency_main_graph:resume_from_persistence:145 - Resumed State:	{'caller_name': 'Christian', 'emergency_location': 'In front of my business building', 'emergency_type': <EmergencyType.INTRO: 'intro'>, 'situation_description': 'A car crash happened in front of my business building.'}
2025-12-14 17:29:55.592 | DEBUG    | ems_prepared.policies.pydantic_graph.emergency_main_graph:run_graph:201 - [Node] EvaluateAgentOutput
2025-12-14 17:29:55.630 | INFO     | ems_prepared.policies.pydantic_graph.nodes:run:225 - Model returned new data
2025-12-14 17:29:55.705 | DEBUG    | ems_prepared.policies.pydantic_graph.emergency_main_graph:run_graph:201 - [Node] MergeState
2025-12-14 17:29:55.743 | DEBUG    | ems_prepared.policies.pydantic_graph.nodes:run:255 - Old State:	{'caller_name': 'Christian', 'emergency_location': 'In front of my business building', 'emergency_type': <EmergencyType.INTRO: 'intro'>, 'situation_description': 'A car crash happened in front of my business building.'}
2025-12-14 17:29:55.743 | DEBUG    | ems_prepared.policies.pydantic_graph.nodes:run:258 - New State:	{'caller_name': 'Christian', 'emergency_location': 'Close to Siemensstr. 4, Ottobrunn', 'emergency_type': <EmergencyType.INTRO: 'intro'>, 'situation_description': 'A car crash happened in front of my business building.'}
2025-12-14 17:29:55.744 | DEBUG    | ems_prepared.policies.pydantic_graph.nodes:run:262 - Merged State:	{'caller_name': 'Christian', 'emergency_location': 'Close to Siemensstr. 4, Ottobrunn', 'emergency_type': <EmergencyType.INTRO: 'intro'>, 'situation_description': 'A car crash happened in front of my business building.'}
2025-12-14 17:29:55.819 | DEBUG    | ems_prepared.policies.pydantic_graph.emergency_main_graph:run_graph:201 - [Node] EvaluateState
2025-12-14 17:29:55.861 | DEBUG    | ems_prepared.policies.pydantic_graph.nodes:run:292 - Evaluate State:	{'caller_name': 'Christian', 'emergency_location': 'Close to Siemensstr. 4, Ottobrunn', 'emergency_type': <EmergencyType.INTRO: 'intro'>, 'situation_description': 'A car crash happened in front of my business building.'}
2025-12-14 17:29:55.943 | DEBUG    | ems_prepared.policies.pydantic_graph.emergency_main_graph:run_graph:201 - [Node] ChooseQuestion
2025-12-14 17:29:56.069 | DEBUG    | ems_prepared.policies.pydantic_graph.emergency_main_graph:run_graph:201 - [Node] AskCaller
2025-12-14 17:29:56.070 | DEBUG    | ems_prepared.policies.pydantic_graph.emergency_main_graph:run_graph:204 - AskCaller(question='What has just happened acutely?')
2025-12-14 17:29:56.070 | DEBUG    | __main__:stream_policy_messages:112 - Streaming item: What has just happened acutely?
2025-12-14 17:31:00.063 | INFO     | ems_prepared.policies.pydantic_graph.emergency_main_graph:resume_from_persistence:141 - Resuming from persisted graph state...
2025-12-14 17:31:00.064 | INFO     | ems_prepared.policies.pydantic_graph.emergency_main_graph:resume_from_persistence:142 - [Node] AskCaller
2025-12-14 17:31:00.064 | DEBUG    | ems_prepared.policies.pydantic_graph.emergency_main_graph:resume_from_persistence:145 - Resumed State:	{'caller_name': 'Christian', 'emergency_location': 'Close to Siemensstr. 4, Ottobrunn', 'emergency_type': <EmergencyType.INTRO: 'intro'>, 'situation_description': 'A car crash happened in front of my business building.'}
2025-12-14 17:31:15.750 | DEBUG    | ems_prepared.policies.pydantic_graph.emergency_main_graph:run_graph:201 - [Node] EvaluateAgentOutput
2025-12-14 17:31:15.798 | INFO     | ems_prepared.policies.pydantic_graph.nodes:run:225 - Model returned new data
2025-12-14 17:31:15.892 | DEBUG    | ems_prepared.policies.pydantic_graph.emergency_main_graph:run_graph:201 - [Node] MergeState
2025-12-14 17:31:15.947 | DEBUG    | ems_prepared.policies.pydantic_graph.nodes:run:255 - Old State:	{'caller_name': 'Christian', 'emergency_location': 'Close to Siemensstr. 4, Ottobrunn', 'emergency_type': <EmergencyType.INTRO: 'intro'>, 'situation_description': 'A car crash happened in front of my business building.'}
2025-12-14 17:31:15.947 | DEBUG    | ems_prepared.policies.pydantic_graph.nodes:run:258 - New State:	{'severe_accident': True, 'situation_description': "One car drove too fast and hit another car. The second car's door is open; the driver remains inside and the caller is unsure of his condition.", 'enough_information_gathered': False, 'time_critical': True, 'rd1': True}
2025-12-14 17:31:15.948 | DEBUG    | ems_prepared.policies.pydantic_graph.nodes:run:262 - Merged State:	{'severe_accident': True, 'caller_name': 'Christian', 'emergency_location': 'Close to Siemensstr. 4, Ottobrunn', 'emergency_type': <EmergencyType.INTRO: 'intro'>, 'situation_description': "One car drove too fast and hit another car. The second car's door is open; the driver remains inside and the caller is unsure of his condition.", 'enough_information_gathered': False, 'time_critical': True, 'rd1': True}
2025-12-14 17:31:16.054 | DEBUG    | ems_prepared.policies.pydantic_graph.emergency_main_graph:run_graph:201 - [Node] EvaluateState
2025-12-14 17:31:16.105 | DEBUG    | ems_prepared.policies.pydantic_graph.nodes:run:292 - Evaluate State:	{'severe_accident': True, 'caller_name': 'Christian', 'emergency_location': 'Close to Siemensstr. 4, Ottobrunn', 'emergency_type': <EmergencyType.INTRO: 'intro'>, 'situation_description': "One car drove too fast and hit another car. The second car's door is open; the driver remains inside and the caller is unsure of his condition.", 'enough_information_gathered': False, 'time_critical': True, 'rd1': True}
2025-12-14 17:31:16.203 | DEBUG    | ems_prepared.policies.pydantic_graph.emergency_main_graph:run_graph:201 - [Node] RD1
2025-12-14 17:31:16.254 | INFO     | ems_prepared.policies.pydantic_graph.nodes:run:360 - Reached RD1
2025-12-14 17:31:16.254 | INFO     | ems_prepared.policies.pydantic_graph.nodes:run:375 - Forcing Agent to decide if enough information gathered...
2025-12-14 17:31:33.877 | DEBUG    | ems_prepared.policies.pydantic_graph.nodes:run:385 - Enough info result: False
2025-12-14 17:31:33.986 | DEBUG    | ems_prepared.policies.pydantic_graph.emergency_main_graph:run_graph:201 - [Node] EvaluateAgentOutput
2025-12-14 17:31:34.041 | INFO     | ems_prepared.policies.pydantic_graph.nodes:run:225 - Model returned new data
2025-12-14 17:31:34.151 | DEBUG    | ems_prepared.policies.pydantic_graph.emergency_main_graph:run_graph:201 - [Node] MergeState
2025-12-14 17:31:34.207 | DEBUG    | ems_prepared.policies.pydantic_graph.nodes:run:255 - Old State:	{'severe_accident': True, 'caller_name': 'Christian', 'emergency_location': 'Close to Siemensstr. 4, Ottobrunn', 'emergency_type': <EmergencyType.INTRO: 'intro'>, 'situation_description': "One car drove too fast and hit another car. The second car's door is open; the driver remains inside and the caller is unsure of his condition.", 'enough_information_gathered': False, 'time_critical': True, 'rd1': True}
2025-12-14 17:31:34.207 | DEBUG    | ems_prepared.policies.pydantic_graph.nodes:run:258 - New State:	{'enough_information_gathered': False}
2025-12-14 17:31:34.208 | DEBUG    | ems_prepared.policies.pydantic_graph.nodes:run:262 - Merged State:	{'severe_accident': True, 'caller_name': 'Christian', 'emergency_location': 'Close to Siemensstr. 4, Ottobrunn', 'emergency_type': <EmergencyType.INTRO: 'intro'>, 'situation_description': "One car drove too fast and hit another car. The second car's door is open; the driver remains inside and the caller is unsure of his condition.", 'enough_information_gathered': False, 'time_critical': True, 'rd1': True}
2025-12-14 17:31:34.320 | DEBUG    | ems_prepared.policies.pydantic_graph.emergency_main_graph:run_graph:201 - [Node] EvaluateState
2025-12-14 17:31:34.377 | DEBUG    | ems_prepared.policies.pydantic_graph.nodes:run:292 - Evaluate State:	{'severe_accident': True, 'caller_name': 'Christian', 'emergency_location': 'Close to Siemensstr. 4, Ottobrunn', 'emergency_type': <EmergencyType.INTRO: 'intro'>, 'situation_description': "One car drove too fast and hit another car. The second car's door is open; the driver remains inside and the caller is unsure of his condition.", 'enough_information_gathered': False, 'time_critical': True, 'rd1': True}
2025-12-14 17:31:34.493 | DEBUG    | ems_prepared.policies.pydantic_graph.emergency_main_graph:run_graph:201 - [Node] RD1
2025-12-14 17:31:34.554 | INFO     | ems_prepared.policies.pydantic_graph.nodes:run:360 - Reached RD1
2025-12-14 17:31:34.555 | INFO     | ems_prepared.policies.pydantic_graph.nodes:run:375 - Forcing Agent to decide if enough information gathered...
2025-12-14 17:31:56.963 | DEBUG    | ems_prepared.policies.pydantic_graph.nodes:run:385 - Enough info result: False
2025-12-14 17:31:57.087 | DEBUG    | ems_prepared.policies.pydantic_graph.emergency_main_graph:run_graph:201 - [Node] EvaluateAgentOutput
2025-12-14 17:31:57.149 | INFO     | ems_prepared.policies.pydantic_graph.nodes:run:225 - Model returned new data
2025-12-14 17:31:57.271 | DEBUG    | ems_prepared.policies.pydantic_graph.emergency_main_graph:run_graph:201 - [Node] MergeState
2025-12-14 17:31:57.338 | DEBUG    | ems_prepared.policies.pydantic_graph.nodes:run:255 - Old State:	{'severe_accident': True, 'caller_name': 'Christian', 'emergency_location': 'Close to Siemensstr. 4, Ottobrunn', 'emergency_type': <EmergencyType.INTRO: 'intro'>, 'situation_description': "One car drove too fast and hit another car. The second car's door is open; the driver remains inside and the caller is unsure of his condition.", 'enough_information_gathered': False, 'time_critical': True, 'rd1': True}
2025-12-14 17:31:57.338 | DEBUG    | ems_prepared.policies.pydantic_graph.nodes:run:258 - New State:	{'enough_information_gathered': False}
2025-12-14 17:31:57.339 | DEBUG    | ems_prepared.policies.pydantic_graph.nodes:run:262 - Merged State:	{'severe_accident': True, 'caller_name': 'Christian', 'emergency_location': 'Close to Siemensstr. 4, Ottobrunn', 'emergency_type': <EmergencyType.INTRO: 'intro'>, 'situation_description': "One car drove too fast and hit another car. The second car's door is open; the driver remains inside and the caller is unsure of his condition.", 'enough_information_gathered': False, 'time_critical': True, 'rd1': True}
2025-12-14 17:31:57.465 | DEBUG    | ems_prepared.policies.pydantic_graph.emergency_main_graph:run_graph:201 - [Node] EvaluateState
2025-12-14 17:31:57.530 | DEBUG    | ems_prepared.policies.pydantic_graph.nodes:run:292 - Evaluate State:	{'severe_accident': True, 'caller_name': 'Christian', 'emergency_location': 'Close to Siemensstr. 4, Ottobrunn', 'emergency_type': <EmergencyType.INTRO: 'intro'>, 'situation_description': "One car drove too fast and hit another car. The second car's door is open; the driver remains inside and the caller is unsure of his condition.", 'enough_information_gathered': False, 'time_critical': True, 'rd1': True}
2025-12-14 17:31:57.666 | DEBUG    | ems_prepared.policies.pydantic_graph.emergency_main_graph:run_graph:201 - [Node] RD1
2025-12-14 17:31:57.733 | INFO     | ems_prepared.policies.pydantic_graph.nodes:run:360 - Reached RD1
2025-12-14 17:31:57.734 | INFO     | ems_prepared.policies.pydantic_graph.nodes:run:375 - Forcing Agent to decide if enough information gathered...
2025-12-14 17:32:16.296 | DEBUG    | ems_prepared.policies.pydantic_graph.nodes:run:385 - Enough info result: False
2025-12-14 17:32:16.429 | DEBUG    | ems_prepared.policies.pydantic_graph.emergency_main_graph:run_graph:201 - [Node] EvaluateAgentOutput
2025-12-14 17:32:16.499 | INFO     | ems_prepared.policies.pydantic_graph.nodes:run:225 - Model returned new data
2025-12-14 17:32:16.643 | DEBUG    | ems_prepared.policies.pydantic_graph.emergency_main_graph:run_graph:201 - [Node] MergeState
2025-12-14 17:32:16.716 | DEBUG    | ems_prepared.policies.pydantic_graph.nodes:run:255 - Old State:	{'severe_accident': True, 'caller_name': 'Christian', 'emergency_location': 'Close to Siemensstr. 4, Ottobrunn', 'emergency_type': <EmergencyType.INTRO: 'intro'>, 'situation_description': "One car drove too fast and hit another car. The second car's door is open; the driver remains inside and the caller is unsure of his condition.", 'enough_information_gathered': False, 'time_critical': True, 'rd1': True}
2025-12-14 17:32:16.717 | DEBUG    | ems_prepared.policies.pydantic_graph.nodes:run:258 - New State:	{'enough_information_gathered': False}
2025-12-14 17:32:16.717 | DEBUG    | ems_prepared.policies.pydantic_graph.nodes:run:262 - Merged State:	{'severe_accident': True, 'caller_name': 'Christian', 'emergency_location': 'Close to Siemensstr. 4, Ottobrunn', 'emergency_type': <EmergencyType.INTRO: 'intro'>, 'situation_description': "One car drove too fast and hit another car. The second car's door is open; the driver remains inside and the caller is unsure of his condition.", 'enough_information_gathered': False, 'time_critical': True, 'rd1': True}
2025-12-14 17:32:16.864 | DEBUG    | ems_prepared.policies.pydantic_graph.emergency_main_graph:run_graph:201 - [Node] EvaluateState
2025-12-14 17:32:16.939 | DEBUG    | ems_prepared.policies.pydantic_graph.nodes:run:292 - Evaluate State:	{'severe_accident': True, 'caller_name': 'Christian', 'emergency_location': 'Close to Siemensstr. 4, Ottobrunn', 'emergency_type': <EmergencyType.INTRO: 'intro'>, 'situation_description': "One car drove too fast and hit another car. The second car's door is open; the driver remains inside and the caller is unsure of his condition.", 'enough_information_gathered': False, 'time_critical': True, 'rd1': True}
2025-12-14 17:32:17.082 | DEBUG    | ems_prepared.policies.pydantic_graph.emergency_main_graph:run_graph:201 - [Node] RD1
2025-12-14 17:32:17.155 | INFO     | ems_prepared.policies.pydantic_graph.nodes:run:360 - Reached RD1
2025-12-14 17:32:17.155 | INFO     | ems_prepared.policies.pydantic_graph.nodes:run:375 - Forcing Agent to decide if enough information gathered...
2025-12-14 17:32:34.625 | DEBUG    | ems_prepared.policies.pydantic_graph.nodes:run:385 - Enough info result: False
2025-12-14 17:32:34.777 | DEBUG    | ems_prepared.policies.pydantic_graph.emergency_main_graph:run_graph:201 - [Node] EvaluateAgentOutput
2025-12-14 17:32:34.859 | INFO     | ems_prepared.policies.pydantic_graph.nodes:run:225 - Model returned new data
2025-12-14 17:32:35.012 | DEBUG    | ems_prepared.policies.pydantic_graph.emergency_main_graph:run_graph:201 - [Node] MergeState
2025-12-14 17:32:35.092 | DEBUG    | ems_prepared.policies.pydantic_graph.nodes:run:255 - Old State:	{'severe_accident': True, 'caller_name': 'Christian', 'emergency_location': 'Close to Siemensstr. 4, Ottobrunn', 'emergency_type': <EmergencyType.INTRO: 'intro'>, 'situation_description': "One car drove too fast and hit another car. The second car's door is open; the driver remains inside and the caller is unsure of his condition.", 'enough_information_gathered': False, 'time_critical': True, 'rd1': True}
2025-12-14 17:32:35.092 | DEBUG    | ems_prepared.policies.pydantic_graph.nodes:run:258 - New State:	{'enough_information_gathered': False}
2025-12-14 17:32:35.092 | DEBUG    | ems_prepared.policies.pydantic_graph.nodes:run:262 - Merged State:	{'severe_accident': True, 'caller_name': 'Christian', 'emergency_location': 'Close to Siemensstr. 4, Ottobrunn', 'emergency_type': <EmergencyType.INTRO: 'intro'>, 'situation_description': "One car drove too fast and hit another car. The second car's door is open; the driver remains inside and the caller is unsure of his condition.", 'enough_information_gathered': False, 'time_critical': True, 'rd1': True}
2025-12-14 17:32:35.252 | DEBUG    | ems_prepared.policies.pydantic_graph.emergency_main_graph:run_graph:201 - [Node] EvaluateState
2025-12-14 17:32:35.338 | DEBUG    | ems_prepared.policies.pydantic_graph.nodes:run:292 - Evaluate State:	{'severe_accident': True, 'caller_name': 'Christian', 'emergency_location': 'Close to Siemensstr. 4, Ottobrunn', 'emergency_type': <EmergencyType.INTRO: 'intro'>, 'situation_description': "One car drove too fast and hit another car. The second car's door is open; the driver remains inside and the caller is unsure of his condition.", 'enough_information_gathered': False, 'time_critical': True, 'rd1': True}
2025-12-14 17:32:35.588 | DEBUG    | ems_prepared.policies.pydantic_graph.emergency_main_graph:run_graph:201 - [Node] RD1
2025-12-14 17:32:35.672 | INFO     | ems_prepared.policies.pydantic_graph.nodes:run:360 - Reached RD1
2025-12-14 17:32:35.672 | INFO     | ems_prepared.policies.pydantic_graph.nodes:run:375 - Forcing Agent to decide if enough information gathered...
2025-12-14 17:32:54.163 | DEBUG    | ems_prepared.policies.pydantic_graph.nodes:run:385 - Enough info result: False
2025-12-14 17:32:54.327 | DEBUG    | ems_prepared.policies.pydantic_graph.emergency_main_graph:run_graph:201 - [Node] EvaluateAgentOutput
2025-12-14 17:32:54.407 | INFO     | ems_prepared.policies.pydantic_graph.nodes:run:225 - Model returned new data
2025-12-14 17:32:54.575 | DEBUG    | ems_prepared.policies.pydantic_graph.emergency_main_graph:run_graph:201 - [Node] MergeState
2025-12-14 17:32:54.665 | DEBUG    | ems_prepared.policies.pydantic_graph.nodes:run:255 - Old State:	{'severe_accident': True, 'caller_name': 'Christian', 'emergency_location': 'Close to Siemensstr. 4, Ottobrunn', 'emergency_type': <EmergencyType.INTRO: 'intro'>, 'situation_description': "One car drove too fast and hit another car. The second car's door is open; the driver remains inside and the caller is unsure of his condition.", 'enough_information_gathered': False, 'time_critical': True, 'rd1': True}
2025-12-14 17:32:54.666 | DEBUG    | ems_prepared.policies.pydantic_graph.nodes:run:258 - New State:	{'enough_information_gathered': False}
2025-12-14 17:32:54.666 | DEBUG    | ems_prepared.policies.pydantic_graph.nodes:run:262 - Merged State:	{'severe_accident': True, 'caller_name': 'Christian', 'emergency_location': 'Close to Siemensstr. 4, Ottobrunn', 'emergency_type': <EmergencyType.INTRO: 'intro'>, 'situation_description': "One car drove too fast and hit another car. The second car's door is open; the driver remains inside and the caller is unsure of his condition.", 'enough_information_gathered': False, 'time_critical': True, 'rd1': True}
2025-12-14 17:32:54.841 | DEBUG    | ems_prepared.policies.pydantic_graph.emergency_main_graph:run_graph:201 - [Node] EvaluateState
2025-12-14 17:32:54.928 | DEBUG    | ems_prepared.policies.pydantic_graph.nodes:run:292 - Evaluate State:	{'severe_accident': True, 'caller_name': 'Christian', 'emergency_location': 'Close to Siemensstr. 4, Ottobrunn', 'emergency_type': <EmergencyType.INTRO: 'intro'>, 'situation_description': "One car drove too fast and hit another car. The second car's door is open; the driver remains inside and the caller is unsure of his condition.", 'enough_information_gathered': False, 'time_critical': True, 'rd1': True}
2025-12-14 17:32:55.104 | DEBUG    | ems_prepared.policies.pydantic_graph.emergency_main_graph:run_graph:201 - [Node] RD1
2025-12-14 17:32:55.190 | INFO     | ems_prepared.policies.pydantic_graph.nodes:run:360 - Reached RD1
2025-12-14 17:32:55.190 | INFO     | ems_prepared.policies.pydantic_graph.nodes:run:375 - Forcing Agent to decide if enough information gathered...
2025-12-14 17:33:05.993 | INFO     | ems_prepared.adapters.cli:resolve_policy:56 - Random policy selection: chose 'graph'
2025-12-14 17:33:05.996 | WARNING  | ems_prepared.adapters.gradio.core:init_session:159 - Session initialized: 5b243bde-6bc3-4aca-bf77-9ce41c436df6, 9912d825-b23f-46db-9a3a-eb454953a66e, graph
2025-12-14 17:33:08.347 | INFO     | ems_prepared.policies.pydantic_graph.emergency_main_graph:resume_from_persistence:153 - Initializing new graph run...
2025-12-14 17:33:08.410 | DEBUG    | ems_prepared.policies.pydantic_graph.emergency_main_graph:run_graph:201 - [Node] Greeting
2025-12-14 17:33:08.411 | DEBUG    | __main__:stream_policy_messages:112 - Streaming item: Hello! You're speaking with the emergency call services.
2025-12-14 17:33:09.312 | INFO     | ems_prepared.policies.pydantic_graph.emergency_main_graph:resume_from_persistence:141 - Resuming from persisted graph state...
2025-12-14 17:33:09.312 | INFO     | ems_prepared.policies.pydantic_graph.emergency_main_graph:resume_from_persistence:142 - [Node] Greeting
2025-12-14 17:33:09.313 | DEBUG    | ems_prepared.policies.pydantic_graph.emergency_main_graph:resume_from_persistence:145 - Resumed State:	{}
2025-12-14 17:33:09.410 | DEBUG    | ems_prepared.policies.pydantic_graph.emergency_main_graph:run_graph:201 - [Node] ChooseQuestion
2025-12-14 17:33:09.467 | DEBUG    | ems_prepared.policies.pydantic_graph.emergency_main_graph:run_graph:201 - [Node] AskCaller
2025-12-14 17:33:09.467 | DEBUG    | ems_prepared.policies.pydantic_graph.emergency_main_graph:run_graph:204 - AskCaller(question='With whom am I speaking, please?')
2025-12-14 17:33:09.468 | DEBUG    | __main__:stream_policy_messages:112 - Streaming item: With whom am I speaking, please?
2025-12-14 17:33:12.088 | DEBUG    | ems_prepared.policies.pydantic_graph.nodes:run:385 - Enough info result: False
2025-12-14 17:33:12.263 | DEBUG    | ems_prepared.policies.pydantic_graph.emergency_main_graph:run_graph:201 - [Node] EvaluateAgentOutput
2025-12-14 17:33:12.350 | INFO     | ems_prepared.policies.pydantic_graph.nodes:run:225 - Model returned new data
2025-12-14 17:33:12.530 | DEBUG    | ems_prepared.policies.pydantic_graph.emergency_main_graph:run_graph:201 - [Node] MergeState
2025-12-14 17:33:12.622 | DEBUG    | ems_prepared.policies.pydantic_graph.nodes:run:255 - Old State:	{'severe_accident': True, 'caller_name': 'Christian', 'emergency_location': 'Close to Siemensstr. 4, Ottobrunn', 'emergency_type': <EmergencyType.INTRO: 'intro'>, 'situation_description': "One car drove too fast and hit another car. The second car's door is open; the driver remains inside and the caller is unsure of his condition.", 'enough_information_gathered': False, 'time_critical': True, 'rd1': True}
2025-12-14 17:33:12.623 | DEBUG    | ems_prepared.policies.pydantic_graph.nodes:run:258 - New State:	{'enough_information_gathered': False}
2025-12-14 17:33:12.624 | DEBUG    | ems_prepared.policies.pydantic_graph.nodes:run:262 - Merged State:	{'severe_accident': True, 'caller_name': 'Christian', 'emergency_location': 'Close to Siemensstr. 4, Ottobrunn', 'emergency_type': <EmergencyType.INTRO: 'intro'>, 'situation_description': "One car drove too fast and hit another car. The second car's door is open; the driver remains inside and the caller is unsure of his condition.", 'enough_information_gathered': False, 'time_critical': True, 'rd1': True}
2025-12-14 17:33:12.812 | DEBUG    | ems_prepared.policies.pydantic_graph.emergency_main_graph:run_graph:201 - [Node] EvaluateState
2025-12-14 17:33:12.910 | DEBUG    | ems_prepared.policies.pydantic_graph.nodes:run:292 - Evaluate State:	{'severe_accident': True, 'caller_name': 'Christian', 'emergency_location': 'Close to Siemensstr. 4, Ottobrunn', 'emergency_type': <EmergencyType.INTRO: 'intro'>, 'situation_description': "One car drove too fast and hit another car. The second car's door is open; the driver remains inside and the caller is unsure of his condition.", 'enough_information_gathered': False, 'time_critical': True, 'rd1': True}
2025-12-14 17:33:13.102 | DEBUG    | ems_prepared.policies.pydantic_graph.emergency_main_graph:run_graph:201 - [Node] RD1
2025-12-14 17:33:13.193 | INFO     | ems_prepared.policies.pydantic_graph.nodes:run:360 - Reached RD1
2025-12-14 17:33:13.194 | INFO     | ems_prepared.policies.pydantic_graph.nodes:run:375 - Forcing Agent to decide if enough information gathered...
2025-12-14 17:33:25.709 | INFO     | ems_prepared.policies.pydantic_graph.emergency_main_graph:resume_from_persistence:141 - Resuming from persisted graph state...
2025-12-14 17:33:25.709 | INFO     | ems_prepared.policies.pydantic_graph.emergency_main_graph:resume_from_persistence:142 - [Node] AskCaller
2025-12-14 17:33:25.710 | DEBUG    | ems_prepared.policies.pydantic_graph.emergency_main_graph:resume_from_persistence:145 - Resumed State:	{'emergency_type': <EmergencyType.INTRO: 'intro'>}
2025-12-14 17:33:31.949 | DEBUG    | ems_prepared.policies.pydantic_graph.nodes:run:385 - Enough info result: False
2025-12-14 17:33:32.136 | DEBUG    | ems_prepared.policies.pydantic_graph.emergency_main_graph:run_graph:201 - [Node] EvaluateAgentOutput
2025-12-14 17:33:32.229 | INFO     | ems_prepared.policies.pydantic_graph.nodes:run:225 - Model returned new data
2025-12-14 17:33:32.426 | DEBUG    | ems_prepared.policies.pydantic_graph.emergency_main_graph:run_graph:201 - [Node] MergeState
2025-12-14 17:33:32.523 | DEBUG    | ems_prepared.policies.pydantic_graph.nodes:run:255 - Old State:	{'severe_accident': True, 'caller_name': 'Christian', 'emergency_location': 'Close to Siemensstr. 4, Ottobrunn', 'emergency_type': <EmergencyType.INTRO: 'intro'>, 'situation_description': "One car drove too fast and hit another car. The second car's door is open; the driver remains inside and the caller is unsure of his condition.", 'enough_information_gathered': False, 'time_critical': True, 'rd1': True}
2025-12-14 17:33:32.523 | DEBUG    | ems_prepared.policies.pydantic_graph.nodes:run:258 - New State:	{'enough_information_gathered': False}
2025-12-14 17:33:32.524 | DEBUG    | ems_prepared.policies.pydantic_graph.nodes:run:262 - Merged State:	{'severe_accident': True, 'caller_name': 'Christian', 'emergency_location': 'Close to Siemensstr. 4, Ottobrunn', 'emergency_type': <EmergencyType.INTRO: 'intro'>, 'situation_description': "One car drove too fast and hit another car. The second car's door is open; the driver remains inside and the caller is unsure of his condition.", 'enough_information_gathered': False, 'time_critical': True, 'rd1': True}
2025-12-14 17:33:32.721 | DEBUG    | ems_prepared.policies.pydantic_graph.emergency_main_graph:run_graph:201 - [Node] EvaluateState
2025-12-14 17:33:32.819 | DEBUG    | ems_prepared.policies.pydantic_graph.nodes:run:292 - Evaluate State:	{'severe_accident': True, 'caller_name': 'Christian', 'emergency_location': 'Close to Siemensstr. 4, Ottobrunn', 'emergency_type': <EmergencyType.INTRO: 'intro'>, 'situation_description': "One car drove too fast and hit another car. The second car's door is open; the driver remains inside and the caller is unsure of his condition.", 'enough_information_gathered': False, 'time_critical': True, 'rd1': True}
2025-12-14 17:33:33.024 | DEBUG    | ems_prepared.policies.pydantic_graph.emergency_main_graph:run_graph:201 - [Node] RD1
2025-12-14 17:33:33.127 | INFO     | ems_prepared.policies.pydantic_graph.nodes:run:360 - Reached RD1
2025-12-14 17:33:33.127 | INFO     | ems_prepared.policies.pydantic_graph.nodes:run:375 - Forcing Agent to decide if enough information gathered...
2025-12-14 17:33:37.442 | DEBUG    | ems_prepared.policies.pydantic_graph.emergency_main_graph:run_graph:201 - [Node] EvaluateAgentOutput
2025-12-14 17:33:37.469 | INFO     | ems_prepared.policies.pydantic_graph.nodes:run:225 - Model returned new data
2025-12-14 17:33:37.519 | DEBUG    | ems_prepared.policies.pydantic_graph.emergency_main_graph:run_graph:201 - [Node] MergeState
2025-12-14 17:33:37.546 | DEBUG    | ems_prepared.policies.pydantic_graph.nodes:run:255 - Old State:	{'emergency_type': <EmergencyType.INTRO: 'intro'>}
2025-12-14 17:33:37.546 | DEBUG    | ems_prepared.policies.pydantic_graph.nodes:run:258 - New State:	{'caller_name': 'Christian', 'situation_description': 'My wife has a huge problem'}
2025-12-14 17:33:37.547 | DEBUG    | ems_prepared.policies.pydantic_graph.nodes:run:262 - Merged State:	{'caller_name': 'Christian', 'emergency_type': <EmergencyType.INTRO: 'intro'>, 'situation_description': 'My wife has a huge problem'}
2025-12-14 17:33:37.598 | DEBUG    | ems_prepared.policies.pydantic_graph.emergency_main_graph:run_graph:201 - [Node] EvaluateState
2025-12-14 17:33:37.625 | DEBUG    | ems_prepared.policies.pydantic_graph.nodes:run:292 - Evaluate State:	{'caller_name': 'Christian', 'emergency_type': <EmergencyType.INTRO: 'intro'>, 'situation_description': 'My wife has a huge problem'}
2025-12-14 17:33:37.684 | DEBUG    | ems_prepared.policies.pydantic_graph.emergency_main_graph:run_graph:201 - [Node] ChooseQuestion
2025-12-14 17:33:37.772 | DEBUG    | ems_prepared.policies.pydantic_graph.emergency_main_graph:run_graph:201 - [Node] AskCaller
2025-12-14 17:33:37.772 | DEBUG    | ems_prepared.policies.pydantic_graph.emergency_main_graph:run_graph:204 - AskCaller(question='Where exactly is the emergency location?')
2025-12-14 17:33:37.773 | DEBUG    | __main__:stream_policy_messages:112 - Streaming item: Where exactly is the emergency location?
2025-12-14 17:33:39.589 | DEBUG    | ems_prepared.policies.pydantic_graph.nodes:run:385 - Enough info result: False
2025-12-14 17:33:39.793 | DEBUG    | ems_prepared.policies.pydantic_graph.emergency_main_graph:run_graph:201 - [Node] EvaluateAgentOutput
2025-12-14 17:33:39.895 | INFO     | ems_prepared.policies.pydantic_graph.nodes:run:225 - Model returned new data
2025-12-14 17:33:40.102 | DEBUG    | ems_prepared.policies.pydantic_graph.emergency_main_graph:run_graph:201 - [Node] MergeState
2025-12-14 17:33:40.205 | DEBUG    | ems_prepared.policies.pydantic_graph.nodes:run:255 - Old State:	{'severe_accident': True, 'caller_name': 'Christian', 'emergency_location': 'Close to Siemensstr. 4, Ottobrunn', 'emergency_type': <EmergencyType.INTRO: 'intro'>, 'situation_description': "One car drove too fast and hit another car. The second car's door is open; the driver remains inside and the caller is unsure of his condition.", 'enough_information_gathered': False, 'time_critical': True, 'rd1': True}
2025-12-14 17:33:40.206 | DEBUG    | ems_prepared.policies.pydantic_graph.nodes:run:258 - New State:	{'enough_information_gathered': False}
2025-12-14 17:33:40.206 | DEBUG    | ems_prepared.policies.pydantic_graph.nodes:run:262 - Merged State:	{'severe_accident': True, 'caller_name': 'Christian', 'emergency_location': 'Close to Siemensstr. 4, Ottobrunn', 'emergency_type': <EmergencyType.INTRO: 'intro'>, 'situation_description': "One car drove too fast and hit another car. The second car's door is open; the driver remains inside and the caller is unsure of his condition.", 'enough_information_gathered': False, 'time_critical': True, 'rd1': True}
2025-12-14 17:33:40.420 | DEBUG    | ems_prepared.policies.pydantic_graph.emergency_main_graph:run_graph:201 - [Node] EvaluateState
2025-12-14 17:33:40.525 | DEBUG    | ems_prepared.policies.pydantic_graph.nodes:run:292 - Evaluate State:	{'severe_accident': True, 'caller_name': 'Christian', 'emergency_location': 'Close to Siemensstr. 4, Ottobrunn', 'emergency_type': <EmergencyType.INTRO: 'intro'>, 'situation_description': "One car drove too fast and hit another car. The second car's door is open; the driver remains inside and the caller is unsure of his condition.", 'enough_information_gathered': False, 'time_critical': True, 'rd1': True}
2025-12-14 17:33:40.741 | DEBUG    | ems_prepared.policies.pydantic_graph.emergency_main_graph:run_graph:201 - [Node] RD1
2025-12-14 17:33:40.848 | INFO     | ems_prepared.policies.pydantic_graph.nodes:run:360 - Reached RD1
2025-12-14 17:33:40.849 | INFO     | ems_prepared.policies.pydantic_graph.nodes:run:375 - Forcing Agent to decide if enough information gathered...
2025-12-14 17:33:55.219 | DEBUG    | ems_prepared.policies.pydantic_graph.nodes:run:385 - Enough info result: False
2025-12-14 17:33:55.436 | DEBUG    | ems_prepared.policies.pydantic_graph.emergency_main_graph:run_graph:201 - [Node] EvaluateAgentOutput
2025-12-14 17:33:55.550 | INFO     | ems_prepared.policies.pydantic_graph.nodes:run:225 - Model returned new data
2025-12-14 17:33:55.771 | DEBUG    | ems_prepared.policies.pydantic_graph.emergency_main_graph:run_graph:201 - [Node] MergeState
2025-12-14 17:33:55.886 | DEBUG    | ems_prepared.policies.pydantic_graph.nodes:run:255 - Old State:	{'severe_accident': True, 'caller_name': 'Christian', 'emergency_location': 'Close to Siemensstr. 4, Ottobrunn', 'emergency_type': <EmergencyType.INTRO: 'intro'>, 'situation_description': "One car drove too fast and hit another car. The second car's door is open; the driver remains inside and the caller is unsure of his condition.", 'enough_information_gathered': False, 'time_critical': True, 'rd1': True}
2025-12-14 17:33:55.887 | DEBUG    | ems_prepared.policies.pydantic_graph.nodes:run:258 - New State:	{'enough_information_gathered': False}
2025-12-14 17:33:55.887 | DEBUG    | ems_prepared.policies.pydantic_graph.nodes:run:262 - Merged State:	{'severe_accident': True, 'caller_name': 'Christian', 'emergency_location': 'Close to Siemensstr. 4, Ottobrunn', 'emergency_type': <EmergencyType.INTRO: 'intro'>, 'situation_description': "One car drove too fast and hit another car. The second car's door is open; the driver remains inside and the caller is unsure of his condition.", 'enough_information_gathered': False, 'time_critical': True, 'rd1': True}
2025-12-14 17:33:56.110 | DEBUG    | ems_prepared.policies.pydantic_graph.emergency_main_graph:run_graph:201 - [Node] EvaluateState
2025-12-14 17:33:56.229 | DEBUG    | ems_prepared.policies.pydantic_graph.nodes:run:292 - Evaluate State:	{'severe_accident': True, 'caller_name': 'Christian', 'emergency_location': 'Close to Siemensstr. 4, Ottobrunn', 'emergency_type': <EmergencyType.INTRO: 'intro'>, 'situation_description': "One car drove too fast and hit another car. The second car's door is open; the driver remains inside and the caller is unsure of his condition.", 'enough_information_gathered': False, 'time_critical': True, 'rd1': True}
2025-12-14 17:33:56.456 | DEBUG    | ems_prepared.policies.pydantic_graph.emergency_main_graph:run_graph:201 - [Node] RD1
2025-12-14 17:33:56.580 | INFO     | ems_prepared.policies.pydantic_graph.nodes:run:360 - Reached RD1
2025-12-14 17:33:56.581 | INFO     | ems_prepared.policies.pydantic_graph.nodes:run:375 - Forcing Agent to decide if enough information gathered...
2025-12-14 17:34:04.738 | INFO     | ems_prepared.policies.pydantic_graph.emergency_main_graph:resume_from_persistence:141 - Resuming from persisted graph state...
2025-12-14 17:34:04.738 | INFO     | ems_prepared.policies.pydantic_graph.emergency_main_graph:resume_from_persistence:142 - [Node] AskCaller
2025-12-14 17:34:04.739 | DEBUG    | ems_prepared.policies.pydantic_graph.emergency_main_graph:resume_from_persistence:145 - Resumed State:	{'caller_name': 'Christian', 'emergency_type': <EmergencyType.INTRO: 'intro'>, 'situation_description': 'My wife has a huge problem'}
2025-12-14 17:34:04.843 | DEBUG    | ems_prepared.policies.pydantic_graph.nodes:run:385 - Enough info result: False
2025-12-14 17:34:05.085 | DEBUG    | ems_prepared.policies.pydantic_graph.emergency_main_graph:run_graph:201 - [Node] EvaluateAgentOutput
2025-12-14 17:34:05.206 | INFO     | ems_prepared.policies.pydantic_graph.nodes:run:225 - Model returned new data
2025-12-14 17:34:05.440 | DEBUG    | ems_prepared.policies.pydantic_graph.emergency_main_graph:run_graph:201 - [Node] MergeState
2025-12-14 17:34:05.567 | DEBUG    | ems_prepared.policies.pydantic_graph.nodes:run:255 - Old State:	{'severe_accident': True, 'caller_name': 'Christian', 'emergency_location': 'Close to Siemensstr. 4, Ottobrunn', 'emergency_type': <EmergencyType.INTRO: 'intro'>, 'situation_description': "One car drove too fast and hit another car. The second car's door is open; the driver remains inside and the caller is unsure of his condition.", 'enough_information_gathered': False, 'time_critical': True, 'rd1': True}
2025-12-14 17:34:05.567 | DEBUG    | ems_prepared.policies.pydantic_graph.nodes:run:258 - New State:	{'enough_information_gathered': False}
2025-12-14 17:34:05.568 | DEBUG    | ems_prepared.policies.pydantic_graph.nodes:run:262 - Merged State:	{'severe_accident': True, 'caller_name': 'Christian', 'emergency_location': 'Close to Siemensstr. 4, Ottobrunn', 'emergency_type': <EmergencyType.INTRO: 'intro'>, 'situation_description': "One car drove too fast and hit another car. The second car's door is open; the driver remains inside and the caller is unsure of his condition.", 'enough_information_gathered': False, 'time_critical': True, 'rd1': True}
2025-12-14 17:34:05.819 | DEBUG    | ems_prepared.policies.pydantic_graph.emergency_main_graph:run_graph:201 - [Node] EvaluateState
2025-12-14 17:34:05.943 | DEBUG    | ems_prepared.policies.pydantic_graph.nodes:run:292 - Evaluate State:	{'severe_accident': True, 'caller_name': 'Christian', 'emergency_location': 'Close to Siemensstr. 4, Ottobrunn', 'emergency_type': <EmergencyType.INTRO: 'intro'>, 'situation_description': "One car drove too fast and hit another car. The second car's door is open; the driver remains inside and the caller is unsure of his condition.", 'enough_information_gathered': False, 'time_critical': True, 'rd1': True}
2025-12-14 17:34:06.190 | DEBUG    | ems_prepared.policies.pydantic_graph.emergency_main_graph:run_graph:201 - [Node] RD1
2025-12-14 17:34:06.315 | INFO     | ems_prepared.policies.pydantic_graph.nodes:run:360 - Reached RD1
2025-12-14 17:34:06.316 | INFO     | ems_prepared.policies.pydantic_graph.nodes:run:375 - Forcing Agent to decide if enough information gathered...
2025-12-14 17:34:12.525 | DEBUG    | ems_prepared.policies.pydantic_graph.emergency_main_graph:run_graph:201 - [Node] EvaluateAgentOutput
2025-12-14 17:34:12.561 | INFO     | ems_prepared.policies.pydantic_graph.nodes:run:225 - Model returned new data
2025-12-14 17:34:12.634 | DEBUG    | ems_prepared.policies.pydantic_graph.emergency_main_graph:run_graph:201 - [Node] MergeState
2025-12-14 17:34:12.672 | DEBUG    | ems_prepared.policies.pydantic_graph.nodes:run:255 - Old State:	{'caller_name': 'Christian', 'emergency_type': <EmergencyType.INTRO: 'intro'>, 'situation_description': 'My wife has a huge problem'}
2025-12-14 17:34:12.673 | DEBUG    | ems_prepared.policies.pydantic_graph.nodes:run:258 - New State:	{'emergency_location': 'At the cinema in Ottobrunn'}
2025-12-14 17:34:12.673 | DEBUG    | ems_prepared.policies.pydantic_graph.nodes:run:262 - Merged State:	{'caller_name': 'Christian', 'emergency_location': 'At the cinema in Ottobrunn', 'emergency_type': <EmergencyType.INTRO: 'intro'>, 'situation_description': 'My wife has a huge problem'}
2025-12-14 17:34:12.747 | DEBUG    | ems_prepared.policies.pydantic_graph.emergency_main_graph:run_graph:201 - [Node] EvaluateState
2025-12-14 17:34:12.786 | DEBUG    | ems_prepared.policies.pydantic_graph.nodes:run:292 - Evaluate State:	{'caller_name': 'Christian', 'emergency_location': 'At the cinema in Ottobrunn', 'emergency_type': <EmergencyType.INTRO: 'intro'>, 'situation_description': 'My wife has a huge problem'}
2025-12-14 17:34:12.870 | DEBUG    | ems_prepared.policies.pydantic_graph.emergency_main_graph:run_graph:201 - [Node] ChooseQuestion
2025-12-14 17:34:12.991 | DEBUG    | ems_prepared.policies.pydantic_graph.emergency_main_graph:run_graph:201 - [Node] AskCaller
2025-12-14 17:34:12.991 | DEBUG    | ems_prepared.policies.pydantic_graph.emergency_main_graph:run_graph:204 - AskCaller(question='What has just happened acutely?')
2025-12-14 17:34:12.993 | DEBUG    | __main__:stream_policy_messages:112 - Streaming item: What has just happened acutely?
2025-12-14 17:34:18.233 | DEBUG    | ems_prepared.policies.pydantic_graph.nodes:run:385 - Enough info result: False
2025-12-14 17:34:18.486 | DEBUG    | ems_prepared.policies.pydantic_graph.emergency_main_graph:run_graph:201 - [Node] EvaluateAgentOutput
2025-12-14 17:34:18.612 | INFO     | ems_prepared.policies.pydantic_graph.nodes:run:225 - Model returned new data
2025-12-14 17:34:18.862 | DEBUG    | ems_prepared.policies.pydantic_graph.emergency_main_graph:run_graph:201 - [Node] MergeState
2025-12-14 17:34:18.997 | DEBUG    | ems_prepared.policies.pydantic_graph.nodes:run:255 - Old State:	{'severe_accident': True, 'caller_name': 'Christian', 'emergency_location': 'Close to Siemensstr. 4, Ottobrunn', 'emergency_type': <EmergencyType.INTRO: 'intro'>, 'situation_description': "One car drove too fast and hit another car. The second car's door is open; the driver remains inside and the caller is unsure of his condition.", 'enough_information_gathered': False, 'time_critical': True, 'rd1': True}
2025-12-14 17:34:18.997 | DEBUG    | ems_prepared.policies.pydantic_graph.nodes:run:258 - New State:	{'enough_information_gathered': False}
2025-12-14 17:34:18.998 | DEBUG    | ems_prepared.policies.pydantic_graph.nodes:run:262 - Merged State:	{'severe_accident': True, 'caller_name': 'Christian', 'emergency_location': 'Close to Siemensstr. 4, Ottobrunn', 'emergency_type': <EmergencyType.INTRO: 'intro'>, 'situation_description': "One car drove too fast and hit another car. The second car's door is open; the driver remains inside and the caller is unsure of his condition.", 'enough_information_gathered': False, 'time_critical': True, 'rd1': True}
2025-12-14 17:34:19.256 | DEBUG    | ems_prepared.policies.pydantic_graph.emergency_main_graph:run_graph:201 - [Node] EvaluateState
2025-12-14 17:34:19.389 | DEBUG    | ems_prepared.policies.pydantic_graph.nodes:run:292 - Evaluate State:	{'severe_accident': True, 'caller_name': 'Christian', 'emergency_location': 'Close to Siemensstr. 4, Ottobrunn', 'emergency_type': <EmergencyType.INTRO: 'intro'>, 'situation_description': "One car drove too fast and hit another car. The second car's door is open; the driver remains inside and the caller is unsure of his condition.", 'enough_information_gathered': False, 'time_critical': True, 'rd1': True}
2025-12-14 17:34:19.651 | DEBUG    | ems_prepared.policies.pydantic_graph.emergency_main_graph:run_graph:201 - [Node] RD1
2025-12-14 17:34:19.782 | INFO     | ems_prepared.policies.pydantic_graph.nodes:run:360 - Reached RD1
2025-12-14 17:34:19.783 | INFO     | ems_prepared.policies.pydantic_graph.nodes:run:375 - Forcing Agent to decide if enough information gathered...
2025-12-14 17:34:40.008 | DEBUG    | ems_prepared.policies.pydantic_graph.nodes:run:385 - Enough info result: True
2025-12-14 17:34:40.274 | DEBUG    | ems_prepared.policies.pydantic_graph.emergency_main_graph:run_graph:201 - [Node] EvaluateAgentOutput
2025-12-14 17:34:40.410 | INFO     | ems_prepared.policies.pydantic_graph.nodes:run:225 - Model returned new data
2025-12-14 17:34:40.687 | DEBUG    | ems_prepared.policies.pydantic_graph.emergency_main_graph:run_graph:201 - [Node] MergeState
2025-12-14 17:34:40.826 | DEBUG    | ems_prepared.policies.pydantic_graph.nodes:run:255 - Old State:	{'severe_accident': True, 'caller_name': 'Christian', 'emergency_location': 'Close to Siemensstr. 4, Ottobrunn', 'emergency_type': <EmergencyType.INTRO: 'intro'>, 'situation_description': "One car drove too fast and hit another car. The second car's door is open; the driver remains inside and the caller is unsure of his condition.", 'enough_information_gathered': False, 'time_critical': True, 'rd1': True}
2025-12-14 17:34:40.826 | DEBUG    | ems_prepared.policies.pydantic_graph.nodes:run:258 - New State:	{'enough_information_gathered': True}
2025-12-14 17:34:40.827 | DEBUG    | ems_prepared.policies.pydantic_graph.nodes:run:262 - Merged State:	{'severe_accident': True, 'caller_name': 'Christian', 'emergency_location': 'Close to Siemensstr. 4, Ottobrunn', 'emergency_type': <EmergencyType.INTRO: 'intro'>, 'situation_description': "One car drove too fast and hit another car. The second car's door is open; the driver remains inside and the caller is unsure of his condition.", 'enough_information_gathered': True, 'time_critical': True, 'rd1': True}
2025-12-14 17:34:41.116 | DEBUG    | ems_prepared.policies.pydantic_graph.emergency_main_graph:run_graph:201 - [Node] EvaluateState
2025-12-14 17:34:41.259 | DEBUG    | ems_prepared.policies.pydantic_graph.nodes:run:292 - Evaluate State:	{'severe_accident': True, 'caller_name': 'Christian', 'emergency_location': 'Close to Siemensstr. 4, Ottobrunn', 'emergency_type': <EmergencyType.INTRO: 'intro'>, 'situation_description': "One car drove too fast and hit another car. The second car's door is open; the driver remains inside and the caller is unsure of his condition.", 'enough_information_gathered': True, 'time_critical': True, 'rd1': True}
2025-12-14 17:34:41.534 | DEBUG    | ems_prepared.policies.pydantic_graph.emergency_main_graph:run_graph:201 - [Node] RD1
2025-12-14 17:34:41.681 | INFO     | ems_prepared.policies.pydantic_graph.nodes:run:360 - Reached RD1
2025-12-14 17:34:41.682 | INFO     | ems_prepared.policies.pydantic_graph.nodes:run:371 - No more questions needed, accepting RD1
2025-12-14 17:34:41.964 | DEBUG    | ems_prepared.policies.pydantic_graph.emergency_main_graph:run_graph:201 - [Node] Disposition
2025-12-14 17:34:41.964 | DEBUG    | __main__:stream_policy_messages:112 - Streaming item: A Vehicle is on it's way to you. Please stand by.
2025-12-14 17:35:28.269 | INFO     | ems_prepared.policies.pydantic_graph.emergency_main_graph:resume_from_persistence:141 - Resuming from persisted graph state...
2025-12-14 17:35:28.270 | INFO     | ems_prepared.policies.pydantic_graph.emergency_main_graph:resume_from_persistence:142 - [Node] AskCaller
2025-12-14 17:35:28.271 | DEBUG    | ems_prepared.policies.pydantic_graph.emergency_main_graph:resume_from_persistence:145 - Resumed State:	{'caller_name': 'Christian', 'emergency_location': 'At the cinema in Ottobrunn', 'emergency_type': <EmergencyType.INTRO: 'intro'>, 'situation_description': 'My wife has a huge problem'}
2025-12-14 17:35:40.806 | DEBUG    | ems_prepared.policies.pydantic_graph.emergency_main_graph:run_graph:201 - [Node] EvaluateAgentOutput
2025-12-14 17:35:40.857 | INFO     | ems_prepared.policies.pydantic_graph.nodes:run:225 - Model returned new data
2025-12-14 17:35:40.948 | DEBUG    | ems_prepared.policies.pydantic_graph.emergency_main_graph:run_graph:201 - [Node] MergeState
2025-12-14 17:35:40.999 | DEBUG    | ems_prepared.policies.pydantic_graph.nodes:run:255 - Old State:	{'caller_name': 'Christian', 'emergency_location': 'At the cinema in Ottobrunn', 'emergency_type': <EmergencyType.INTRO: 'intro'>, 'situation_description': 'My wife has a huge problem'}
2025-12-14 17:35:40.999 | DEBUG    | ems_prepared.policies.pydantic_graph.nodes:run:258 - New State:	{'acute_chest_discomfort': True, 'acute_chest_pain': True, 'severe_dyspnoea': True, 'situation_description': 'My wife had out of a sudden problems with breathing. Feeling pain in the chest. and it gets worse when she has to breath in and out.', 'enough_information_gathered': False, 'rd1': True, 'rd2': True}
2025-12-14 17:35:41.000 | DEBUG    | ems_prepared.policies.pydantic_graph.nodes:run:262 - Merged State:	{'acute_chest_discomfort': True, 'acute_chest_pain': True, 'severe_dyspnoea': True, 'caller_name': 'Christian', 'emergency_location': 'At the cinema in Ottobrunn', 'emergency_type': <EmergencyType.INTRO: 'intro'>, 'situation_description': 'My wife had out of a sudden problems with breathing. Feeling pain in the chest. and it gets worse when she has to breath in and out.', 'enough_information_gathered': False, 'rd1': True, 'rd2': True}
2025-12-14 17:35:41.099 | DEBUG    | ems_prepared.policies.pydantic_graph.emergency_main_graph:run_graph:201 - [Node] EvaluateState
2025-12-14 17:35:41.149 | DEBUG    | ems_prepared.policies.pydantic_graph.nodes:run:292 - Evaluate State:	{'acute_chest_discomfort': True, 'acute_chest_pain': True, 'severe_dyspnoea': True, 'caller_name': 'Christian', 'emergency_location': 'At the cinema in Ottobrunn', 'emergency_type': <EmergencyType.INTRO: 'intro'>, 'situation_description': 'My wife had out of a sudden problems with breathing. Feeling pain in the chest. and it gets worse when she has to breath in and out.', 'enough_information_gathered': False, 'rd1': True, 'rd2': True}
2025-12-14 17:35:41.250 | DEBUG    | ems_prepared.policies.pydantic_graph.emergency_main_graph:run_graph:201 - [Node] RD2
2025-12-14 17:35:41.405 | DEBUG    | ems_prepared.policies.pydantic_graph.emergency_main_graph:run_graph:201 - [Node] Disposition
2025-12-14 17:35:41.406 | DEBUG    | __main__:stream_policy_messages:112 - Streaming item: A Vehicle is on it's way to you. Please stand by.
2025-12-14 17:35:42.220 | INFO     | ems_prepared.policies.pydantic_graph.emergency_main_graph:resume_from_persistence:141 - Resuming from persisted graph state...
2025-12-14 17:35:42.221 | INFO     | ems_prepared.policies.pydantic_graph.emergency_main_graph:resume_from_persistence:142 - [Node] Disposition
2025-12-14 17:35:42.221 | DEBUG    | ems_prepared.policies.pydantic_graph.emergency_main_graph:resume_from_persistence:145 - Resumed State:	{'acute_chest_discomfort': True, 'acute_chest_pain': True, 'severe_dyspnoea': True, 'caller_name': 'Christian', 'emergency_location': 'At the cinema in Ottobrunn', 'emergency_type': <EmergencyType.INTRO: 'intro'>, 'situation_description': 'My wife had out of a sudden problems with breathing. Feeling pain in the chest. and it gets worse when she has to breath in and out.', 'enough_information_gathered': False, 'rd1': True, 'rd2': True}
2025-12-14 17:35:42.388 | INFO     | ems_prepared.policies.pydantic_graph.nodes:run:466 - final state: {'acute_chest_discomfort': True, 'acute_chest_pain': True, 'severe_dyspnoea': True, 'caller_name': 'Christian', 'emergency_location': 'At the cinema in Ottobrunn', 'emergency_type': <EmergencyType.INTRO: 'intro'>, 'situation_description': 'My wife had out of a sudden problems with breathing. Feeling pain in the chest. and it gets worse when she has to breath in and out.', 'enough_information_gathered': False, 'rd1': True, 'rd2': True}
2025-12-14 17:35:42.717 | DEBUG    | __main__:stream_policy_messages:112 - Streaming item: End(data=EmergencyCall(heavy_injury=None, vital_threat_injury=None, heavy_non_traumatic_bleeding=None, gastrointestinal_bleeding=None, gynecological_bleeding=None, epistaxis=None, intoxication=None, life_threatening_intoxication=None, imminent_childbirth=None, frequent_pregnancy_contraction=None, ongoing_delivery=None, finisehd_delivery=None, vaginal_bleeding=None, severe_pain=None, unbearable_pain=None, thunderclap_headache=None, colicky_pain=None, psychiatric_behaviour=None, acute_self_harm_risk=None, acute_violence_risk=None, suicidal_tendency=None, known_metabolic_disorder=None, diabetic=None, noticable_coldness=None, noticable_heat=None, metabolic_decompensation=None, hyperthermia=None, hypothermia=None, acute_paralysis=None, acute_speech_disorder=None, acute_speech_comprehension_disorder=None, acute_visual_disturbance=None, acute_severe_headache=None, acute_hemisensory_loss=None, acute_vertigo_with_falling_risk=None, seizure=None, neurological_deficits=None, prolonged_deadly_seizure=None, status_epilepticus=None, acute_chest_discomfort=True, acute_circulatory_problems=None, acute_chest_pain=True, cold_sweat=None, pallor=None, hypertensive_crisis=None, hypotensive_collapse=None, tachycardia=None, bradycardia=None, arrhythmia=None, pacemaker_malfunction=None, allergic_reaction=None, known_anaphylaxis=None, now_unresponsive=None, unconscious=None, rapidly_progressing_unconsciousness=None, now_insufficient_air=None, rapidly_progressive_respiratory_distress=None, severe_dyspnoea=True, cyanosis=None, stridor=None, abnormal_breathing_sounds=None, aspiration=None, abnormal_chest_movement=None, bradypnea=None, tachypnea=None, apnea=None, agonal_respiration=None, cardiac_arrest=None, suffocation=None, severe_accident=None, severe_injury=None, caller_name='Christian', emergency_location='At the cinema in Ottobrunn', emergency_type=<EmergencyType.INTRO: 'intro'>, situation_description='My wife had out of a sudden problems with breathing. Feeling pain in the chest. and it gets worse when she has to breath in and out.', enough_information_gathered=False, cpr_needed=None, time_critical=None, rd1=True, rd2=True))
2025-12-14 17:36:38.331 | INFO     | __main__:handle_survey_submit:693 - Survey saved for session 5b243bde-6bc3-4aca-bf77-9ce41c436df6
2025-12-14 17:37:26.849 | INFO     | ems_prepared.adapters.cli:resolve_policy:56 - Random policy selection: chose 'graph'
2025-12-14 17:37:26.851 | WARNING  | ems_prepared.adapters.gradio.core:init_session:159 - Session initialized: d5b702c8-096e-46df-9c64-dde2de504a5f, 9912d825-b23f-46db-9a3a-eb454953a66e, graph
2025-12-14 17:37:29.200 | INFO     | ems_prepared.policies.pydantic_graph.emergency_main_graph:resume_from_persistence:153 - Initializing new graph run...
2025-12-14 17:37:29.264 | DEBUG    | ems_prepared.policies.pydantic_graph.emergency_main_graph:run_graph:201 - [Node] Greeting
2025-12-14 17:37:29.265 | DEBUG    | __main__:stream_policy_messages:112 - Streaming item: Hello! You're speaking with the emergency call services.
2025-12-14 17:37:30.154 | INFO     | ems_prepared.policies.pydantic_graph.emergency_main_graph:resume_from_persistence:141 - Resuming from persisted graph state...
2025-12-14 17:37:30.154 | INFO     | ems_prepared.policies.pydantic_graph.emergency_main_graph:resume_from_persistence:142 - [Node] Greeting
2025-12-14 17:37:30.154 | DEBUG    | ems_prepared.policies.pydantic_graph.emergency_main_graph:resume_from_persistence:145 - Resumed State:	{}
2025-12-14 17:37:30.239 | DEBUG    | ems_prepared.policies.pydantic_graph.emergency_main_graph:run_graph:201 - [Node] ChooseQuestion
2025-12-14 17:37:30.291 | DEBUG    | ems_prepared.policies.pydantic_graph.emergency_main_graph:run_graph:201 - [Node] AskCaller
2025-12-14 17:37:30.291 | DEBUG    | ems_prepared.policies.pydantic_graph.emergency_main_graph:run_graph:204 - AskCaller(question='With whom am I speaking, please?')
2025-12-14 17:37:30.292 | DEBUG    | __main__:stream_policy_messages:112 - Streaming item: With whom am I speaking, please?
2025-12-14 17:38:09.930 | INFO     | ems_prepared.policies.pydantic_graph.emergency_main_graph:resume_from_persistence:141 - Resuming from persisted graph state...
2025-12-14 17:38:09.931 | INFO     | ems_prepared.policies.pydantic_graph.emergency_main_graph:resume_from_persistence:142 - [Node] AskCaller
2025-12-14 17:38:09.931 | DEBUG    | ems_prepared.policies.pydantic_graph.emergency_main_graph:resume_from_persistence:145 - Resumed State:	{'emergency_type': <EmergencyType.INTRO: 'intro'>}
2025-12-14 17:38:18.247 | DEBUG    | ems_prepared.policies.pydantic_graph.emergency_main_graph:run_graph:201 - [Node] EvaluateAgentOutput
2025-12-14 17:38:18.271 | INFO     | ems_prepared.policies.pydantic_graph.nodes:run:225 - Model returned new data
2025-12-14 17:38:18.318 | DEBUG    | ems_prepared.policies.pydantic_graph.emergency_main_graph:run_graph:201 - [Node] MergeState
2025-12-14 17:38:18.344 | DEBUG    | ems_prepared.policies.pydantic_graph.nodes:run:255 - Old State:	{'emergency_type': <EmergencyType.INTRO: 'intro'>}
2025-12-14 17:38:18.344 | DEBUG    | ems_prepared.policies.pydantic_graph.nodes:run:258 - New State:	{'caller_name': 'Christian', 'emergency_type': <EmergencyType.INTRO: 'intro'>, 'situation_description': 'accident at work'}
2025-12-14 17:38:18.345 | DEBUG    | ems_prepared.policies.pydantic_graph.nodes:run:262 - Merged State:	{'caller_name': 'Christian', 'emergency_type': <EmergencyType.INTRO: 'intro'>, 'situation_description': 'accident at work'}
2025-12-14 17:38:18.400 | DEBUG    | ems_prepared.policies.pydantic_graph.emergency_main_graph:run_graph:201 - [Node] EvaluateState
2025-12-14 17:38:18.430 | DEBUG    | ems_prepared.policies.pydantic_graph.nodes:run:292 - Evaluate State:	{'caller_name': 'Christian', 'emergency_type': <EmergencyType.INTRO: 'intro'>, 'situation_description': 'accident at work'}
2025-12-14 17:38:18.484 | DEBUG    | ems_prepared.policies.pydantic_graph.emergency_main_graph:run_graph:201 - [Node] ChooseQuestion
2025-12-14 17:38:18.575 | DEBUG    | ems_prepared.policies.pydantic_graph.emergency_main_graph:run_graph:201 - [Node] AskCaller
2025-12-14 17:38:18.575 | DEBUG    | ems_prepared.policies.pydantic_graph.emergency_main_graph:run_graph:204 - AskCaller(question='Where exactly is the emergency location?')
2025-12-14 17:38:18.576 | DEBUG    | __main__:stream_policy_messages:112 - Streaming item: Where exactly is the emergency location?
2025-12-14 17:40:07.474 | INFO     | ems_prepared.policies.pydantic_graph.emergency_main_graph:resume_from_persistence:141 - Resuming from persisted graph state...
2025-12-14 17:40:07.475 | INFO     | ems_prepared.policies.pydantic_graph.emergency_main_graph:resume_from_persistence:142 - [Node] AskCaller
2025-12-14 17:40:07.476 | DEBUG    | ems_prepared.policies.pydantic_graph.emergency_main_graph:resume_from_persistence:145 - Resumed State:	{'caller_name': 'Christian', 'emergency_type': <EmergencyType.INTRO: 'intro'>, 'situation_description': 'accident at work'}
2025-12-14 17:40:17.326 | DEBUG    | ems_prepared.policies.pydantic_graph.emergency_main_graph:run_graph:201 - [Node] EvaluateAgentOutput
2025-12-14 17:40:17.363 | INFO     | ems_prepared.policies.pydantic_graph.nodes:run:225 - Model returned new data
2025-12-14 17:40:17.435 | DEBUG    | ems_prepared.policies.pydantic_graph.emergency_main_graph:run_graph:201 - [Node] MergeState
2025-12-14 17:40:17.472 | DEBUG    | ems_prepared.policies.pydantic_graph.nodes:run:255 - Old State:	{'caller_name': 'Christian', 'emergency_type': <EmergencyType.INTRO: 'intro'>, 'situation_description': 'accident at work'}
2025-12-14 17:40:17.473 | DEBUG    | ems_prepared.policies.pydantic_graph.nodes:run:258 - New State:	{'emergency_location': 'BMW Welt, Am Olympiapark 1, Munich (construction site)'}
2025-12-14 17:40:17.473 | DEBUG    | ems_prepared.policies.pydantic_graph.nodes:run:262 - Merged State:	{'caller_name': 'Christian', 'emergency_location': 'BMW Welt, Am Olympiapark 1, Munich (construction site)', 'emergency_type': <EmergencyType.INTRO: 'intro'>, 'situation_description': 'accident at work'}
2025-12-14 17:40:17.552 | DEBUG    | ems_prepared.policies.pydantic_graph.emergency_main_graph:run_graph:201 - [Node] EvaluateState
2025-12-14 17:40:17.595 | DEBUG    | ems_prepared.policies.pydantic_graph.nodes:run:292 - Evaluate State:	{'caller_name': 'Christian', 'emergency_location': 'BMW Welt, Am Olympiapark 1, Munich (construction site)', 'emergency_type': <EmergencyType.INTRO: 'intro'>, 'situation_description': 'accident at work'}
2025-12-14 17:40:17.678 | DEBUG    | ems_prepared.policies.pydantic_graph.emergency_main_graph:run_graph:201 - [Node] ChooseQuestion
2025-12-14 17:40:17.796 | DEBUG    | ems_prepared.policies.pydantic_graph.emergency_main_graph:run_graph:201 - [Node] AskCaller
2025-12-14 17:40:17.797 | DEBUG    | ems_prepared.policies.pydantic_graph.emergency_main_graph:run_graph:204 - AskCaller(question='What has just happened acutely?')
2025-12-14 17:40:17.797 | DEBUG    | __main__:stream_policy_messages:112 - Streaming item: What has just happened acutely?
2025-12-14 17:41:34.287 | INFO     | ems_prepared.policies.pydantic_graph.emergency_main_graph:resume_from_persistence:141 - Resuming from persisted graph state...
2025-12-14 17:41:34.288 | INFO     | ems_prepared.policies.pydantic_graph.emergency_main_graph:resume_from_persistence:142 - [Node] AskCaller
2025-12-14 17:41:34.288 | DEBUG    | ems_prepared.policies.pydantic_graph.emergency_main_graph:resume_from_persistence:145 - Resumed State:	{'caller_name': 'Christian', 'emergency_location': 'BMW Welt, Am Olympiapark 1, Munich (construction site)', 'emergency_type': <EmergencyType.INTRO: 'intro'>, 'situation_description': 'accident at work'}
2025-12-14 17:41:49.159 | DEBUG    | ems_prepared.policies.pydantic_graph.emergency_main_graph:run_graph:201 - [Node] EvaluateAgentOutput
2025-12-14 17:41:49.208 | INFO     | ems_prepared.policies.pydantic_graph.nodes:run:225 - Model returned new data
2025-12-14 17:41:49.300 | DEBUG    | ems_prepared.policies.pydantic_graph.emergency_main_graph:run_graph:201 - [Node] MergeState
2025-12-14 17:41:49.351 | DEBUG    | ems_prepared.policies.pydantic_graph.nodes:run:255 - Old State:	{'caller_name': 'Christian', 'emergency_location': 'BMW Welt, Am Olympiapark 1, Munich (construction site)', 'emergency_type': <EmergencyType.INTRO: 'intro'>, 'situation_description': 'accident at work'}
2025-12-14 17:41:49.352 | DEBUG    | ems_prepared.policies.pydantic_graph.nodes:run:258 - New State:	{'caller_name': 'Christian', 'emergency_location': 'BMW Welt, Am Olympiapark 1, Munich (construction site)', 'emergency_type': <EmergencyType.MEDICAL: 'medical'>, 'situation_description': 'One worker fell from a ladder from a height of 1 m; now lying on the ground, reports pain in both right and left feet and is not able to move.', 'enough_information_gathered': False}
2025-12-14 17:41:49.353 | DEBUG    | ems_prepared.policies.pydantic_graph.nodes:run:262 - Merged State:	{'caller_name': 'Christian', 'emergency_location': 'BMW Welt, Am Olympiapark 1, Munich (construction site)', 'emergency_type': <EmergencyType.MEDICAL: 'medical'>, 'situation_description': 'One worker fell from a ladder from a height of 1 m; now lying on the ground, reports pain in both right and left feet and is not able to move.', 'enough_information_gathered': False}
2025-12-14 17:41:49.449 | DEBUG    | ems_prepared.policies.pydantic_graph.emergency_main_graph:run_graph:201 - [Node] EvaluateState
2025-12-14 17:41:49.500 | DEBUG    | ems_prepared.policies.pydantic_graph.nodes:run:292 - Evaluate State:	{'caller_name': 'Christian', 'emergency_location': 'BMW Welt, Am Olympiapark 1, Munich (construction site)', 'emergency_type': <EmergencyType.MEDICAL: 'medical'>, 'situation_description': 'One worker fell from a ladder from a height of 1 m; now lying on the ground, reports pain in both right and left feet and is not able to move.', 'enough_information_gathered': False}
2025-12-14 17:41:49.601 | DEBUG    | ems_prepared.policies.pydantic_graph.emergency_main_graph:run_graph:201 - [Node] ChooseQuestion
2025-12-14 17:41:49.756 | DEBUG    | ems_prepared.policies.pydantic_graph.emergency_main_graph:run_graph:201 - [Node] AskCaller
2025-12-14 17:41:49.757 | DEBUG    | ems_prepared.policies.pydantic_graph.emergency_main_graph:run_graph:204 - AskCaller(question='Is the patient getting enough air now?')
2025-12-14 17:41:49.758 | DEBUG    | __main__:stream_policy_messages:112 - Streaming item: Is the patient getting enough air now?
2025-12-14 17:42:28.873 | INFO     | ems_prepared.policies.pydantic_graph.emergency_main_graph:resume_from_persistence:141 - Resuming from persisted graph state...
2025-12-14 17:42:28.874 | INFO     | ems_prepared.policies.pydantic_graph.emergency_main_graph:resume_from_persistence:142 - [Node] AskCaller
2025-12-14 17:42:28.875 | DEBUG    | ems_prepared.policies.pydantic_graph.emergency_main_graph:resume_from_persistence:145 - Resumed State:	{'caller_name': 'Christian', 'emergency_location': 'BMW Welt, Am Olympiapark 1, Munich (construction site)', 'emergency_type': <EmergencyType.MEDICAL: 'medical'>, 'situation_description': 'One worker fell from a ladder from a height of 1 m; now lying on the ground, reports pain in both right and left feet and is not able to move.', 'enough_information_gathered': False}
2025-12-14 17:42:39.450 | DEBUG    | ems_prepared.policies.pydantic_graph.emergency_main_graph:run_graph:201 - [Node] EvaluateAgentOutput
2025-12-14 17:42:39.507 | INFO     | ems_prepared.policies.pydantic_graph.nodes:run:225 - Model returned new data
2025-12-14 17:42:39.620 | DEBUG    | ems_prepared.policies.pydantic_graph.emergency_main_graph:run_graph:201 - [Node] MergeState
2025-12-14 17:42:39.682 | DEBUG    | ems_prepared.policies.pydantic_graph.nodes:run:255 - Old State:	{'caller_name': 'Christian', 'emergency_location': 'BMW Welt, Am Olympiapark 1, Munich (construction site)', 'emergency_type': <EmergencyType.MEDICAL: 'medical'>, 'situation_description': 'One worker fell from a ladder from a height of 1 m; now lying on the ground, reports pain in both right and left feet and is not able to move.', 'enough_information_gathered': False}
2025-12-14 17:42:39.683 | DEBUG    | ems_prepared.policies.pydantic_graph.nodes:run:258 - New State:	{'severe_pain': True, 'now_insufficient_air': False, 'rd1': True}
2025-12-14 17:42:39.683 | DEBUG    | ems_prepared.policies.pydantic_graph.nodes:run:262 - Merged State:	{'severe_pain': True, 'now_insufficient_air': False, 'caller_name': 'Christian', 'emergency_location': 'BMW Welt, Am Olympiapark 1, Munich (construction site)', 'emergency_type': <EmergencyType.MEDICAL: 'medical'>, 'situation_description': 'One worker fell from a ladder from a height of 1 m; now lying on the ground, reports pain in both right and left feet and is not able to move.', 'enough_information_gathered': False, 'rd1': True}
2025-12-14 17:42:39.810 | DEBUG    | ems_prepared.policies.pydantic_graph.emergency_main_graph:run_graph:201 - [Node] EvaluateState
2025-12-14 17:42:39.872 | DEBUG    | ems_prepared.policies.pydantic_graph.nodes:run:292 - Evaluate State:	{'severe_pain': True, 'now_insufficient_air': False, 'caller_name': 'Christian', 'emergency_location': 'BMW Welt, Am Olympiapark 1, Munich (construction site)', 'emergency_type': <EmergencyType.MEDICAL: 'medical'>, 'situation_description': 'One worker fell from a ladder from a height of 1 m; now lying on the ground, reports pain in both right and left feet and is not able to move.', 'enough_information_gathered': False, 'rd1': True}
2025-12-14 17:42:39.999 | DEBUG    | ems_prepared.policies.pydantic_graph.emergency_main_graph:run_graph:201 - [Node] RD1
2025-12-14 17:42:40.059 | INFO     | ems_prepared.policies.pydantic_graph.nodes:run:360 - Reached RD1
2025-12-14 17:42:40.060 | INFO     | ems_prepared.policies.pydantic_graph.nodes:run:375 - Forcing Agent to decide if enough information gathered...
2025-12-14 17:42:51.425 | DEBUG    | ems_prepared.policies.pydantic_graph.nodes:run:385 - Enough info result: False
2025-12-14 17:42:51.561 | DEBUG    | ems_prepared.policies.pydantic_graph.emergency_main_graph:run_graph:201 - [Node] EvaluateAgentOutput
2025-12-14 17:42:51.643 | INFO     | ems_prepared.policies.pydantic_graph.nodes:run:225 - Model returned new data
2025-12-14 17:42:51.780 | DEBUG    | ems_prepared.policies.pydantic_graph.emergency_main_graph:run_graph:201 - [Node] MergeState
2025-12-14 17:42:51.849 | DEBUG    | ems_prepared.policies.pydantic_graph.nodes:run:255 - Old State:	{'severe_pain': True, 'now_insufficient_air': False, 'caller_name': 'Christian', 'emergency_location': 'BMW Welt, Am Olympiapark 1, Munich (construction site)', 'emergency_type': <EmergencyType.MEDICAL: 'medical'>, 'situation_description': 'One worker fell from a ladder from a height of 1 m; now lying on the ground, reports pain in both right and left feet and is not able to move.', 'enough_information_gathered': False, 'rd1': True}
2025-12-14 17:42:51.849 | DEBUG    | ems_prepared.policies.pydantic_graph.nodes:run:258 - New State:	{'enough_information_gathered': False}
2025-12-14 17:42:51.850 | DEBUG    | ems_prepared.policies.pydantic_graph.nodes:run:262 - Merged State:	{'severe_pain': True, 'now_insufficient_air': False, 'caller_name': 'Christian', 'emergency_location': 'BMW Welt, Am Olympiapark 1, Munich (construction site)', 'emergency_type': <EmergencyType.MEDICAL: 'medical'>, 'situation_description': 'One worker fell from a ladder from a height of 1 m; now lying on the ground, reports pain in both right and left feet and is not able to move.', 'enough_information_gathered': False, 'rd1': True}
2025-12-14 17:42:51.986 | DEBUG    | ems_prepared.policies.pydantic_graph.emergency_main_graph:run_graph:201 - [Node] EvaluateState
2025-12-14 17:42:52.055 | DEBUG    | ems_prepared.policies.pydantic_graph.nodes:run:292 - Evaluate State:	{'severe_pain': True, 'now_insufficient_air': False, 'caller_name': 'Christian', 'emergency_location': 'BMW Welt, Am Olympiapark 1, Munich (construction site)', 'emergency_type': <EmergencyType.MEDICAL: 'medical'>, 'situation_description': 'One worker fell from a ladder from a height of 1 m; now lying on the ground, reports pain in both right and left feet and is not able to move.', 'enough_information_gathered': False, 'rd1': True}
2025-12-14 17:42:52.197 | DEBUG    | ems_prepared.policies.pydantic_graph.emergency_main_graph:run_graph:201 - [Node] RD1
2025-12-14 17:42:52.264 | INFO     | ems_prepared.policies.pydantic_graph.nodes:run:360 - Reached RD1
2025-12-14 17:42:52.265 | INFO     | ems_prepared.policies.pydantic_graph.nodes:run:375 - Forcing Agent to decide if enough information gathered...
2025-12-14 17:43:09.159 | DEBUG    | ems_prepared.policies.pydantic_graph.nodes:run:385 - Enough info result: False
2025-12-14 17:43:09.307 | DEBUG    | ems_prepared.policies.pydantic_graph.emergency_main_graph:run_graph:201 - [Node] EvaluateAgentOutput
2025-12-14 17:43:09.382 | INFO     | ems_prepared.policies.pydantic_graph.nodes:run:225 - Model returned new data
2025-12-14 17:43:09.529 | DEBUG    | ems_prepared.policies.pydantic_graph.emergency_main_graph:run_graph:201 - [Node] MergeState
2025-12-14 17:43:09.601 | DEBUG    | ems_prepared.policies.pydantic_graph.nodes:run:255 - Old State:	{'severe_pain': True, 'now_insufficient_air': False, 'caller_name': 'Christian', 'emergency_location': 'BMW Welt, Am Olympiapark 1, Munich (construction site)', 'emergency_type': <EmergencyType.MEDICAL: 'medical'>, 'situation_description': 'One worker fell from a ladder from a height of 1 m; now lying on the ground, reports pain in both right and left feet and is not able to move.', 'enough_information_gathered': False, 'rd1': True}
2025-12-14 17:43:09.602 | DEBUG    | ems_prepared.policies.pydantic_graph.nodes:run:258 - New State:	{'enough_information_gathered': False}
2025-12-14 17:43:09.602 | DEBUG    | ems_prepared.policies.pydantic_graph.nodes:run:262 - Merged State:	{'severe_pain': True, 'now_insufficient_air': False, 'caller_name': 'Christian', 'emergency_location': 'BMW Welt, Am Olympiapark 1, Munich (construction site)', 'emergency_type': <EmergencyType.MEDICAL: 'medical'>, 'situation_description': 'One worker fell from a ladder from a height of 1 m; now lying on the ground, reports pain in both right and left feet and is not able to move.', 'enough_information_gathered': False, 'rd1': True}
2025-12-14 17:43:09.754 | DEBUG    | ems_prepared.policies.pydantic_graph.emergency_main_graph:run_graph:201 - [Node] EvaluateState
2025-12-14 17:43:09.829 | DEBUG    | ems_prepared.policies.pydantic_graph.nodes:run:292 - Evaluate State:	{'severe_pain': True, 'now_insufficient_air': False, 'caller_name': 'Christian', 'emergency_location': 'BMW Welt, Am Olympiapark 1, Munich (construction site)', 'emergency_type': <EmergencyType.MEDICAL: 'medical'>, 'situation_description': 'One worker fell from a ladder from a height of 1 m; now lying on the ground, reports pain in both right and left feet and is not able to move.', 'enough_information_gathered': False, 'rd1': True}
2025-12-14 17:43:09.982 | DEBUG    | ems_prepared.policies.pydantic_graph.emergency_main_graph:run_graph:201 - [Node] RD1
2025-12-14 17:43:10.057 | INFO     | ems_prepared.policies.pydantic_graph.nodes:run:360 - Reached RD1
2025-12-14 17:43:10.058 | INFO     | ems_prepared.policies.pydantic_graph.nodes:run:375 - Forcing Agent to decide if enough information gathered...
2025-12-14 17:43:21.740 | DEBUG    | ems_prepared.policies.pydantic_graph.nodes:run:385 - Enough info result: True
2025-12-14 17:43:21.893 | DEBUG    | ems_prepared.policies.pydantic_graph.emergency_main_graph:run_graph:201 - [Node] EvaluateAgentOutput
2025-12-14 17:43:21.975 | INFO     | ems_prepared.policies.pydantic_graph.nodes:run:225 - Model returned new data
2025-12-14 17:43:22.136 | DEBUG    | ems_prepared.policies.pydantic_graph.emergency_main_graph:run_graph:201 - [Node] MergeState
2025-12-14 17:43:22.218 | DEBUG    | ems_prepared.policies.pydantic_graph.nodes:run:255 - Old State:	{'severe_pain': True, 'now_insufficient_air': False, 'caller_name': 'Christian', 'emergency_location': 'BMW Welt, Am Olympiapark 1, Munich (construction site)', 'emergency_type': <EmergencyType.MEDICAL: 'medical'>, 'situation_description': 'One worker fell from a ladder from a height of 1 m; now lying on the ground, reports pain in both right and left feet and is not able to move.', 'enough_information_gathered': False, 'rd1': True}
2025-12-14 17:43:22.218 | DEBUG    | ems_prepared.policies.pydantic_graph.nodes:run:258 - New State:	{'enough_information_gathered': True}
2025-12-14 17:43:22.219 | DEBUG    | ems_prepared.policies.pydantic_graph.nodes:run:262 - Merged State:	{'severe_pain': True, 'now_insufficient_air': False, 'caller_name': 'Christian', 'emergency_location': 'BMW Welt, Am Olympiapark 1, Munich (construction site)', 'emergency_type': <EmergencyType.MEDICAL: 'medical'>, 'situation_description': 'One worker fell from a ladder from a height of 1 m; now lying on the ground, reports pain in both right and left feet and is not able to move.', 'enough_information_gathered': True, 'rd1': True}
2025-12-14 17:43:22.381 | DEBUG    | ems_prepared.policies.pydantic_graph.emergency_main_graph:run_graph:201 - [Node] EvaluateState
2025-12-14 17:43:22.465 | DEBUG    | ems_prepared.policies.pydantic_graph.nodes:run:292 - Evaluate State:	{'severe_pain': True, 'now_insufficient_air': False, 'caller_name': 'Christian', 'emergency_location': 'BMW Welt, Am Olympiapark 1, Munich (construction site)', 'emergency_type': <EmergencyType.MEDICAL: 'medical'>, 'situation_description': 'One worker fell from a ladder from a height of 1 m; now lying on the ground, reports pain in both right and left feet and is not able to move.', 'enough_information_gathered': True, 'rd1': True}
2025-12-14 17:43:22.626 | DEBUG    | ems_prepared.policies.pydantic_graph.emergency_main_graph:run_graph:201 - [Node] RD1
2025-12-14 17:43:22.713 | INFO     | ems_prepared.policies.pydantic_graph.nodes:run:360 - Reached RD1
2025-12-14 17:43:22.713 | INFO     | ems_prepared.policies.pydantic_graph.nodes:run:371 - No more questions needed, accepting RD1
2025-12-14 17:43:22.879 | DEBUG    | ems_prepared.policies.pydantic_graph.emergency_main_graph:run_graph:201 - [Node] Disposition
2025-12-14 17:43:22.879 | DEBUG    | __main__:stream_policy_messages:112 - Streaming item: A Vehicle is on it's way to you. Please stand by.
2025-12-14 17:43:23.729 | INFO     | ems_prepared.policies.pydantic_graph.emergency_main_graph:resume_from_persistence:141 - Resuming from persisted graph state...
2025-12-14 17:43:23.730 | INFO     | ems_prepared.policies.pydantic_graph.emergency_main_graph:resume_from_persistence:142 - [Node] Disposition
2025-12-14 17:43:23.731 | DEBUG    | ems_prepared.policies.pydantic_graph.emergency_main_graph:resume_from_persistence:145 - Resumed State:	{'severe_pain': True, 'now_insufficient_air': False, 'caller_name': 'Christian', 'emergency_location': 'BMW Welt, Am Olympiapark 1, Munich (construction site)', 'emergency_type': <EmergencyType.MEDICAL: 'medical'>, 'situation_description': 'One worker fell from a ladder from a height of 1 m; now lying on the ground, reports pain in both right and left feet and is not able to move.', 'enough_information_gathered': True, 'rd1': True}
2025-12-14 17:43:23.986 | INFO     | ems_prepared.policies.pydantic_graph.nodes:run:466 - final state: {'severe_pain': True, 'now_insufficient_air': False, 'caller_name': 'Christian', 'emergency_location': 'BMW Welt, Am Olympiapark 1, Munich (construction site)', 'emergency_type': <EmergencyType.MEDICAL: 'medical'>, 'situation_description': 'One worker fell from a ladder from a height of 1 m; now lying on the ground, reports pain in both right and left feet and is not able to move.', 'enough_information_gathered': True, 'rd1': True}
2025-12-14 17:43:24.393 | DEBUG    | __main__:stream_policy_messages:112 - Streaming item: End(data=EmergencyCall(heavy_injury=None, vital_threat_injury=None, heavy_non_traumatic_bleeding=None, gastrointestinal_bleeding=None, gynecological_bleeding=None, epistaxis=None, intoxication=None, life_threatening_intoxication=None, imminent_childbirth=None, frequent_pregnancy_contraction=None, ongoing_delivery=None, finisehd_delivery=None, vaginal_bleeding=None, severe_pain=True, unbearable_pain=None, thunderclap_headache=None, colicky_pain=None, psychiatric_behaviour=None, acute_self_harm_risk=None, acute_violence_risk=None, suicidal_tendency=None, known_metabolic_disorder=None, diabetic=None, noticable_coldness=None, noticable_heat=None, metabolic_decompensation=None, hyperthermia=None, hypothermia=None, acute_paralysis=None, acute_speech_disorder=None, acute_speech_comprehension_disorder=None, acute_visual_disturbance=None, acute_severe_headache=None, acute_hemisensory_loss=None, acute_vertigo_with_falling_risk=None, seizure=None, neurological_deficits=None, prolonged_deadly_seizure=None, status_epilepticus=None, acute_chest_discomfort=None, acute_circulatory_problems=None, acute_chest_pain=None, cold_sweat=None, pallor=None, hypertensive_crisis=None, hypotensive_collapse=None, tachycardia=None, bradycardia=None, arrhythmia=None, pacemaker_malfunction=None, allergic_reaction=None, known_anaphylaxis=None, now_unresponsive=None, unconscious=None, rapidly_progressing_unconsciousness=None, now_insufficient_air=False, rapidly_progressive_respiratory_distress=None, severe_dyspnoea=None, cyanosis=None, stridor=None, abnormal_breathing_sounds=None, aspiration=None, abnormal_chest_movement=None, bradypnea=None, tachypnea=None, apnea=None, agonal_respiration=None, cardiac_arrest=None, suffocation=None, severe_accident=None, severe_injury=None, caller_name='Christian', emergency_location='BMW Welt, Am Olympiapark 1, Munich (construction site)', emergency_type=<EmergencyType.MEDICAL: 'medical'>, situation_description='One worker fell from a ladder from a height of 1 m; now lying on the ground, reports pain in both right and left feet and is not able to move.', enough_information_gathered=True, cpr_needed=None, time_critical=None, rd1=True, rd2=None))
2025-12-14 17:44:02.608 | INFO     | __main__:handle_survey_submit:693 - Survey saved for session d5b702c8-096e-46df-9c64-dde2de504a5f
