2025-12-22 18:43:14.758	INFO    	logger.py:setup_session_logger():150 - Log Path: logs/FLAIRS39/ffd73b55003b4028a3b636204d9b3344/1ba116e79c0448bcacd4a15079b593d6
2025-12-22 18:43:14.760	WARNING 	core.py:init_session():158 - Session initialized: 1ba116e7-9c04-48bc-acd4-a15079b593d6, ffd73b55-003b-4028-a3b6-36204d9b3344, graph
2025-12-22 18:43:17.879	INFO    	emergency_main_graph.py:resume_from_persistence():143 - Initializing new graph run...
2025-12-22 18:43:17.977	DEBUG   	emergency_main_graph.py:run_graph():191 - [Node] Greeting
2025-12-22 18:43:17.979	DEBUG   	app.py:stream_policy_messages():135 - Streaming message: Hello! You're speaking with the emergency call services.
2025-12-22 18:43:18.632	INFO    	emergency_main_graph.py:resume_from_persistence():131 - Resuming from persisted graph state...
2025-12-22 18:43:18.634	INFO    	emergency_main_graph.py:resume_from_persistence():132 - [Node] Greeting
2025-12-22 18:43:18.636	DEBUG   	emergency_main_graph.py:resume_from_persistence():135 - Resumed State:	{}
2025-12-22 18:43:18.671	INFO    	settings.py:async_print():96 - Hello! You're speaking with the emergency call services.
2025-12-22 18:43:18.696	DEBUG   	emergency_main_graph.py:run_graph():191 - [Node] ChooseQuestion
2025-12-22 18:43:18.741	DEBUG   	emergency_main_graph.py:run_graph():191 - [Node] AskCaller
2025-12-22 18:43:18.743	DEBUG   	emergency_main_graph.py:run_graph():194 - AskCaller(question='With whom am I speaking, please?')
2025-12-22 18:43:18.746	DEBUG   	app.py:stream_policy_messages():135 - Streaming message: With whom am I speaking, please?
2025-12-22 18:43:34.748	INFO    	app.py:stream_policy_messages():113 - User message: Hi my name is Simone
2025-12-22 18:43:34.768	INFO    	emergency_main_graph.py:resume_from_persistence():131 - Resuming from persisted graph state...
2025-12-22 18:43:34.769	INFO    	emergency_main_graph.py:resume_from_persistence():132 - [Node] AskCaller
2025-12-22 18:43:34.771	DEBUG   	emergency_main_graph.py:resume_from_persistence():135 - Resumed State:	{'emergency_type': <EmergencyType.INTRO: 'intro'>}
2025-12-22 18:43:36.644	DEBUG   	emergency_main_graph.py:run_graph():191 - [Node] EvaluateAgentOutput
2025-12-22 18:43:36.668	INFO    	nodes.py:run():221 - Model returned new data
2025-12-22 18:43:36.669	DEBUG   	nodes.py:run():222 - New extracted state: {'caller_name': 'Simone'}
2025-12-22 18:43:36.713	DEBUG   	emergency_main_graph.py:run_graph():191 - [Node] MergeState
2025-12-22 18:43:36.742	DEBUG   	nodes.py:run():254 - Old State:	{'emergency_type': <EmergencyType.INTRO: 'intro'>}
2025-12-22 18:43:36.743	DEBUG   	nodes.py:run():257 - New State:	{'caller_name': 'Simone'}
2025-12-22 18:43:36.745	DEBUG   	nodes.py:run():264 - Merged State:	{'caller_name': 'Simone', 'emergency_type': <EmergencyType.INTRO: 'intro'>}
2025-12-22 18:43:36.798	DEBUG   	emergency_main_graph.py:run_graph():191 - [Node] EvaluateState
2025-12-22 18:43:36.828	DEBUG   	nodes.py:run():286 - Evaluate State:	{'caller_name': 'Simone', 'emergency_type': <EmergencyType.INTRO: 'intro'>}
2025-12-22 18:43:36.886	DEBUG   	emergency_main_graph.py:run_graph():191 - [Node] ChooseQuestion
2025-12-22 18:43:36.981	DEBUG   	emergency_main_graph.py:run_graph():191 - [Node] AskCaller
2025-12-22 18:43:36.982	DEBUG   	emergency_main_graph.py:run_graph():194 - AskCaller(question='Where exactly is the emergency location?')
2025-12-22 18:43:36.984	DEBUG   	app.py:stream_policy_messages():135 - Streaming message: Where exactly is the emergency location?
2025-12-22 18:43:49.115	INFO    	app.py:stream_policy_messages():113 - User message: I don't now exactly
2025-12-22 18:43:49.179	INFO    	emergency_main_graph.py:resume_from_persistence():131 - Resuming from persisted graph state...
2025-12-22 18:43:49.181	INFO    	emergency_main_graph.py:resume_from_persistence():132 - [Node] AskCaller
2025-12-22 18:43:49.183	DEBUG   	emergency_main_graph.py:resume_from_persistence():135 - Resumed State:	{'caller_name': 'Simone', 'emergency_type': <EmergencyType.INTRO: 'intro'>}
2025-12-22 18:43:53.483	INFO    	state_fill_agent.py:state_fill_task():96 - Retrying with full message history, current result Okay, I understand you don't know the exact location. We are dispatching help based on the information you've provided so far.
2025-12-22 18:43:54.948	DEBUG   	emergency_main_graph.py:run_graph():191 - [Node] EvaluateAgentOutput
2025-12-22 18:43:54.992	INFO    	nodes.py:run():236 - No new Data extracted, asking clarifying question (probably)
2025-12-22 18:43:55.108	DEBUG   	emergency_main_graph.py:run_graph():191 - [Node] AskCaller
2025-12-22 18:43:55.110	DEBUG   	emergency_main_graph.py:run_graph():194 - AskCaller(question='Okay Simone. Can you tell me the nearest cross street or any landmarks you see?')
2025-12-22 18:43:55.112	DEBUG   	app.py:stream_policy_messages():135 - Streaming message: Okay Simone. Can you tell me the nearest cross street or any landmarks you see?
2025-12-22 18:44:13.542	INFO    	app.py:stream_policy_messages():113 - User message: It's somewhere in the forest
2025-12-22 18:44:13.616	INFO    	emergency_main_graph.py:resume_from_persistence():131 - Resuming from persisted graph state...
2025-12-22 18:44:13.618	INFO    	emergency_main_graph.py:resume_from_persistence():132 - [Node] AskCaller
2025-12-22 18:44:13.619	DEBUG   	emergency_main_graph.py:resume_from_persistence():135 - Resumed State:	{'caller_name': 'Simone', 'emergency_type': <EmergencyType.INTRO: 'intro'>}
2025-12-22 18:44:15.231	DEBUG   	emergency_main_graph.py:run_graph():191 - [Node] EvaluateAgentOutput
2025-12-22 18:44:15.293	INFO    	nodes.py:run():221 - Model returned new data
2025-12-22 18:44:15.294	DEBUG   	nodes.py:run():222 - New extracted state: {'emergency_location': 'somewhere in the forest'}
2025-12-22 18:44:15.403	DEBUG   	emergency_main_graph.py:run_graph():191 - [Node] MergeState
2025-12-22 18:44:15.463	DEBUG   	nodes.py:run():254 - Old State:	{'caller_name': 'Simone', 'emergency_type': <EmergencyType.INTRO: 'intro'>}
2025-12-22 18:44:15.465	DEBUG   	nodes.py:run():257 - New State:	{'emergency_location': 'somewhere in the forest'}
2025-12-22 18:44:15.466	DEBUG   	nodes.py:run():264 - Merged State:	{'caller_name': 'Simone', 'emergency_location': 'somewhere in the forest', 'emergency_type': <EmergencyType.INTRO: 'intro'>}
2025-12-22 18:44:15.585	DEBUG   	emergency_main_graph.py:run_graph():191 - [Node] EvaluateState
2025-12-22 18:44:15.647	DEBUG   	nodes.py:run():286 - Evaluate State:	{'caller_name': 'Simone', 'emergency_location': 'somewhere in the forest', 'emergency_type': <EmergencyType.INTRO: 'intro'>}
2025-12-22 18:44:15.771	DEBUG   	emergency_main_graph.py:run_graph():191 - [Node] ChooseQuestion
2025-12-22 18:44:15.964	DEBUG   	emergency_main_graph.py:run_graph():191 - [Node] AskCaller
2025-12-22 18:44:15.965	DEBUG   	emergency_main_graph.py:run_graph():194 - AskCaller(question='What has just happened acutely?')
2025-12-22 18:44:15.967	DEBUG   	app.py:stream_policy_messages():135 - Streaming message: What has just happened acutely?
2025-12-22 18:45:01.310	INFO    	app.py:stream_policy_messages():113 - User message: My roommate has called me. She has follen of her horse. 
2025-12-22 18:45:01.409	INFO    	emergency_main_graph.py:resume_from_persistence():131 - Resuming from persisted graph state...
2025-12-22 18:45:01.411	INFO    	emergency_main_graph.py:resume_from_persistence():132 - [Node] AskCaller
2025-12-22 18:45:01.413	DEBUG   	emergency_main_graph.py:resume_from_persistence():135 - Resumed State:	{'caller_name': 'Simone', 'emergency_location': 'somewhere in the forest', 'emergency_type': <EmergencyType.INTRO: 'intro'>}
2025-12-22 18:45:07.043	DEBUG   	emergency_main_graph.py:run_graph():191 - [Node] EvaluateAgentOutput
2025-12-22 18:45:07.119	INFO    	nodes.py:run():221 - Model returned new data
2025-12-22 18:45:07.121	DEBUG   	nodes.py:run():222 - New extracted state: {'severe_accident': True, 'severe_injury': True, 'situation_description': 'Fallen off her horse.', 'time_critical': True, 'rd1': True}
2025-12-22 18:45:07.283	DEBUG   	emergency_main_graph.py:run_graph():191 - [Node] MergeState
2025-12-22 18:45:07.365	DEBUG   	nodes.py:run():254 - Old State:	{'caller_name': 'Simone', 'emergency_location': 'somewhere in the forest', 'emergency_type': <EmergencyType.INTRO: 'intro'>}
2025-12-22 18:45:07.367	DEBUG   	nodes.py:run():257 - New State:	{'severe_accident': True, 'severe_injury': True, 'situation_description': 'Fallen off her horse.', 'time_critical': True, 'rd1': True}
2025-12-22 18:45:07.369	DEBUG   	nodes.py:run():264 - Merged State:	{'severe_accident': True, 'severe_injury': True, 'caller_name': 'Simone', 'emergency_location': 'somewhere in the forest', 'emergency_type': <EmergencyType.INTRO: 'intro'>, 'situation_description': 'Fallen off her horse.', 'time_critical': True, 'rd1': True}
2025-12-22 18:45:07.532	DEBUG   	emergency_main_graph.py:run_graph():191 - [Node] EvaluateState
2025-12-22 18:45:07.616	DEBUG   	nodes.py:run():286 - Evaluate State:	{'severe_accident': True, 'severe_injury': True, 'caller_name': 'Simone', 'emergency_location': 'somewhere in the forest', 'emergency_type': <EmergencyType.INTRO: 'intro'>, 'situation_description': 'Fallen off her horse.', 'time_critical': True, 'rd1': True}
2025-12-22 18:45:07.783	DEBUG   	emergency_main_graph.py:run_graph():191 - [Node] RD1
2025-12-22 18:45:07.869	INFO    	nodes.py:run():355 - Reached RD1
2025-12-22 18:45:07.870	INFO    	nodes.py:run():360 - Asking static question for RD2
2025-12-22 18:45:08.046	DEBUG   	emergency_main_graph.py:run_graph():191 - [Node] AskCaller
2025-12-22 18:45:08.048	DEBUG   	emergency_main_graph.py:run_graph():194 - AskCaller(question='Can you describe the situation with more detail?')
2025-12-22 18:45:08.050	DEBUG   	app.py:stream_policy_messages():135 - Streaming message: Can you describe the situation with more detail?
2025-12-22 18:45:45.433	INFO    	app.py:stream_policy_messages():113 - User message: She cannot walk and she doesn't know exactly where she is
2025-12-22 18:45:45.562	INFO    	emergency_main_graph.py:resume_from_persistence():131 - Resuming from persisted graph state...
2025-12-22 18:45:45.564	INFO    	emergency_main_graph.py:resume_from_persistence():132 - [Node] AskCaller
2025-12-22 18:45:45.565	DEBUG   	emergency_main_graph.py:resume_from_persistence():135 - Resumed State:	{'severe_accident': True, 'severe_injury': True, 'caller_name': 'Simone', 'emergency_location': 'somewhere in the forest', 'emergency_type': <EmergencyType.INTRO: 'intro'>, 'situation_description': 'Fallen off her horse.', 'time_critical': True, 'rd1': True}
2025-12-22 18:45:51.982	DEBUG   	emergency_main_graph.py:run_graph():191 - [Node] EvaluateAgentOutput
2025-12-22 18:45:52.082	INFO    	nodes.py:run():221 - Model returned new data
2025-12-22 18:45:52.083	DEBUG   	nodes.py:run():222 - New extracted state: {'neurological_deficits': True, 'situation_description': "She is confused, cannot walk and doesn't know exactly where she is.", 'rd1': True, 'rd2': True}
2025-12-22 18:45:52.283	DEBUG   	emergency_main_graph.py:run_graph():191 - [Node] MergeState
2025-12-22 18:45:52.387	DEBUG   	nodes.py:run():254 - Old State:	{'severe_accident': True, 'severe_injury': True, 'caller_name': 'Simone', 'emergency_location': 'somewhere in the forest', 'emergency_type': <EmergencyType.INTRO: 'intro'>, 'situation_description': 'Fallen off her horse.', 'time_critical': True, 'rd1': True}
2025-12-22 18:45:52.389	DEBUG   	nodes.py:run():257 - New State:	{'neurological_deficits': True, 'situation_description': "She is confused, cannot walk and doesn't know exactly where she is.", 'rd1': True, 'rd2': True}
2025-12-22 18:45:52.391	DEBUG   	nodes.py:run():264 - Merged State:	{'neurological_deficits': True, 'severe_accident': True, 'severe_injury': True, 'caller_name': 'Simone', 'emergency_location': 'somewhere in the forest', 'emergency_type': <EmergencyType.INTRO: 'intro'>, 'situation_description': "She is confused, cannot walk and doesn't know exactly where she is.", 'time_critical': True, 'rd1': True, 'rd2': True}
2025-12-22 18:45:52.599	DEBUG   	emergency_main_graph.py:run_graph():191 - [Node] EvaluateState
2025-12-22 18:45:52.707	DEBUG   	nodes.py:run():286 - Evaluate State:	{'neurological_deficits': True, 'severe_accident': True, 'severe_injury': True, 'caller_name': 'Simone', 'emergency_location': 'somewhere in the forest', 'emergency_type': <EmergencyType.INTRO: 'intro'>, 'situation_description': "She is confused, cannot walk and doesn't know exactly where she is.", 'time_critical': True, 'rd1': True, 'rd2': True}
2025-12-22 18:45:52.922	DEBUG   	emergency_main_graph.py:run_graph():191 - [Node] RD2
2025-12-22 18:45:53.254	DEBUG   	emergency_main_graph.py:run_graph():191 - [Node] Disposition
2025-12-22 18:45:53.256	DEBUG   	app.py:stream_policy_messages():135 - Streaming message: A Vehicle is on it's way to you. Please stand by.
2025-12-22 18:45:53.919	INFO    	emergency_main_graph.py:resume_from_persistence():131 - Resuming from persisted graph state...
2025-12-22 18:45:53.920	INFO    	emergency_main_graph.py:resume_from_persistence():132 - [Node] Disposition
2025-12-22 18:45:53.922	DEBUG   	emergency_main_graph.py:resume_from_persistence():135 - Resumed State:	{'neurological_deficits': True, 'severe_accident': True, 'severe_injury': True, 'caller_name': 'Simone', 'emergency_location': 'somewhere in the forest', 'emergency_type': <EmergencyType.INTRO: 'intro'>, 'situation_description': "She is confused, cannot walk and doesn't know exactly where she is.", 'time_critical': True, 'rd1': True, 'rd2': True}
2025-12-22 18:45:54.262	INFO    	nodes.py:run():478 - final state: {'neurological_deficits': True, 'severe_accident': True, 'severe_injury': True, 'caller_name': 'Simone', 'emergency_location': 'somewhere in the forest', 'emergency_type': <EmergencyType.INTRO: 'intro'>, 'situation_description': "She is confused, cannot walk and doesn't know exactly where she is.", 'time_critical': True, 'rd1': True, 'rd2': True}
2025-12-22 18:45:54.264	INFO    	settings.py:async_print():96 - A Vehicle is on it's way to you. Please stand by.
2025-12-22 18:45:54.492	INFO    	settings.py:async_print():96 - The emergency call has been processed.
2025-12-22 18:47:33.307	INFO    	app.py:handle_survey_submit():734 - Survey saved for session 1ba116e7-9c04-48bc-acd4-a15079b593d6
